Component: ARM Compiler 5.06 update 3 (build 300) Tool: armlink [4d35c9]

==============================================================================

Section Cross References

    main.o(i.MMA7660_set_mode) refers to nrf_drv_twi.o(i.nrf_drv_twi_tx) for nrf_drv_twi_tx
    main.o(i.MMA7660_set_mode) refers to app_error.o(i.app_error_handler_bare) for app_error_handler_bare
    main.o(i.MMA7660_set_mode) refers to main.o(.constdata) for .constdata
    main.o(i.MMA7660_set_mode) refers to main.o(.data) for .data
    main.o(i.get_QUAT) refers to nrf_drv_twi.o(i.nrf_drv_twi_rx) for nrf_drv_twi_rx
    main.o(i.get_QUAT) refers to nrf_delay.o(i.nrf_delay_ms) for nrf_delay_ms
    main.o(i.get_QUAT) refers to fflti.o(.text) for __aeabi_ui2f
    main.o(i.get_QUAT) refers to ffixi.o(.text) for __aeabi_f2iz
    main.o(i.get_QUAT) refers to main.o(i.qToFloat_) for qToFloat_
    main.o(i.get_QUAT) refers to fscalbn.o(.text) for __ARM_scalbnf
    main.o(i.get_QUAT) refers to fmul.o(x$fpl$fmul) for __aeabi_fmul
    main.o(i.get_QUAT) refers to main.o(.data) for .data
    main.o(i.get_QUAT) refers to main.o(.bss) for .bss
    main.o(i.get_QUAT) refers to main.o(.constdata) for .constdata
    main.o(i.initializeIMU) refers to nrf_drv_twi.o(i.nrf_drv_twi_tx) for nrf_drv_twi_tx
    main.o(i.initializeIMU) refers to nrf_delay.o(i.nrf_delay_ms) for nrf_delay_ms
    main.o(i.initializeIMU) refers to segger_rtt_printf.o(i.SEGGER_RTT_printf) for SEGGER_RTT_printf
    main.o(i.initializeIMU) refers to main.o(i.setFeature) for setFeature
    main.o(i.initializeIMU) refers to main.o(.constdata) for .constdata
    main.o(i.initializeIMU) refers to main.o(.data) for .data
    main.o(i.main) refers to _printf_pad.o(.text) for _printf_pre_padding
    main.o(i.main) refers to _printf_percent.o(.ARM.Collect$$_printf_percent$$00000000) for _printf_percent
    main.o(i.main) refers to _printf_f.o(.ARM.Collect$$_printf_percent$$00000003) for _printf_f
    main.o(i.main) refers to printf1.o(x$fpl$printf1) for _printf_fp_dec
    main.o(i.main) refers to segger_rtt_printf.o(i.SEGGER_RTT_printf) for SEGGER_RTT_printf
    main.o(i.main) refers to main.o(i.twi_init) for twi_init
    main.o(i.main) refers to main.o(i.initializeIMU) for initializeIMU
    main.o(i.main) refers to main.o(i.get_QUAT) for get_QUAT
    main.o(i.main) refers to f2d.o(.text) for __aeabi_f2d
    main.o(i.main) refers to noretval__2sprintf.o(.text) for __2sprintf
    main.o(i.main) refers to nrf_delay.o(i.nrf_delay_ms) for nrf_delay_ms
    main.o(i.main) refers to main.o(.data) for .data
    main.o(i.qToFloat_) refers to fflti.o(.text) for __aeabi_i2f
    main.o(i.qToFloat_) refers to dflti.o(.text) for __aeabi_i2d
    main.o(i.qToFloat_) refers to pow.o(i.pow) for pow
    main.o(i.qToFloat_) refers to f2d.o(.text) for __aeabi_f2d
    main.o(i.qToFloat_) refers to dmul.o(.text) for __aeabi_dmul
    main.o(i.qToFloat_) refers to d2f.o(.text) for __aeabi_d2f
    main.o(i.read_data) refers to _printf_pad.o(.text) for _printf_pre_padding
    main.o(i.read_data) refers to _printf_percent.o(.ARM.Collect$$_printf_percent$$00000000) for _printf_percent
    main.o(i.read_data) refers to _printf_d.o(.ARM.Collect$$_printf_percent$$00000009) for _printf_d
    main.o(i.read_data) refers to _printf_s.o(.ARM.Collect$$_printf_percent$$00000014) for _printf_s
    main.o(i.read_data) refers to _printf_dec.o(.text) for _printf_int_dec
    main.o(i.read_data) refers to _printf_str.o(.text) for _printf_str
    main.o(i.read_data) refers to main.o(i.int_to_uint) for int_to_uint
    main.o(i.read_data) refers to aeabi_sdiv.o(.text) for __aeabi_idivmod
    main.o(i.read_data) refers to noretval__2printf.o(.text) for __2printf
    main.o(i.read_data) refers to main.o(.data) for .data
    main.o(i.read_data) refers to main.o(.bss) for .bss
    main.o(i.requestProductID) refers to segger_rtt_printf.o(i.SEGGER_RTT_printf) for SEGGER_RTT_printf
    main.o(i.requestProductID) refers to main.o(i.sendPacket_IMU) for sendPacket_IMU
    main.o(i.requestProductID) refers to main.o(.data) for .data
    main.o(i.requestProductID) refers to main.o(.bss) for .bss
    main.o(i.resetIMU) refers to segger_rtt_printf.o(i.SEGGER_RTT_printf) for SEGGER_RTT_printf
    main.o(i.resetIMU) refers to main.o(i.sendPacket_IMU) for sendPacket_IMU
    main.o(i.resetIMU) refers to main.o(.data) for .data
    main.o(i.resetIMU) refers to main.o(.bss) for .bss
    main.o(i.sendDataPacket) refers to nrf_drv_twi.o(i.nrf_drv_twi_tx) for nrf_drv_twi_tx
    main.o(i.sendDataPacket) refers to nrf_delay.o(i.nrf_delay_ms) for nrf_delay_ms
    main.o(i.sendDataPacket) refers to main.o(.bss) for .bss
    main.o(i.sendDataPacket) refers to main.o(.data) for .data
    main.o(i.sendDataPacket) refers to main.o(.constdata) for .constdata
    main.o(i.sendPacket_IMU) refers to nrf_drv_twi.o(i.nrf_drv_twi_tx) for nrf_drv_twi_tx
    main.o(i.sendPacket_IMU) refers to nrf_delay.o(i.nrf_delay_ms) for nrf_delay_ms
[...]
    ../clib/angel/sys.s                      0x00000000   Number         0  use_no_semi_2.o ABSOLUTE
    ../clib/angel/sys.s                      0x00000000   Number         0  libspace.o ABSOLUTE
    ../clib/angel/sys.s                      0x00000000   Number         0  tempstk.o ABSOLUTE
    ../clib/armsys.c                         0x00000000   Number         0  argv_veneer.o ABSOLUTE
    ../clib/armsys.c                         0x00000000   Number         0  no_argv.o ABSOLUTE
    ../clib/armsys.c                         0x00000000   Number         0  _get_argv_nomalloc.o ABSOLUTE
    ../clib/armsys.c                         0x00000000   Number         0  _get_argv.o ABSOLUTE
    ../clib/bigflt.c                         0x00000000   Number         0  bigflt0.o ABSOLUTE
    ../clib/btod.c                           0x00000000   Number         0  btod.o ABSOLUTE
    ../clib/division.c                       0x00000000   Number         0  rtudiv10.o ABSOLUTE
    ../clib/division.c                       0x00000000   Number         0  lludiv10.o ABSOLUTE
    ../clib/division.s                       0x00000000   Number         0  aeabi_sdiv.o ABSOLUTE
    ../clib/division.s                       0x00000000   Number         0  aeabi_sdiv_div0.o ABSOLUTE
    ../clib/fenv.c                           0x00000000   Number         0  _rserrno.o ABSOLUTE
    ../clib/heap1.c                          0x00000000   Number         0  h1_alloc.o ABSOLUTE
    ../clib/heap1.c                          0x00000000   Number         0  h1_alloc_mt.o ABSOLUTE
    ../clib/heap1.c                          0x00000000   Number         0  h1_free_mt.o ABSOLUTE
    ../clib/heap1.c                          0x00000000   Number         0  h1_final.o ABSOLUTE
    ../clib/heap1.c                          0x00000000   Number         0  h1_free.o ABSOLUTE
    ../clib/heap1.c                          0x00000000   Number         0  h1_final_mt.o ABSOLUTE
    ../clib/heap1.c                          0x00000000   Number         0  h1_init.o ABSOLUTE
    ../clib/heap1.c                          0x00000000   Number         0  h1_extend.o ABSOLUTE
    ../clib/heap1.c                          0x00000000   Number         0  h1_extend_mt.o ABSOLUTE
    ../clib/heap1.c                          0x00000000   Number         0  h1_init_mt.o ABSOLUTE
    ../clib/heap2.c                          0x00000000   Number         0  heap2mt.o ABSOLUTE
    ../clib/heap2.c                          0x00000000   Number         0  heap2.o ABSOLUTE
    ../clib/heap2.c                          0x00000000   Number         0  fdtree.o ABSOLUTE
    ../clib/heapalloc.c                      0x00000000   Number         0  term_alloc.o ABSOLUTE
    ../clib/heapalloc.c                      0x00000000   Number         0  hrguard.o ABSOLUTE
    ../clib/heapalloc.c                      0x00000000   Number         0  maybetermalloc2.o ABSOLUTE
    ../clib/heapalloc.c                      0x00000000   Number         0  maybetermalloc2.o ABSOLUTE
    ../clib/heapalloc.c                      0x00000000   Number         0  maybetermalloc1.o ABSOLUTE
    ../clib/heapalloc.c                      0x00000000   Number         0  free.o ABSOLUTE
    ../clib/heapalloc.c                      0x00000000   Number         0  malloc.o ABSOLUTE
    ../clib/heapalloc.c                      0x00000000   Number         0  heapstubs.o ABSOLUTE
    ../clib/heapalloc.c                      0x00000000   Number         0  init_alloc.o ABSOLUTE
    ../clib/heapalloc.c                      0x00000000   Number         0  hguard.o ABSOLUTE
    ../clib/heapalloc.c                      0x00000000   Number         0  maybetermalloc1.o ABSOLUTE
    ../clib/heapaux.c                        0x00000000   Number         0  heapauxa.o ABSOLUTE
    ../clib/heapaux.c                        0x00000000   Number         0  heapauxi.o ABSOLUTE
    ../clib/libinit.s                        0x00000000   Number         0  libshutdown.o ABSOLUTE
    ../clib/libinit.s                        0x00000000   Number         0  libshutdown2.o ABSOLUTE
    ../clib/libinit.s                        0x00000000   Number         0  libinit.o ABSOLUTE
    ../clib/libinit.s                        0x00000000   Number         0  libinit2.o ABSOLUTE
    ../clib/locale.s                         0x00000000   Number         0  lc_numeric_c.o ABSOLUTE
    ../clib/memcpset.c                       0x00000000   Number         0  rt_memclr.o ABSOLUTE
    ../clib/memcpset.c                       0x00000000   Number         0  rt_memcpy.o ABSOLUTE
    ../clib/memcpset.c                       0x00000000   Number         0  rt_memcpy.o ABSOLUTE
    ../clib/misc.s                           0x00000000   Number         0  printf_stubs.o ABSOLUTE
    ../clib/printf.c                         0x00000000   Number         0  __printf_flags.o ABSOLUTE
    ../clib/printf.c                         0x00000000   Number         0  __printf_ss.o ABSOLUTE
    ../clib/printf.c                         0x00000000   Number         0  _printf_char_common.o ABSOLUTE
    ../clib/printf.c                         0x00000000   Number         0  _printf_fp_infnan.o ABSOLUTE
    ../clib/printf.c                         0x00000000   Number         0  _printf_fp_dec.o ABSOLUTE
    ../clib/printf.c                         0x00000000   Number         0  __2printf.o ABSOLUTE
    ../clib/printf.c                         0x00000000   Number         0  _sputc.o ABSOLUTE
    ../clib/printf.c                         0x00000000   Number         0  __printf_wp.o ABSOLUTE
    ../clib/printf.c                         0x00000000   Number         0  __2sprintf.o ABSOLUTE
    ../clib/printf.c                         0x00000000   Number         0  __printf_flags_ss.o ABSOLUTE
    ../clib/printf.c                         0x00000000   Number         0  noretval__2printf.o ABSOLUTE
    ../clib/printf.c                         0x00000000   Number         0  __printf_nopercent.o ABSOLUTE
    ../clib/printf.c                         0x00000000   Number         0  _printf_char.o ABSOLUTE
    ../clib/printf.c                         0x00000000   Number         0  _printf_char_file.o ABSOLUTE
    ../clib/printf.c                         0x00000000   Number         0  __printf_flags_ss_wp.o ABSOLUTE
    ../clib/printf.c                         0x00000000   Number         0  noretval__2sprintf.o ABSOLUTE
    ../clib/printf.c                         0x00000000   Number         0  _printf_intcommon.o ABSOLUTE
    ../clib/printf.c                         0x00000000   Number         0  __printf.o ABSOLUTE
    ../clib/printf.c                         0x00000000   Number         0  _printf_pad.o ABSOLUTE
    ../clib/printf.c                         0x00000000   Number         0  __printf_flags_wp.o ABSOLUTE
    ../clib/printf.c                         0x00000000   Number         0  _printf_str.o ABSOLUTE
    ../clib/printf.c                         0x00000000   Number         0  __printf_ss_wp.o ABSOLUTE
    ../clib/printf.c                         0x00000000   Number         0  _printf_dec.o ABSOLUTE
    ../clib/printf_percent.s                 0x00000000   Number         0  _printf_percent.o ABSOLUTE
    ../clib/printf_percent.s                 0x00000000   Number         0  _printf_f.o ABSOLUTE
    ../clib/printf_percent.s                 0x00000000   Number         0  _printf_percent_end.o ABSOLUTE
    ../clib/printf_percent.s                 0x00000000   Number         0  _printf_d.o ABSOLUTE
    ../clib/printf_percent.s                 0x00000000   Number         0  _printf_s.o ABSOLUTE
    ../clib/signal.c                         0x00000000   Number         0  defsig_rtmem_formal.o ABSOLUTE
    ../clib/signal.c                         0x00000000   Number         0  defsig_rtred_formal.o ABSOLUTE
    ../clib/signal.c                         0x00000000   Number         0  defsig_rtred_outer.o ABSOLUTE
    ../clib/signal.c                         0x00000000   Number         0  defsig_segv_inner.o ABSOLUTE
    ../clib/signal.c                         0x00000000   Number         0  defsig_other.o ABSOLUTE
    ../clib/signal.c                         0x00000000   Number         0  defsig_cppl_inner.o ABSOLUTE
    ../clib/signal.c                         0x00000000   Number         0  defsig_pvfn_inner.o ABSOLUTE
    ../clib/signal.c                         0x00000000   Number         0  defsig_stak_inner.o ABSOLUTE
    ../clib/signal.c                         0x00000000   Number         0  defsig_abrt_inner.o ABSOLUTE
    ../clib/signal.c                         0x00000000   Number         0  defsig_rtmem_inner.o ABSOLUTE
    ../clib/signal.c                         0x00000000   Number         0  defsig_rtmem_outer.o ABSOLUTE
    ../clib/signal.c                         0x00000000   Number         0  defsig_fpe_inner.o ABSOLUTE
    ../clib/signal.c                         0x00000000   Number         0  defsig_general.o ABSOLUTE
    ../clib/signal.c                         0x00000000   Number         0  defsig_exit.o ABSOLUTE
    ../clib/signal.c                         0x00000000   Number         0  __raise.o ABSOLUTE
    ../clib/signal.c                         0x00000000   Number         0  defsig_rtred_inner.o ABSOLUTE
    ../clib/signal.c                         0x00000000   Number         0  defsig_fpe_formal.o ABSOLUTE
    ../clib/signal.c                         0x00000000   Number         0  defsig_fpe_outer.o ABSOLUTE
    ../clib/signal.s                         0x00000000   Number         0  defsig.o ABSOLUTE
    ../clib/stdio.c                          0x00000000   Number         0  fopen.o ABSOLUTE
    ../clib/stdio.c                          0x00000000   Number         0  setvbuf.o ABSOLUTE
    ../clib/stdio.c                          0x00000000   Number         0  ftell.o ABSOLUTE
    ../clib/stdio.c                          0x00000000   Number         0  ferror.o ABSOLUTE
    ../clib/stdio.c                          0x00000000   Number         0  fopen_locked.o ABSOLUTE
    ../clib/stdio.c                          0x00000000   Number         0  fflush_locked.o ABSOLUTE
    ../clib/stdio.c                          0x00000000   Number         0  stdio_streams.o ABSOLUTE
    ../clib/stdio.c                          0x00000000   Number         0  fflush.o ABSOLUTE
    ../clib/stdio.c                          0x00000000   Number         0  initio.o ABSOLUTE
    ../clib/stdio.c                          0x00000000   Number         0  fseek.o ABSOLUTE
    ../clib/stdio.c                          0x00000000   Number         0  stdio.o ABSOLUTE
    ../clib/stdio.c                          0x00000000   Number         0  streamlock.o ABSOLUTE
    ../clib/stdio.c                          0x00000000   Number         0  initio_locked.o ABSOLUTE
    ../clib/stdio.c                          0x00000000   Number         0  fclose.o ABSOLUTE
    ../clib/stdio.c                          0x00000000   Number         0  ferror_locked.o ABSOLUTE
    ../clib/stdio.c                          0x00000000   Number         0  setvbuf_locked.o ABSOLUTE
    ../clib/stdlib.c                         0x00000000   Number         0  exit.o ABSOLUTE
    ../clib/string.c                         0x00000000   Number         0  strcmp.o ABSOLUTE
    ../fplib/cfplib/cmpret.c                 0x00000000   Number         0  cmpret.o ABSOLUTE
    ../fplib/cfplib/d2f.c                    0x00000000   Number         0  d2f.o ABSOLUTE
    ../fplib/cfplib/daddsub.c                0x00000000   Number         0  daddsub.o ABSOLUTE
    ../fplib/cfplib/dcmpin.c                 0x00000000   Number         0  dcmpin.o ABSOLUTE
    ../fplib/cfplib/ddiv.c                   0x00000000   Number         0  ddiv.o ABSOLUTE
    ../fplib/cfplib/dmul.c                   0x00000000   Number         0  dmul.o ABSOLUTE
    ../fplib/cfplib/dsqrt.c                  0x00000000   Number         0  dsqrt.o ABSOLUTE
    ../fplib/cfplib/f2d.c                    0x00000000   Number         0  f2d.o ABSOLUTE
    ../fplib/cfplib/ffix.c                   0x00000000   Number         0  ffixi.o ABSOLUTE
    ../fplib/cfplib/fflt.c                   0x00000000   Number         0  fflti.o ABSOLUTE
    ../fplib/cfplib/fflt.c                   0x00000000   Number         0  dflti.o ABSOLUTE
    ../fplib/cfplib/fpinit.c                 0x00000000   Number         0  fpinit.o ABSOLUTE
    ../fplib/cfplib/ieee_status.c            0x00000000   Number         0  ieee_status.o ABSOLUTE
    ../fplib/cfplib/nan2.c                   0x00000000   Number         0  dnan2.o ABSOLUTE
    ../fplib/cfplib/retnan.c                 0x00000000   Number         0  retnan.o ABSOLUTE
    ../fplib/cfplib/scalbn.c                 0x00000000   Number         0  fscalbn.o ABSOLUTE
    ../fplib/cfplib/scalbn.c                 0x00000000   Number         0  dscalbn.o ABSOLUTE
    ../fplib/dleqf6m.s                       0x00000000   Number         0  dlef.o ABSOLUTE
    ../fplib/drleqf6m.s                      0x00000000   Number         0  drlef.o ABSOLUTE
    ../fplib/fmul6m.s                        0x00000000   Number         0  fmul.o ABSOLUTE
    ../fplib/printf1.s                       0x00000000   Number         0  printf1.o ABSOLUTE
    ../fplib/usenofp.s                       0x00000000   Number         0  usenofp.o ABSOLUTE
    ../mathlib/dunder.c                      0x00000000   Number         0  dunder.o ABSOLUTE
    ../mathlib/fpclassify.c                  0x00000000   Number         0  fpclassify.o ABSOLUTE
    ../mathlib/poly.c                        0x00000000   Number         0  poly.o ABSOLUTE
    ../mathlib/pow.c                         0x00000000   Number         0  pow_x.o ABSOLUTE
    ../mathlib/pow.c                         0x00000000   Number         0  pow.o ABSOLUTE
    ../mathlib/qnan.c                        0x00000000   Number         0  qnan.o ABSOLUTE
    ../mathlib/sqrt.c                        0x00000000   Number         0  sqrt_x.o ABSOLUTE
    ../mathlib/sqrt.c                        0x00000000   Number         0  sqrt.o ABSOLUTE
    ..\..\..\..\..\components\drivers_nrf\common\nrf_drv_common.c 0x00000000   Number         0  nrf_drv_common.o ABSOLUTE
    ..\..\..\..\..\components\drivers_nrf\delay\nrf_delay.c 0x00000000   Number         0  nrf_delay.o ABSOLUTE
    ..\..\..\..\..\components\drivers_nrf\twi_master\nrf_drv_twi.c 0x00000000   Number         0  nrf_drv_twi.o ABSOLUTE
    ..\..\..\..\..\components\drivers_nrf\uart\nrf_drv_uart.c 0x00000000   Number         0  nrf_drv_uart.o ABSOLUTE
    ..\..\..\..\..\components\libraries\fifo\app_fifo.c 0x00000000   Number         0  app_fifo.o ABSOLUTE
    ..\..\..\..\..\components\libraries\uart\app_uart_fifo.c 0x00000000   Number         0  app_uart_fifo.o ABSOLUTE
    ..\..\..\..\..\components\libraries\uart\retarget.c 0x00000000   Number         0  retarget.o ABSOLUTE
    ..\..\..\..\..\components\libraries\util\app_error.c 0x00000000   Number         0  app_error.o ABSOLUTE
    ..\..\..\..\..\components\libraries\util\app_error_weak.c 0x00000000   Number         0  app_error_weak.o ABSOLUTE
    ..\..\..\..\..\components\libraries\util\app_util_platform.c 0x00000000   Number         0  app_util_platform.o ABSOLUTE
    ..\..\..\..\..\components\libraries\util\nrf_assert.c 0x00000000   Number         0  nrf_assert.o ABSOLUTE
    ..\..\main.c                             0x00000000   Number         0  main.o ABSOLUTE
    ..\\..\\..\\..\\..\\components\\drivers_nrf\\common\\nrf_drv_common.c 0x00000000   Number         0  nrf_drv_common.o ABSOLUTE
    ..\\..\\..\\..\\..\\components\\drivers_nrf\\delay\\nrf_delay.c 0x00000000   Number         0  nrf_delay.o ABSOLUTE
    ..\\..\\..\\..\\..\\components\\drivers_nrf\\twi_master\\nrf_drv_twi.c 0x00000000   Number         0  nrf_drv_twi.o ABSOLUTE
    ..\\..\\..\\..\\..\\components\\drivers_nrf\\uart\\nrf_drv_uart.c 0x00000000   Number         0  nrf_drv_uart.o ABSOLUTE
    ..\\..\\..\\..\\..\\components\\libraries\\fifo\\app_fifo.c 0x00000000   Number         0  app_fifo.o ABSOLUTE
    ..\\..\\..\\..\\..\\components\\libraries\\uart\\app_uart_fifo.c 0x00000000   Number         0  app_uart_fifo.o ABSOLUTE
    ..\\..\\..\\..\\..\\components\\libraries\\uart\\retarget.c 0x00000000   Number         0  retarget.o ABSOLUTE
    ..\\..\\..\\..\\..\\components\\libraries\\util\\app_error.c 0x00000000   Number         0  app_error.o ABSOLUTE
    ..\\..\\..\\..\\..\\components\\libraries\\util\\app_error_weak.c 0x00000000   Number         0  app_error_weak.o ABSOLUTE
    ..\\..\\..\\..\\..\\components\\libraries\\util\\app_util_platform.c 0x00000000   Number         0  app_util_platform.o ABSOLUTE
    ..\\..\\..\\..\\..\\components\\libraries\\util\\nrf_assert.c 0x00000000   Number         0  nrf_assert.o ABSOLUTE
    ..\\..\\main.c                           0x00000000   Number         0  main.o ABSOLUTE
    C:\Keil_v5\ARM\PACK\NordicSemiconductor\RTT\SEGGER_RTT.c 0x00000000   Number         0  segger_rtt.o ABSOLUTE
    C:\Keil_v5\ARM\PACK\NordicSemiconductor\RTT\SEGGER_RTT_printf.c 0x00000000   Number         0  segger_rtt_printf.o ABSOLUTE
    C:\Keil_v5\ARM\PACK\NordicSemiconductor\Syscalls\RTT_Syscalls_KEIL.c 0x00000000   Number         0  rtt_syscalls_keil.o ABSOLUTE
    RTE\Device\nRF51822_xxAA\arm_startup_nrf51.s 0x00000000   Number         0  arm_startup_nrf51.o ABSOLUTE
    RTE\Device\nRF51822_xxAA\system_nrf51.c  0x00000000   Number         0  system_nrf51.o ABSOLUTE
    RTE\\Device\\nRF51822_xxAA\\system_nrf51.c 0x00000000   Number         0  system_nrf51.o ABSOLUTE
    dc.s                                     0x00000000   Number         0  dc.o ABSOLUTE
    RESET                                    0x0001b000   Section      192  arm_startup_nrf51.o(RESET)
    !!!main                                  0x0001b0c0   Section        8  __main.o(!!!main)
    !!!scatter                               0x0001b0c8   Section       60  __scatter.o(!!!scatter)
    !!handler_copy                           0x0001b104   Section       26  __scatter_copy.o(!!handler_copy)
    !!handler_zi                             0x0001b120   Section       28  __scatter_zi.o(!!handler_zi)
    .ARM.Collect$$_printf_percent$$00000000  0x0001b13c   Section        2  _printf_percent.o(.ARM.Collect$$_printf_percent$$00000000)
    .ARM.Collect$$_printf_percent$$00000003  0x0001b13e   Section       10  _printf_f.o(.ARM.Collect$$_printf_percent$$00000003)
    .ARM.Collect$$_printf_percent$$00000017  0x0001b148   Section        4  _printf_percent_end.o(.ARM.Collect$$_printf_percent$$00000017)
    .ARM.Collect$$libinit$$00000000          0x0001b14c   Section        2  libinit.o(.ARM.Collect$$libinit$$00000000)
    .ARM.Collect$$libinit$$00000002          0x0001b14e   Section        0  libinit2.o(.ARM.Collect$$libinit$$00000002)
    .ARM.Collect$$libinit$$00000004          0x0001b14e   Section        0  libinit2.o(.ARM.Collect$$libinit$$00000004)
    .ARM.Collect$$libinit$$0000000A          0x0001b14e   Section        0  libinit2.o(.ARM.Collect$$libinit$$0000000A)
    .ARM.Collect$$libinit$$0000000C          0x0001b14e   Section        0  libinit2.o(.ARM.Collect$$libinit$$0000000C)
    .ARM.Collect$$libinit$$0000000E          0x0001b14e   Section        0  libinit2.o(.ARM.Collect$$libinit$$0000000E)
    .ARM.Collect$$libinit$$0000000F          0x0001b14e   Section        6  libinit2.o(.ARM.Collect$$libinit$$0000000F)
    .ARM.Collect$$libinit$$00000011          0x0001b154   Section        0  libinit2.o(.ARM.Collect$$libinit$$00000011)
    .ARM.Collect$$libinit$$00000013          0x0001b154   Section        0  libinit2.o(.ARM.Collect$$libinit$$00000013)
    .ARM.Collect$$libinit$$00000015          0x0001b154   Section        0  libinit2.o(.ARM.Collect$$libinit$$00000015)
    .ARM.Collect$$libinit$$00000016          0x0001b154   Section       10  libinit2.o(.ARM.Collect$$libinit$$00000016)
    .ARM.Collect$$libinit$$00000017          0x0001b15e   Section        0  libinit2.o(.ARM.Collect$$libinit$$00000017)
    .ARM.Collect$$libinit$$00000019          0x0001b15e   Section        0  libinit2.o(.ARM.Collect$$libinit$$00000019)
    .ARM.Collect$$libinit$$0000001B          0x0001b15e   Section        0  libinit2.o(.ARM.Collect$$libinit$$0000001B)
    .ARM.Collect$$libinit$$0000001D          0x0001b15e   Section        0  libinit2.o(.ARM.Collect$$libinit$$0000001D)
    .ARM.Collect$$libinit$$0000001F          0x0001b15e   Section        0  libinit2.o(.ARM.Collect$$libinit$$0000001F)
    .ARM.Collect$$libinit$$00000021          0x0001b15e   Section        0  libinit2.o(.ARM.Collect$$libinit$$00000021)
    .ARM.Collect$$libinit$$00000023          0x0001b15e   Section        0  libinit2.o(.ARM.Collect$$libinit$$00000023)
    .ARM.Collect$$libinit$$00000025          0x0001b15e   Section        0  libinit2.o(.ARM.Collect$$libinit$$00000025)
    .ARM.Collect$$libinit$$0000002C          0x0001b15e   Section        0  libinit2.o(.ARM.Collect$$libinit$$0000002C)
    .ARM.Collect$$libinit$$0000002E          0x0001b15e   Section        0  libinit2.o(.ARM.Collect$$libinit$$0000002E)
    .ARM.Collect$$libinit$$00000030          0x0001b15e   Section        0  libinit2.o(.ARM.Collect$$libinit$$00000030)
    .ARM.Collect$$libinit$$00000032          0x0001b15e   Section        0  libinit2.o(.ARM.Collect$$libinit$$00000032)
    .ARM.Collect$$libinit$$00000033          0x0001b15e   Section        2  libinit2.o(.ARM.Collect$$libinit$$00000033)
    .ARM.Collect$$libshutdown$$00000000      0x0001b160   Section        2  libshutdown.o(.ARM.Collect$$libshutdown$$00000000)
    .ARM.Collect$$libshutdown$$00000002      0x0001b162   Section        0  libshutdown2.o(.ARM.Collect$$libshutdown$$00000002)
    .ARM.Collect$$libshutdown$$00000004      0x0001b162   Section        0  libshutdown2.o(.ARM.Collect$$libshutdown$$00000004)
    .ARM.Collect$$libshutdown$$00000007      0x0001b162   Section        0  libshutdown2.o(.ARM.Collect$$libshutdown$$00000007)
    .ARM.Collect$$libshutdown$$0000000A      0x0001b162   Section        0  libshutdown2.o(.ARM.Collect$$libshutdown$$0000000A)
    .ARM.Collect$$libshutdown$$0000000C      0x0001b162   Section        0  libshutdown2.o(.ARM.Collect$$libshutdown$$0000000C)
    .ARM.Collect$$libshutdown$$0000000F      0x0001b162   Section        0  libshutdown2.o(.ARM.Collect$$libshutdown$$0000000F)
    .ARM.Collect$$libshutdown$$00000010      0x0001b162   Section        2  libshutdown2.o(.ARM.Collect$$libshutdown$$00000010)
    .ARM.Collect$$rtentry$$00000000          0x0001b164   Section        0  __rtentry.o(.ARM.Collect$$rtentry$$00000000)
    .ARM.Collect$$rtentry$$00000002          0x0001b164   Section        0  __rtentry2.o(.ARM.Collect$$rtentry$$00000002)
    .ARM.Collect$$rtentry$$00000004          0x0001b164   Section        6  __rtentry4.o(.ARM.Collect$$rtentry$$00000004)
    .ARM.Collect$$rtentry$$00000009          0x0001b16a   Section        0  __rtentry2.o(.ARM.Collect$$rtentry$$00000009)
    .ARM.Collect$$rtentry$$0000000A          0x0001b16a   Section        4  __rtentry2.o(.ARM.Collect$$rtentry$$0000000A)
    .ARM.Collect$$rtentry$$0000000C          0x0001b16e   Section        0  __rtentry2.o(.ARM.Collect$$rtentry$$0000000C)
    .ARM.Collect$$rtentry$$0000000D          0x0001b16e   Section        8  __rtentry2.o(.ARM.Collect$$rtentry$$0000000D)
    .ARM.Collect$$rtexit$$00000000           0x0001b176   Section        2  rtexit.o(.ARM.Collect$$rtexit$$00000000)
    .ARM.Collect$$rtexit$$00000002           0x0001b178   Section        0  rtexit2.o(.ARM.Collect$$rtexit$$00000002)
    .ARM.Collect$$rtexit$$00000003           0x0001b178   Section        4  rtexit2.o(.ARM.Collect$$rtexit$$00000003)
    .ARM.Collect$$rtexit$$00000004           0x0001b17c   Section        6  rtexit2.o(.ARM.Collect$$rtexit$$00000004)
    .emb_text                                0x0001b184   Section       30  nrf_delay.o(.emb_text)
    .emb_text                                0x0001b1a4   Section       30  nrf_drv_twi.o(.emb_text)
    .emb_text                                0x0001b1c4   Section       56  rt_memcpy.o(.emb_text)
    .text                                    0x0001b1fc   Section       84  arm_startup_nrf51.o(.text)
    .text                                    0x0001b250   Section        2  use_no_semi_2.o(.text)
    .text                                    0x0001b254   Section        0  noretval__2sprintf.o(.text)
    .text                                    0x0001b27c   Section        0  _printf_pad.o(.text)
    .text                                    0x0001b2ca   Section        0  __printf_wp.o(.text)
    .text                                    0x0001b3d8   Section        0  rt_memcpy.o(.text)
    .text                                    0x0001b45c   Section        0  strcmp.o(.text)
    .text                                    0x0001b4e4   Section      346  aeabi_sdiv.o(.text)
    .text                                    0x0001b63e   Section        0  heapauxi.o(.text)
    .text                                    0x0001b644   Section        0  d2f.o(.text)
    .text                                    0x0001b6c0   Section        0  dflti.o(.text)
    .text                                    0x0001b718   Section        0  dmul.o(.text)
    .text                                    0x0001b960   Section        0  f2d.o(.text)
    .text                                    0x0001b9b4   Section        0  ffixi.o(.text)
    .text                                    0x0001ba00   Section        0  fflti.o(.text)
    .text                                    0x0001ba60   Section        0  fscalbn.o(.text)
    .text                                    0x0001baa4   Section        2  use_no_semi.o(.text)
    .text                                    0x0001baa6   Section        0  _rserrno.o(.text)
    .text                                    0x0001babc   Section        0  _printf_fp_dec.o(.text)
    _fp_digits                               0x0001babf   Thumb Code   408  _printf_fp_dec.o(.text)
    .text                                    0x0001bed0   Section        0  _printf_char_common.o(.text)
    _printf_input_char                       0x0001bed1   Thumb Code    10  _printf_char_common.o(.text)
    .text                                    0x0001bf00   Section        0  _sputc.o(.text)
    .text                                    0x0001bf0a   Section        0  rtudiv10.o(.text)
    .text                                    0x0001bf34   Section        0  daddsub.o(.text)
    _dadd1                                   0x0001bf35   Thumb Code   290  daddsub.o(.text)
    _dsub1                                   0x0001c057   Thumb Code   470  daddsub.o(.text)
    .text                                    0x0001c28c   Section        0  ddiv.o(.text)
    .text                                    0x0001c6d4   Section        0  dscalbn.o(.text)
    .text                                    0x0001c734   Section        8  rt_locale_intlibspace.o(.text)
    .text                                    0x0001c73c   Section        8  rt_errno_addr_intlibspace.o(.text)
    .text                                    0x0001c744   Section        0  lludiv10.o(.text)
    .text                                    0x0001c7c0   Section        0  _printf_fp_infnan.o(.text)
    .text                                    0x0001c848   Section        0  bigflt0.o(.text)
    .text                                    0x0001c910   Section        0  btod.o(.text)
    btod_internal_mul                        0x0001c951   Thumb Code   456  btod.o(.text)
    btod_internal_div                        0x0001cb19   Thumb Code   494  btod.o(.text)
    .text                                    0x0001cdb8   Section        0  dcmpin.o(.text)
    .text                                    0x0001ce48   Section        0  dsqrt.o(.text)
    .text                                    0x0001cf48   Section        8  libspace.o(.text)
    .text                                    0x0001cf50   Section       62  sys_stackheap_outer.o(.text)
    .text                                    0x0001cf8e   Section        0  exit.o(.text)
    .text                                    0x0001cf9e   Section        0  cmpret.o(.text)
    .text                                    0x0001cfcc   Section        0  dnan2.o(.text)
    .text                                    0x0001cfe0   Section        0  retnan.o(.text)
    i.SEGGER_RTT_Write                       0x0001d040   Section        0  segger_rtt.o(i.SEGGER_RTT_Write)
    i.SEGGER_RTT_printf                      0x0001d0d0   Section        0  segger_rtt_printf.o(i.SEGGER_RTT_printf)
    i.SEGGER_RTT_vprintf                     0x0001d0e8   Section        0  segger_rtt_printf.o(i.SEGGER_RTT_vprintf)
    i.SPI0_TWI0_IRQHandler                   0x0001d278   Section        0  nrf_drv_twi.o(i.SPI0_TWI0_IRQHandler)
    i.SystemInit                             0x0001d28c   Section        0  system_nrf51.o(i.SystemInit)
    i.UART0_IRQHandler                       0x0001d32c   Section        0  nrf_drv_uart.o(i.UART0_IRQHandler)
    i._PrintInt                              0x0001d334   Section        0  segger_rtt_printf.o(i._PrintInt)
    _PrintInt                                0x0001d335   Thumb Code   196  segger_rtt_printf.o(i._PrintInt)
    i._PrintUnsigned                         0x0001d3f8   Section        0  segger_rtt_printf.o(i._PrintUnsigned)
    _PrintUnsigned                           0x0001d3f9   Thumb Code   224  segger_rtt_printf.o(i._PrintUnsigned)
    i._StoreChar                             0x0001d4dc   Section        0  segger_rtt_printf.o(i._StoreChar)
    _StoreChar                               0x0001d4dd   Thumb Code    62  segger_rtt_printf.o(i._StoreChar)
    i.__ARM_common_ll_muluu                  0x0001d51a   Section        0  btod.o(i.__ARM_common_ll_muluu)
    i.__ARM_fpclassify                       0x0001d54c   Section        0  fpclassify.o(i.__ARM_fpclassify)
    i.__kernel_poly                          0x0001d578   Section        0  poly.o(i.__kernel_poly)
    i.__mathlib_dbl_divzero                  0x0001d624   Section        0  dunder.o(i.__mathlib_dbl_divzero)
    i.__mathlib_dbl_infnan2                  0x0001d638   Section        0  dunder.o(i.__mathlib_dbl_infnan2)
    i.__mathlib_dbl_invalid                  0x0001d640   Section        0  dunder.o(i.__mathlib_dbl_invalid)
    i.__mathlib_dbl_overflow                 0x0001d650   Section        0  dunder.o(i.__mathlib_dbl_overflow)
    i.__mathlib_dbl_underflow                0x0001d664   Section        0  dunder.o(i.__mathlib_dbl_underflow)
    i._is_digit                              0x0001d678   Section        0  __printf_wp.o(i._is_digit)
    i._sys_exit                              0x0001d686   Section        0  rtt_syscalls_keil.o(i._sys_exit)
    i.app_error_fault_handler                0x0001d688   Section        0  app_error_weak.o(i.app_error_fault_handler)
    i.app_error_handler_bare                 0x0001d6a4   Section        0  app_error.o(i.app_error_handler_bare)
    i.get_QUAT                               0x0001d6bc   Section        0  main.o(i.get_QUAT)
    get_QUAT                                 0x0001d6bd   Thumb Code   214  main.o(i.get_QUAT)
    i.initializeIMU                          0x0001d7a4   Section        0  main.o(i.initializeIMU)
    i.irq_handler_twi                        0x0001d81c   Section        0  nrf_drv_twi.o(i.irq_handler_twi)
    irq_handler_twi                          0x0001d81d   Thumb Code   172  nrf_drv_twi.o(i.irq_handler_twi)
    i.is_manual_peripheral_setup_needed      0x0001d8c8   Section        0  system_nrf51.o(i.is_manual_peripheral_setup_needed)
    is_manual_peripheral_setup_needed        0x0001d8c9   Thumb Code    66  system_nrf51.o(i.is_manual_peripheral_setup_needed)
    i.main                                   0x0001d910   Section        0  main.o(i.main)
    i.nrf_delay_ms                           0x0001d9e8   Section        0  nrf_delay.o(i.nrf_delay_ms)
    i.nrf_drv_common_irq_enable              0x0001da04   Section        0  nrf_drv_common.o(i.nrf_drv_common_irq_enable)
    i.nrf_drv_twi_enable                     0x0001da64   Section        0  nrf_drv_twi.o(i.nrf_drv_twi_enable)
    i.nrf_drv_twi_init                       0x0001da84   Section        0  nrf_drv_twi.o(i.nrf_drv_twi_init)
    i.nrf_drv_twi_rx                         0x0001db14   Section        0  nrf_drv_twi.o(i.nrf_drv_twi_rx)
    i.nrf_drv_twi_tx                         0x0001db38   Section        0  nrf_drv_twi.o(i.nrf_drv_twi_tx)
    i.nrf_drv_twi_xfer                       0x0001db5c   Section        0  nrf_drv_twi.o(i.nrf_drv_twi_xfer)
    i.nrf_gpio_pin_set                       0x0001db84   Section        0  nrf_drv_twi.o(i.nrf_gpio_pin_set)
    nrf_gpio_pin_set                         0x0001db85   Thumb Code    10  nrf_drv_twi.o(i.nrf_gpio_pin_set)
    i.nrf_twi_event_check                    0x0001db94   Section        0  nrf_drv_twi.o(i.nrf_twi_event_check)
    nrf_twi_event_check                      0x0001db95   Thumb Code    10  nrf_drv_twi.o(i.nrf_twi_event_check)
    i.nrf_uart_event_check                   0x0001db9e   Section        0  nrf_drv_uart.o(i.nrf_uart_event_check)
    nrf_uart_event_check                     0x0001db9f   Thumb Code    10  nrf_drv_uart.o(i.nrf_uart_event_check)
    i.nrf_uart_int_enable_check              0x0001dba8   Section        0  nrf_drv_uart.o(i.nrf_uart_int_enable_check)
    nrf_uart_int_enable_check                0x0001dba9   Thumb Code    16  nrf_drv_uart.o(i.nrf_uart_int_enable_check)
    i.pow                                    0x0001dbb8   Section        0  pow.o(i.pow)
    i.qToFloat_                              0x0001e5b4   Section        0  main.o(i.qToFloat_)
    i.rx_byte                                0x0001e5ec   Section        0  nrf_drv_uart.o(i.rx_byte)
    rx_byte                                  0x0001e5ed   Thumb Code    42  nrf_drv_uart.o(i.rx_byte)
    i.rx_done_event                          0x0001e624   Section        0  nrf_drv_uart.o(i.rx_done_event)
    rx_done_event                            0x0001e625   Thumb Code    22  nrf_drv_uart.o(i.rx_done_event)
    i.sendDataPacket                         0x0001e640   Section        0  main.o(i.sendDataPacket)
    i.setFeature                             0x0001e684   Section        0  main.o(i.setFeature)
    i.sqrt                                   0x0001e6d0   Section        0  sqrt.o(i.sqrt)
    i.twi_clear_bus                          0x0001e718   Section        0  nrf_drv_twi.o(i.twi_clear_bus)
    twi_clear_bus                            0x0001e719   Thumb Code   138  nrf_drv_twi.o(i.twi_clear_bus)
    i.twi_handler                            0x0001e7b0   Section        0  main.o(i.twi_handler)
    i.twi_init                               0x0001e7f8   Section        0  main.o(i.twi_init)
    i.twi_rx_start_transfer                  0x0001e82c   Section        0  nrf_drv_twi.o(i.twi_rx_start_transfer)
    twi_rx_start_transfer                    0x0001e82d   Thumb Code   134  nrf_drv_twi.o(i.twi_rx_start_transfer)
    i.twi_send_byte                          0x0001e8b8   Section        0  nrf_drv_twi.o(i.twi_send_byte)
    twi_send_byte                            0x0001e8b9   Thumb Code    46  nrf_drv_twi.o(i.twi_send_byte)
    i.twi_transfer                           0x0001e8e6   Section        0  nrf_drv_twi.o(i.twi_transfer)
    twi_transfer                             0x0001e8e7   Thumb Code   262  nrf_drv_twi.o(i.twi_transfer)
    i.twi_tx_start_transfer                  0x0001e9ec   Section        0  nrf_drv_twi.o(i.twi_tx_start_transfer)
    twi_tx_start_transfer                    0x0001e9ed   Thumb Code   136  nrf_drv_twi.o(i.twi_tx_start_transfer)
    i.twi_xfer                               0x0001ea78   Section        0  nrf_drv_twi.o(i.twi_xfer)
    twi_xfer                                 0x0001ea79   Thumb Code   140  nrf_drv_twi.o(i.twi_xfer)
    i.tx_byte                                0x0001eb04   Section        0  nrf_drv_uart.o(i.tx_byte)
    tx_byte                                  0x0001eb05   Thumb Code    30  nrf_drv_uart.o(i.tx_byte)
    i.tx_done_event                          0x0001eb30   Section        0  nrf_drv_uart.o(i.tx_done_event)
    tx_done_event                            0x0001eb31   Thumb Code    26  nrf_drv_uart.o(i.tx_done_event)
    i.uart_irq_handler                       0x0001eb50   Section        0  nrf_drv_uart.o(i.uart_irq_handler)
    uart_irq_handler                         0x0001eb51   Thumb Code   278  nrf_drv_uart.o(i.uart_irq_handler)
    locale$$code                             0x0001ec78   Section       44  lc_numeric_c.o(locale$$code)
    x$fpl$drleqf                             0x0001eca4   Section      104  drlef.o(x$fpl$drleqf)
    x$fpl$fmul                               0x0001ed0c   Section      176  fmul.o(x$fpl$fmul)
    x$fpl$printf1                            0x0001edbc   Section       16  printf1.o(x$fpl$printf1)
    .constdata                               0x0001edcc   Section       24  main.o(.constdata)
    x$fpl$usenofp                            0x0001edcc   Section        0  usenofp.o(x$fpl$usenofp)
    m_twi_bno                                0x0001edcc   Data           8  main.o(.constdata)
    .constdata                               0x0001ede4   Section       28  nrf_drv_twi.o(.constdata)
    m_default_config                         0x0001ede4   Data          16  nrf_drv_twi.o(.constdata)
    .constdata                               0x0001ee00   Section       16  segger_rtt_printf.o(.constdata)
    _aV2C                                    0x0001ee00   Data          16  segger_rtt_printf.o(.constdata)
    .constdata                               0x0001ee10   Section      136  pow.o(.constdata)
    bp                                       0x0001ee10   Data          16  pow.o(.constdata)
    dp_h                                     0x0001ee20   Data          16  pow.o(.constdata)
    dp_l                                     0x0001ee30   Data          16  pow.o(.constdata)
    L                                        0x0001ee40   Data          48  pow.o(.constdata)
    P                                        0x0001ee70   Data          40  pow.o(.constdata)
    .constdata                               0x0001ee98   Section      128  ddiv.o(.constdata)
    ddiv_reciptbl                            0x0001ee98   Data         128  ddiv.o(.constdata)
    .constdata                               0x0001ef18   Section        8  qnan.o(.constdata)
    .constdata                               0x0001ef20   Section      148  bigflt0.o(.constdata)
    tenpwrs_x                                0x0001ef20   Data          60  bigflt0.o(.constdata)
    tenpwrs_i                                0x0001ef5c   Data          64  bigflt0.o(.constdata)
    .conststring                             0x0001efb4   Section        9  segger_rtt.o(.conststring)
    locale$$data                             0x0001efe0   Section       28  lc_numeric_c.o(locale$$data)
    __lcnum_c_name                           0x0001efe4   Data           2  lc_numeric_c.o(locale$$data)
    __lcnum_c_start                          0x0001efec   Data           0  lc_numeric_c.o(locale$$data)
    __lcnum_c_point                          0x0001eff8   Data           0  lc_numeric_c.o(locale$$data)
    __lcnum_c_thousands                      0x0001effa   Data           0  lc_numeric_c.o(locale$$data)
    __lcnum_c_grouping                       0x0001effb   Data           0  lc_numeric_c.o(locale$$data)
    __lcnum_c_end                            0x0001effc   Data           0  lc_numeric_c.o(locale$$data)
    .data                                    0x20001870   Section       40  main.o(.data)
    m_set_mode_done                          0x20001870   Data           1  main.o(.data)
    initialized                              0x20001871   Data           1  main.o(.data)
    readSuccess                              0x20001872   Data           1  main.o(.data)
    reset                                    0x20001873   Data           1  main.o(.data)
    requestID                                0x20001874   Data           1  main.o(.data)
    sample_idx                               0x20001875   Data           1  main.o(.data)
    prev_tilt                                0x20001876   Data           1  main.o(.data)
    stat_                                    0x20001877   Data           1  main.o(.data)
    quatI                                    0x20001878   Data           4  main.o(.data)
    quatJ                                    0x2000187c   Data           4  main.o(.data)
    quatK                                    0x20001880   Data           4  main.o(.data)
    quatReal                                 0x20001884   Data           4  main.o(.data)
    h_est                                    0x20001888   Data           4  main.o(.data)
    m_sum                                    0x20001892   Data           6  main.o(.data)
    .data                                    0x20001898   Section      124  segger_rtt.o(.data)
    _ActiveTerminal                          0x20001898   Data           1  segger_rtt.o(.data)
    _SEGGER_RTT                              0x2000189c   Data         120  segger_rtt.o(.data)
    .data                                    0x20001914   Section        4  system_nrf51.o(.data)
    __tagsym$$used                           0x20001914   Number         0  system_nrf51.o(.data)
    .bss                                     0x20001918   Section      231  main.o(.bss)
    m_sample_buffer                          0x20001918   Data          80  main.o(.bss)
    cargo                                    0x20001968   Data          23  main.o(.bss)
    .bss                                     0x20001a00   Section       40  nrf_drv_twi.o(.bss)
    m_cb                                     0x20001a00   Data          40  nrf_drv_twi.o(.bss)
    .bss                                     0x20001a28   Section       28  nrf_drv_uart.o(.bss)
    m_cb                                     0x20001a28   Data          28  nrf_drv_uart.o(.bss)
    .bss                                     0x20001a44   Section     1024  segger_rtt.o(.bss)
    _acUpBuffer                              0x20001a44   Data        1024  segger_rtt.o(.bss)
    .bss                                     0x20001e44   Section       16  segger_rtt.o(.bss)
    _acDownBuffer                            0x20001e44   Data          16  segger_rtt.o(.bss)
    .bss                                     0x20001e54   Section       96  libspace.o(.bss)
    HEAP                                     0x20001eb8   Section     2048  arm_startup_nrf51.o(HEAP)
    Heap_Mem                                 0x20001eb8   Data        2048  arm_startup_nrf51.o(HEAP)
    STACK                                    0x200026b8   Section     2048  arm_startup_nrf51.o(STACK)
    Stack_Mem                                0x200026b8   Data        2048  arm_startup_nrf51.o(STACK)
    __initial_sp                             0x20002eb8   Data           0  arm_startup_nrf51.o(STACK)

    Global Symbols

    Symbol Name                              Value     Ov Type        Size  Object(Section)

    BuildAttributes$$THM_ISAv3M$S$PE$A:L22$X:L11$S22$IEEE1$IW$USESV6$~STKCKD$USESV7$~SHL$OTIME$ROPI$IEEEX$EBA8$UX$STANDARDLIB$REQ8$PRES8$EABIv2 0x00000000   Number         0  anon$$obj.o ABSOLUTE
    __ARM_use_no_argv                        0x00000000   Number         0  main.o ABSOLUTE
    _printf_flags                            0x00000000   Number         0  printf_stubs.o ABSOLUTE
    _printf_return_value                     0x00000000   Number         0  printf_stubs.o ABSOLUTE
    _printf_sizespec                         0x00000000   Number         0  printf_stubs.o ABSOLUTE
    _printf_widthprec                        0x00000000   Number         0  printf_stubs.o ABSOLUTE
    __ARM_exceptions_init                     - Undefined Weak Reference
    __alloca_initialize                       - Undefined Weak Reference
    __arm_preinit_                            - Undefined Weak Reference
    __cpp_initialize__aeabi_                  - Undefined Weak Reference
    __cxa_finalize                            - Undefined Weak Reference
    __sigvec_lookup                           - Undefined Weak Reference
    __user_heap_extent                        - Undefined Weak Reference
    _atexit_init                              - Undefined Weak Reference
    _call_atexit_fns                          - Undefined Weak Reference
    _clock_init                               - Undefined Weak Reference
    _fp_trap_init                             - Undefined Weak Reference
    _fp_trap_shutdown                         - Undefined Weak Reference
    _get_lc_collate                           - Undefined Weak Reference
    _get_lc_ctype                             - Undefined Weak Reference
    _get_lc_monetary                          - Undefined Weak Reference
    _get_lc_time                              - Undefined Weak Reference
    _getenv_init                              - Undefined Weak Reference
    _handle_redirection                       - Undefined Weak Reference
    _mutex_acquire                            - Undefined Weak Reference
    _mutex_free                               - Undefined Weak Reference
    _mutex_release                            - Undefined Weak Reference
    _printf_mbtowc                            - Undefined Weak Reference
    _printf_truncate_signed                   - Undefined Weak Reference
    _printf_truncate_unsigned                 - Undefined Weak Reference
    _rand_init                                - Undefined Weak Reference
    _signal_finish                            - Undefined Weak Reference
    _signal_init                              - Undefined Weak Reference
    __Vectors_Size                           0x000000c0   Number         0  arm_startup_nrf51.o ABSOLUTE
    __Vectors                                0x0001b000   Data           4  arm_startup_nrf51.o(RESET)
    __Vectors_End                            0x0001b0c0   Data           0  arm_startup_nrf51.o(RESET)
    __main                                   0x0001b0c1   Thumb Code     8  __main.o(!!!main)
    __scatterload                            0x0001b0c9   Thumb Code     0  __scatter.o(!!!scatter)
    __scatterload_rt2                        0x0001b0c9   Thumb Code    52  __scatter.o(!!!scatter)
    __scatterload_rt2_thumb_only             0x0001b0c9   Thumb Code     0  __scatter.o(!!!scatter)
    __scatterload_null                       0x0001b0d9   Thumb Code     0  __scatter.o(!!!scatter)
    __scatterload_copy                       0x0001b105   Thumb Code    26  __scatter_copy.o(!!handler_copy)
    __scatterload_zeroinit                   0x0001b121   Thumb Code    28  __scatter_zi.o(!!handler_zi)
    _printf_percent                          0x0001b13d   Thumb Code     0  _printf_percent.o(.ARM.Collect$$_printf_percent$$00000000)
    _printf_f                                0x0001b13f   Thumb Code     0  _printf_f.o(.ARM.Collect$$_printf_percent$$00000003)
    _printf_percent_end                      0x0001b149   Thumb Code     0  _printf_percent_end.o(.ARM.Collect$$_printf_percent$$00000017)
    __rt_lib_init                            0x0001b14d   Thumb Code     0  libinit.o(.ARM.Collect$$libinit$$00000000)
    __rt_lib_init_fp_1                       0x0001b14f   Thumb Code     0  libinit2.o(.ARM.Collect$$libinit$$00000002)
    __rt_lib_init_heap_1                     0x0001b14f   Thumb Code     0  libinit2.o(.ARM.Collect$$libinit$$0000000A)
    __rt_lib_init_lc_common                  0x0001b14f   Thumb Code     0  libinit2.o(.ARM.Collect$$libinit$$0000000F)
    __rt_lib_init_preinit_1                  0x0001b14f   Thumb Code     0  libinit2.o(.ARM.Collect$$libinit$$00000004)
    __rt_lib_init_rand_1                     0x0001b14f   Thumb Code     0  libinit2.o(.ARM.Collect$$libinit$$0000000E)
    __rt_lib_init_user_alloc_1               0x0001b14f   Thumb Code     0  libinit2.o(.ARM.Collect$$libinit$$0000000C)
    __rt_lib_init_lc_collate_1               0x0001b155   Thumb Code     0  libinit2.o(.ARM.Collect$$libinit$$00000011)
    __rt_lib_init_lc_ctype_1                 0x0001b155   Thumb Code     0  libinit2.o(.ARM.Collect$$libinit$$00000013)
    __rt_lib_init_lc_monetary_1              0x0001b155   Thumb Code     0  libinit2.o(.ARM.Collect$$libinit$$00000015)
    __rt_lib_init_lc_numeric_2               0x0001b155   Thumb Code     0  libinit2.o(.ARM.Collect$$libinit$$00000016)
    __rt_lib_init_alloca_1                   0x0001b15f   Thumb Code     0  libinit2.o(.ARM.Collect$$libinit$$0000002E)
    __rt_lib_init_argv_1                     0x0001b15f   Thumb Code     0  libinit2.o(.ARM.Collect$$libinit$$0000002C)
    __rt_lib_init_atexit_1                   0x0001b15f   Thumb Code     0  libinit2.o(.ARM.Collect$$libinit$$0000001B)
    __rt_lib_init_clock_1                    0x0001b15f   Thumb Code     0  libinit2.o(.ARM.Collect$$libinit$$00000021)
    __rt_lib_init_cpp_1                      0x0001b15f   Thumb Code     0  libinit2.o(.ARM.Collect$$libinit$$00000032)
    __rt_lib_init_exceptions_1               0x0001b15f   Thumb Code     0  libinit2.o(.ARM.Collect$$libinit$$00000030)
    __rt_lib_init_fp_trap_1                  0x0001b15f   Thumb Code     0  libinit2.o(.ARM.Collect$$libinit$$0000001F)
    __rt_lib_init_getenv_1                   0x0001b15f   Thumb Code     0  libinit2.o(.ARM.Collect$$libinit$$00000023)
    __rt_lib_init_lc_numeric_1               0x0001b15f   Thumb Code     0  libinit2.o(.ARM.Collect$$libinit$$00000017)
    __rt_lib_init_lc_time_1                  0x0001b15f   Thumb Code     0  libinit2.o(.ARM.Collect$$libinit$$00000019)
    __rt_lib_init_return                     0x0001b15f   Thumb Code     0  libinit2.o(.ARM.Collect$$libinit$$00000033)
    __rt_lib_init_signal_1                   0x0001b15f   Thumb Code     0  libinit2.o(.ARM.Collect$$libinit$$0000001D)
    __rt_lib_init_stdio_1                    0x0001b15f   Thumb Code     0  libinit2.o(.ARM.Collect$$libinit$$00000025)
    __rt_lib_shutdown                        0x0001b161   Thumb Code     0  libshutdown.o(.ARM.Collect$$libshutdown$$00000000)
    __rt_lib_shutdown_cpp_1                  0x0001b163   Thumb Code     0  libshutdown2.o(.ARM.Collect$$libshutdown$$00000002)
    __rt_lib_shutdown_fp_trap_1              0x0001b163   Thumb Code     0  libshutdown2.o(.ARM.Collect$$libshutdown$$00000007)
    __rt_lib_shutdown_heap_1                 0x0001b163   Thumb Code     0  libshutdown2.o(.ARM.Collect$$libshutdown$$0000000F)
    __rt_lib_shutdown_return                 0x0001b163   Thumb Code     0  libshutdown2.o(.ARM.Collect$$libshutdown$$00000010)
    __rt_lib_shutdown_signal_1               0x0001b163   Thumb Code     0  libshutdown2.o(.ARM.Collect$$libshutdown$$0000000A)
    __rt_lib_shutdown_stdio_1                0x0001b163   Thumb Code     0  libshutdown2.o(.ARM.Collect$$libshutdown$$00000004)
    __rt_lib_shutdown_user_alloc_1           0x0001b163   Thumb Code     0  libshutdown2.o(.ARM.Collect$$libshutdown$$0000000C)
    __rt_entry                               0x0001b165   Thumb Code     0  __rtentry.o(.ARM.Collect$$rtentry$$00000000)
    __rt_entry_presh_1                       0x0001b165   Thumb Code     0  __rtentry2.o(.ARM.Collect$$rtentry$$00000002)
    __rt_entry_sh                            0x0001b165   Thumb Code     0  __rtentry4.o(.ARM.Collect$$rtentry$$00000004)
    __rt_entry_li                            0x0001b16b   Thumb Code     0  __rtentry2.o(.ARM.Collect$$rtentry$$0000000A)
    __rt_entry_postsh_1                      0x0001b16b   Thumb Code     0  __rtentry2.o(.ARM.Collect$$rtentry$$00000009)
    __rt_entry_main                          0x0001b16f   Thumb Code     0  __rtentry2.o(.ARM.Collect$$rtentry$$0000000D)
    __rt_entry_postli_1                      0x0001b16f   Thumb Code     0  __rtentry2.o(.ARM.Collect$$rtentry$$0000000C)
    __rt_exit                                0x0001b177   Thumb Code     0  rtexit.o(.ARM.Collect$$rtexit$$00000000)
    __rt_exit_ls                             0x0001b179   Thumb Code     0  rtexit2.o(.ARM.Collect$$rtexit$$00000003)
    __rt_exit_prels_1                        0x0001b179   Thumb Code     0  rtexit2.o(.ARM.Collect$$rtexit$$00000002)
    __rt_exit_exit                           0x0001b17d   Thumb Code     0  rtexit2.o(.ARM.Collect$$rtexit$$00000004)
    __asm___11_nrf_delay_c_532987f3__nrf_delay_us 0x0001b185   Thumb Code    30  nrf_delay.o(.emb_text)
    __asm___13_nrf_drv_twi_c_a9bcf68d__nrf_delay_us 0x0001b1a5   Thumb Code    30  nrf_drv_twi.o(.emb_text)
    __aeabi_memcpy4                          0x0001b1c5   Thumb Code    56  rt_memcpy.o(.emb_text)
    __aeabi_memcpy8                          0x0001b1c5   Thumb Code     0  rt_memcpy.o(.emb_text)
    Reset_Handler                            0x0001b1fd   Thumb Code    26  arm_startup_nrf51.o(.text)
    NMI_Handler                              0x0001b217   Thumb Code     2  arm_startup_nrf51.o(.text)
    HardFault_Handler                        0x0001b219   Thumb Code     2  arm_startup_nrf51.o(.text)
    SVC_Handler                              0x0001b21b   Thumb Code     2  arm_startup_nrf51.o(.text)
    PendSV_Handler                           0x0001b21d   Thumb Code     2  arm_startup_nrf51.o(.text)
    SysTick_Handler                          0x0001b21f   Thumb Code     2  arm_startup_nrf51.o(.text)
    ADC_IRQHandler                           0x0001b221   Thumb Code     0  arm_startup_nrf51.o(.text)
    CCM_AAR_IRQHandler                       0x0001b221   Thumb Code     0  arm_startup_nrf51.o(.text)
    ECB_IRQHandler                           0x0001b221   Thumb Code     0  arm_startup_nrf51.o(.text)
    GPIOTE_IRQHandler                        0x0001b221   Thumb Code     0  arm_startup_nrf51.o(.text)
    LPCOMP_IRQHandler                        0x0001b221   Thumb Code     0  arm_startup_nrf51.o(.text)
    POWER_CLOCK_IRQHandler                   0x0001b221   Thumb Code     0  arm_startup_nrf51.o(.text)
    QDEC_IRQHandler                          0x0001b221   Thumb Code     0  arm_startup_nrf51.o(.text)
    RADIO_IRQHandler                         0x0001b221   Thumb Code     0  arm_startup_nrf51.o(.text)
    RNG_IRQHandler                           0x0001b221   Thumb Code     0  arm_startup_nrf51.o(.text)
    RTC0_IRQHandler                          0x0001b221   Thumb Code     0  arm_startup_nrf51.o(.text)
    RTC1_IRQHandler                          0x0001b221   Thumb Code     0  arm_startup_nrf51.o(.text)
    SPI1_TWI1_IRQHandler                     0x0001b221   Thumb Code     0  arm_startup_nrf51.o(.text)
    SWI0_IRQHandler                          0x0001b221   Thumb Code     0  arm_startup_nrf51.o(.text)
    SWI1_IRQHandler                          0x0001b221   Thumb Code     0  arm_startup_nrf51.o(.text)
    SWI2_IRQHandler                          0x0001b221   Thumb Code     0  arm_startup_nrf51.o(.text)
    SWI3_IRQHandler                          0x0001b221   Thumb Code     0  arm_startup_nrf51.o(.text)
    SWI4_IRQHandler                          0x0001b221   Thumb Code     0  arm_startup_nrf51.o(.text)
    SWI5_IRQHandler                          0x0001b221   Thumb Code     0  arm_startup_nrf51.o(.text)
    TEMP_IRQHandler                          0x0001b221   Thumb Code     0  arm_startup_nrf51.o(.text)
    TIMER0_IRQHandler                        0x0001b221   Thumb Code     0  arm_startup_nrf51.o(.text)
    TIMER1_IRQHandler                        0x0001b221   Thumb Code     0  arm_startup_nrf51.o(.text)
    TIMER2_IRQHandler                        0x0001b221   Thumb Code     0  arm_startup_nrf51.o(.text)
    WDT_IRQHandler                           0x0001b221   Thumb Code     0  arm_startup_nrf51.o(.text)
    __user_initial_stackheap                 0x0001b225   Thumb Code    10  arm_startup_nrf51.o(.text)
    __use_no_semihosting                     0x0001b251   Thumb Code     2  use_no_semi_2.o(.text)
    __2sprintf                               0x0001b255   Thumb Code    36  noretval__2sprintf.o(.text)
    _printf_pre_padding                      0x0001b27d   Thumb Code    44  _printf_pad.o(.text)
    _printf_post_padding                     0x0001b2a9   Thumb Code    34  _printf_pad.o(.text)
    __printf                                 0x0001b2cb   Thumb Code   270  __printf_wp.o(.text)
    __aeabi_memcpy                           0x0001b3d9   Thumb Code   130  rt_memcpy.o(.text)
    __rt_memcpy                              0x0001b3d9   Thumb Code     0  rt_memcpy.o(.text)
    strcmp                                   0x0001b45d   Thumb Code   132  strcmp.o(.text)
    __aeabi_uidiv                            0x0001b4e5   Thumb Code     0  aeabi_sdiv.o(.text)
    __aeabi_uidivmod                         0x0001b4e5   Thumb Code    20  aeabi_sdiv.o(.text)
    __aeabi_idiv                             0x0001b4f9   Thumb Code     0  aeabi_sdiv.o(.text)
    __aeabi_idivmod                          0x0001b4f9   Thumb Code   326  aeabi_sdiv.o(.text)
    __use_two_region_memory                  0x0001b63f   Thumb Code     2  heapauxi.o(.text)
    __rt_heap_escrow                         0x0001b641   Thumb Code     2  heapauxi.o(.text)
    __rt_heap_expand                         0x0001b643   Thumb Code     2  heapauxi.o(.text)
    __aeabi_d2f                              0x0001b645   Thumb Code     0  d2f.o(.text)
    _d2f                                     0x0001b645   Thumb Code   120  d2f.o(.text)
    __aeabi_i2d_normalise                    0x0001b6c1   Thumb Code    66  dflti.o(.text)
    __aeabi_i2d                              0x0001b703   Thumb Code    16  dflti.o(.text)
    _dflt                                    0x0001b703   Thumb Code     0  dflti.o(.text)
    __aeabi_ui2d                             0x0001b713   Thumb Code     6  dflti.o(.text)
    _dfltu                                   0x0001b713   Thumb Code     0  dflti.o(.text)
    __aeabi_dmul                             0x0001b719   Thumb Code     0  dmul.o(.text)
    _dmul                                    0x0001b719   Thumb Code   558  dmul.o(.text)
    __aeabi_f2d                              0x0001b961   Thumb Code     0  f2d.o(.text)
    _f2d                                     0x0001b961   Thumb Code    80  f2d.o(.text)
    __aeabi_f2iz                             0x0001b9b5   Thumb Code     0  ffixi.o(.text)
    _ffix                                    0x0001b9b5   Thumb Code    76  ffixi.o(.text)
    __aeabi_i2f_normalise                    0x0001ba01   Thumb Code    72  fflti.o(.text)
    __aeabi_i2f                              0x0001ba49   Thumb Code    16  fflti.o(.text)
    _fflt                                    0x0001ba49   Thumb Code     0  fflti.o(.text)
    __aeabi_ui2f                             0x0001ba59   Thumb Code     6  fflti.o(.text)
    _ffltu                                   0x0001ba59   Thumb Code     0  fflti.o(.text)
    __ARM_scalbnf                            0x0001ba61   Thumb Code    64  fscalbn.o(.text)
    __semihosting$guard                      0x0001baa5   Thumb Code     0  use_no_semi.o(.text)
    __use_no_semihosting_swi                 0x0001baa5   Thumb Code     2  use_no_semi.o(.text)
    __read_errno                             0x0001baa7   Thumb Code    10  _rserrno.o(.text)
    __set_errno                              0x0001bab1   Thumb Code    12  _rserrno.o(.text)
    __lib_sel_fp_printf                      0x0001babd   Thumb Code     2  _printf_fp_dec.o(.text)
    _printf_fp_dec_real                      0x0001bc57   Thumb Code   620  _printf_fp_dec.o(.text)
    _printf_char_common                      0x0001bedb   Thumb Code    32  _printf_char_common.o(.text)
    _sputc                                   0x0001bf01   Thumb Code    10  _sputc.o(.text)
    __rt_udiv10                              0x0001bf0b   Thumb Code    40  rtudiv10.o(.text)
    __aeabi_dadd                             0x0001c22d   Thumb Code     0  daddsub.o(.text)
    _dadd                                    0x0001c22d   Thumb Code    26  daddsub.o(.text)
    __aeabi_dsub                             0x0001c247   Thumb Code     0  daddsub.o(.text)
    _dsub                                    0x0001c247   Thumb Code    22  daddsub.o(.text)
    __aeabi_drsub                            0x0001c25d   Thumb Code     0  daddsub.o(.text)
    _drsb                                    0x0001c25d   Thumb Code    28  daddsub.o(.text)
    __aeabi_ddiv                             0x0001c28d   Thumb Code     0  ddiv.o(.text)
    _ddiv                                    0x0001c28d   Thumb Code  1072  ddiv.o(.text)
    _drdiv                                   0x0001c6bd   Thumb Code    20  ddiv.o(.text)
    __ARM_scalbn                             0x0001c6d5   Thumb Code    84  dscalbn.o(.text)
    __rt_locale                              0x0001c735   Thumb Code     8  rt_locale_intlibspace.o(.text)
    __aeabi_errno_addr                       0x0001c73d   Thumb Code     8  rt_errno_addr_intlibspace.o(.text)
    __errno$intlibspace                      0x0001c73d   Thumb Code     0  rt_errno_addr_intlibspace.o(.text)
    __rt_errno_addr$intlibspace              0x0001c73d   Thumb Code     0  rt_errno_addr_intlibspace.o(.text)
    _ll_udiv10                               0x0001c745   Thumb Code   122  lludiv10.o(.text)
    _printf_fp_infnan                        0x0001c7c1   Thumb Code   120  _printf_fp_infnan.o(.text)
    _btod_etento                             0x0001c849   Thumb Code   196  bigflt0.o(.text)
    _btod_d2e                                0x0001c911   Thumb Code    64  btod.o(.text)
    _btod_emul                               0x0001cd07   Thumb Code    24  btod.o(.text)
    _btod_emuld                              0x0001cd1f   Thumb Code    60  btod.o(.text)
    _btod_ediv                               0x0001cd5b   Thumb Code    22  btod.o(.text)
    _btod_edivd                              0x0001cd71   Thumb Code    60  btod.o(.text)
    __fpl_dcmp_InfNaN                        0x0001cdb9   Thumb Code   140  dcmpin.o(.text)
    _dsqrt                                   0x0001ce49   Thumb Code   248  dsqrt.o(.text)
    __user_libspace                          0x0001cf49   Thumb Code     8  libspace.o(.text)
    __user_perproc_libspace                  0x0001cf49   Thumb Code     0  libspace.o(.text)
    __user_perthread_libspace                0x0001cf49   Thumb Code     0  libspace.o(.text)
    __user_setup_stackheap                   0x0001cf51   Thumb Code    62  sys_stackheap_outer.o(.text)
    exit                                     0x0001cf8f   Thumb Code    16  exit.o(.text)
    __fpl_cmpreturn                          0x0001cf9f   Thumb Code    46  cmpret.o(.text)
    __fpl_dcheck_NaN2                        0x0001cfcd   Thumb Code    14  dnan2.o(.text)
    __fpl_return_NaN                         0x0001cfe1   Thumb Code    94  retnan.o(.text)
    SEGGER_RTT_Write                         0x0001d041   Thumb Code   140  segger_rtt.o(i.SEGGER_RTT_Write)
    SEGGER_RTT_printf                        0x0001d0d1   Thumb Code    24  segger_rtt_printf.o(i.SEGGER_RTT_printf)
    SEGGER_RTT_vprintf                       0x0001d0e9   Thumb Code   398  segger_rtt_printf.o(i.SEGGER_RTT_vprintf)
    SPI0_TWI0_IRQHandler                     0x0001d279   Thumb Code    12  nrf_drv_twi.o(i.SPI0_TWI0_IRQHandler)
    SystemInit                               0x0001d28d   Thumb Code   130  system_nrf51.o(i.SystemInit)
    UART0_IRQHandler                         0x0001d32d   Thumb Code     8  nrf_drv_uart.o(i.UART0_IRQHandler)
    __ARM_common_ll_muluu                    0x0001d51b   Thumb Code    48  btod.o(i.__ARM_common_ll_muluu)
    __ARM_fpclassify                         0x0001d54d   Thumb Code    40  fpclassify.o(i.__ARM_fpclassify)
    __kernel_poly                            0x0001d579   Thumb Code   172  poly.o(i.__kernel_poly)
    __mathlib_dbl_divzero                    0x0001d625   Thumb Code    16  dunder.o(i.__mathlib_dbl_divzero)
    __mathlib_dbl_infnan2                    0x0001d639   Thumb Code     8  dunder.o(i.__mathlib_dbl_infnan2)
    __mathlib_dbl_invalid                    0x0001d641   Thumb Code    16  dunder.o(i.__mathlib_dbl_invalid)
    __mathlib_dbl_overflow                   0x0001d651   Thumb Code    16  dunder.o(i.__mathlib_dbl_overflow)
    __mathlib_dbl_underflow                  0x0001d665   Thumb Code    14  dunder.o(i.__mathlib_dbl_underflow)
    _is_digit                                0x0001d679   Thumb Code    14  __printf_wp.o(i._is_digit)
    _sys_exit                                0x0001d687   Thumb Code     2  rtt_syscalls_keil.o(i._sys_exit)
    app_error_fault_handler                  0x0001d689   Thumb Code    18  app_error_weak.o(i.app_error_fault_handler)
    app_error_handler_bare                   0x0001d6a5   Thumb Code    20  app_error.o(i.app_error_handler_bare)
    initializeIMU                            0x0001d7a5   Thumb Code    78  main.o(i.initializeIMU)
    main                                     0x0001d911   Thumb Code   122  main.o(i.main)
    nrf_delay_ms                             0x0001d9e9   Thumb Code    24  nrf_delay.o(i.nrf_delay_ms)
    nrf_drv_common_irq_enable                0x0001da05   Thumb Code    78  nrf_drv_common.o(i.nrf_drv_common_irq_enable)
    nrf_drv_twi_enable                       0x0001da65   Thumb Code    28  nrf_drv_twi.o(i.nrf_drv_twi_enable)
    nrf_drv_twi_init                         0x0001da85   Thumb Code   126  nrf_drv_twi.o(i.nrf_drv_twi_init)
    nrf_drv_twi_rx                           0x0001db15   Thumb Code    30  nrf_drv_twi.o(i.nrf_drv_twi_rx)
    nrf_drv_twi_tx                           0x0001db39   Thumb Code    36  nrf_drv_twi.o(i.nrf_drv_twi_tx)
    nrf_drv_twi_xfer                         0x0001db5d   Thumb Code    36  nrf_drv_twi.o(i.nrf_drv_twi_xfer)
    pow                                      0x0001dbb9   Thumb Code  2548  pow.o(i.pow)
    qToFloat_                                0x0001e5b5   Thumb Code    54  main.o(i.qToFloat_)
    sendDataPacket                           0x0001e641   Thumb Code    56  main.o(i.sendDataPacket)
    setFeature                               0x0001e685   Thumb Code    70  main.o(i.setFeature)
    sqrt                                     0x0001e6d1   Thumb Code    66  sqrt.o(i.sqrt)
    twi_handler                              0x0001e7b1   Thumb Code    58  main.o(i.twi_handler)
    twi_init                                 0x0001e7f9   Thumb Code    42  main.o(i.twi_init)
    _get_lc_numeric                          0x0001ec79   Thumb Code    44  lc_numeric_c.o(locale$$code)
    __aeabi_cdrcmple                         0x0001eca5   Thumb Code     0  drlef.o(x$fpl$drleqf)
    _drcmple                                 0x0001eca5   Thumb Code   100  drlef.o(x$fpl$drleqf)
    __aeabi_fmul                             0x0001ed0d   Thumb Code     0  fmul.o(x$fpl$fmul)
    _fmul                                    0x0001ed0d   Thumb Code   172  fmul.o(x$fpl$fmul)
    _printf_fp_dec                           0x0001edbd   Thumb Code    16  printf1.o(x$fpl$printf1)
    __I$use$fp                               0x0001edcc   Number         0  usenofp.o(x$fpl$usenofp)
    __mathlib_zero                           0x0001ef18   Data           8  qnan.o(.constdata)
    Region$$Table$$Base                      0x0001efc0   Number         0  anon$$obj.o(Region$$Table)
    Region$$Table$$Limit                     0x0001efe0   Number         0  anon$$obj.o(Region$$Table)
    sequenceNumber                           0x2000188c   Data           6  main.o(.data)
    SystemCoreClock                          0x20001914   Data           4  system_nrf51.o(.data)
    shtpData                                 0x2000197f   Data         128  main.o(.bss)
    __libspace_start                         0x20001e54   Data          96  libspace.o(.bss)
    __temporary_stack_top$libspace           0x20001eb4   Data           0  libspace.o(.bss)



==============================================================================

Memory Map of the image

  Image Entry point : 0x0001b0c1

  Load Region LR_IROM1 (Base: 0x0001b000, Size: 0x000040a4, Max: 0x00025000, ABSOLUTE)

    Execution Region ER_IROM1 (Base: 0x0001b000, Size: 0x00003ffc, Max: 0x00025000, ABSOLUTE)

    Base Addr    Size         Type   Attr      Idx    E Section Name        Object

    0x0001b000   0x000000c0   Data   RO         1106    RESET               arm_startup_nrf51.o
    0x0001b0c0   0x00000008   Code   RO         1214  * !!!main             c_p.l(__main.o)
    0x0001b0c8   0x0000003c   Code   RO         1635    !!!scatter          c_p.l(__scatter.o)
    0x0001b104   0x0000001a   Code   RO         1637    !!handler_copy      c_p.l(__scatter_copy.o)
    0x0001b11e   0x00000002   PAD
    0x0001b120   0x0000001c   Code   RO         1639    !!handler_zi        c_p.l(__scatter_zi.o)
    0x0001b13c   0x00000002   Code   RO         1191    .ARM.Collect$$_printf_percent$$00000000  c_p.l(_printf_percent.o)
    0x0001b13e   0x0000000a   Code   RO         1190    .ARM.Collect$$_printf_percent$$00000003  c_p.l(_printf_f.o)
    0x0001b148   0x00000004   Code   RO         1265    .ARM.Collect$$_printf_percent$$00000017  c_p.l(_printf_percent_end.o)
    0x0001b14c   0x00000002   Code   RO         1558    .ARM.Collect$$libinit$$00000000  c_p.l(libinit.o)
    0x0001b14e   0x00000000   Code   RO         1438    .ARM.Collect$$libinit$$00000002  c_p.l(libinit2.o)
    0x0001b14e   0x00000000   Code   RO         1440    .ARM.Collect$$libinit$$00000004  c_p.l(libinit2.o)
    0x0001b14e   0x00000000   Code   RO         1443    .ARM.Collect$$libinit$$0000000A  c_p.l(libinit2.o)
    0x0001b14e   0x00000000   Code   RO         1445    .ARM.Collect$$libinit$$0000000C  c_p.l(libinit2.o)
    0x0001b14e   0x00000000   Code   RO         1447    .ARM.Collect$$libinit$$0000000E  c_p.l(libinit2.o)
    0x0001b14e   0x00000006   Code   RO         1448    .ARM.Collect$$libinit$$0000000F  c_p.l(libinit2.o)
    0x0001b154   0x00000000   Code   RO         1450    .ARM.Collect$$libinit$$00000011  c_p.l(libinit2.o)
    0x0001b154   0x00000000   Code   RO         1452    .ARM.Collect$$libinit$$00000013  c_p.l(libinit2.o)
    0x0001b154   0x00000000   Code   RO         1454    .ARM.Collect$$libinit$$00000015  c_p.l(libinit2.o)
    0x0001b154   0x0000000a   Code   RO         1455    .ARM.Collect$$libinit$$00000016  c_p.l(libinit2.o)
    0x0001b15e   0x00000000   Code   RO         1456    .ARM.Collect$$libinit$$00000017  c_p.l(libinit2.o)
    0x0001b15e   0x00000000   Code   RO         1458    .ARM.Collect$$libinit$$00000019  c_p.l(libinit2.o)
    0x0001b15e   0x00000000   Code   RO         1460    .ARM.Collect$$libinit$$0000001B  c_p.l(libinit2.o)
    0x0001b15e   0x00000000   Code   RO         1462    .ARM.Collect$$libinit$$0000001D  c_p.l(libinit2.o)
    0x0001b15e   0x00000000   Code   RO         1464    .ARM.Collect$$libinit$$0000001F  c_p.l(libinit2.o)
    0x0001b15e   0x00000000   Code   RO         1466    .ARM.Collect$$libinit$$00000021  c_p.l(libinit2.o)
    0x0001b15e   0x00000000   Code   RO         1468    .ARM.Collect$$libinit$$00000023  c_p.l(libinit2.o)
    0x0001b15e   0x00000000   Code   RO         1470    .ARM.Collect$$libinit$$00000025  c_p.l(libinit2.o)
    0x0001b15e   0x00000000   Code   RO         1474    .ARM.Collect$$libinit$$0000002C  c_p.l(libinit2.o)
    0x0001b15e   0x00000000   Code   RO         1476    .ARM.Collect$$libinit$$0000002E  c_p.l(libinit2.o)
    0x0001b15e   0x00000000   Code   RO         1478    .ARM.Collect$$libinit$$00000030  c_p.l(libinit2.o)
    0x0001b15e   0x00000000   Code   RO         1480    .ARM.Collect$$libinit$$00000032  c_p.l(libinit2.o)
    0x0001b15e   0x00000002   Code   RO         1481    .ARM.Collect$$libinit$$00000033  c_p.l(libinit2.o)
    0x0001b160   0x00000002   Code   RO         1632    .ARM.Collect$$libshutdown$$00000000  c_p.l(libshutdown.o)
    0x0001b162   0x00000000   Code   RO         1483    .ARM.Collect$$libshutdown$$00000002  c_p.l(libshutdown2.o)
    0x0001b162   0x00000000   Code   RO         1485    .ARM.Collect$$libshutdown$$00000004  c_p.l(libshutdown2.o)
    0x0001b162   0x00000000   Code   RO         1488    .ARM.Collect$$libshutdown$$00000007  c_p.l(libshutdown2.o)
    0x0001b162   0x00000000   Code   RO         1491    .ARM.Collect$$libshutdown$$0000000A  c_p.l(libshutdown2.o)
    0x0001b162   0x00000000   Code   RO         1493    .ARM.Collect$$libshutdown$$0000000C  c_p.l(libshutdown2.o)
    0x0001b162   0x00000000   Code   RO         1496    .ARM.Collect$$libshutdown$$0000000F  c_p.l(libshutdown2.o)
    0x0001b162   0x00000002   Code   RO         1497    .ARM.Collect$$libshutdown$$00000010  c_p.l(libshutdown2.o)
    0x0001b164   0x00000000   Code   RO         1246    .ARM.Collect$$rtentry$$00000000  c_p.l(__rtentry.o)
    0x0001b164   0x00000000   Code   RO         1317    .ARM.Collect$$rtentry$$00000002  c_p.l(__rtentry2.o)
    0x0001b164   0x00000006   Code   RO         1329    .ARM.Collect$$rtentry$$00000004  c_p.l(__rtentry4.o)
    0x0001b16a   0x00000000   Code   RO         1319    .ARM.Collect$$rtentry$$00000009  c_p.l(__rtentry2.o)
    0x0001b16a   0x00000004   Code   RO         1320    .ARM.Collect$$rtentry$$0000000A  c_p.l(__rtentry2.o)
    0x0001b16e   0x00000000   Code   RO         1322    .ARM.Collect$$rtentry$$0000000C  c_p.l(__rtentry2.o)
    0x0001b16e   0x00000008   Code   RO         1323    .ARM.Collect$$rtentry$$0000000D  c_p.l(__rtentry2.o)
    0x0001b176   0x00000002   Code   RO         1566    .ARM.Collect$$rtexit$$00000000  c_p.l(rtexit.o)
    0x0001b178   0x00000000   Code   RO         1600    .ARM.Collect$$rtexit$$00000002  c_p.l(rtexit2.o)
    0x0001b178   0x00000004   Code   RO         1601    .ARM.Collect$$rtexit$$00000003  c_p.l(rtexit2.o)
    0x0001b17c   0x00000006   Code   RO         1602    .ARM.Collect$$rtexit$$00000004  c_p.l(rtexit2.o)
    0x0001b182   0x00000002   PAD
    0x0001b184   0x0000001e   Code   RO          313    .emb_text           nrf_delay.o
    0x0001b1a2   0x00000002   PAD
    0x0001b1a4   0x0000001e   Code   RO          374    .emb_text           nrf_drv_twi.o
    0x0001b1c2   0x00000002   PAD
    0x0001b1c4   0x00000038   Code   RO         1202    .emb_text           c_p.l(rt_memcpy.o)
    0x0001b1fc   0x00000054   Code   RO         1107    .text               arm_startup_nrf51.o
    0x0001b250   0x00000002   Code   RO         1150    .text               c_p.l(use_no_semi_2.o)
    0x0001b252   0x00000002   PAD
    0x0001b254   0x00000028   Code   RO         1158    .text               c_p.l(noretval__2sprintf.o)
    0x0001b27c   0x0000004e   Code   RO         1162    .text               c_p.l(_printf_pad.o)
    0x0001b2ca   0x0000010e   Code   RO         1176    .text               c_p.l(__printf_wp.o)
    0x0001b3d8   0x00000082   Code   RO         1203    .text               c_p.l(rt_memcpy.o)
    0x0001b45a   0x00000002   PAD
    0x0001b45c   0x00000088   Code   RO         1206    .text               c_p.l(strcmp.o)
    0x0001b4e4   0x0000015a   Code   RO         1208    .text               c_p.l(aeabi_sdiv.o)
    0x0001b63e   0x00000006   Code   RO         1212    .text               c_p.l(heapauxi.o)
    0x0001b644   0x0000007c   Code   RO         1216    .text               fz_ps.l(d2f.o)
    0x0001b6c0   0x00000058   Code   RO         1218    .text               fz_ps.l(dflti.o)
    0x0001b718   0x00000248   Code   RO         1220    .text               fz_ps.l(dmul.o)
    0x0001b960   0x00000054   Code   RO         1222    .text               fz_ps.l(f2d.o)
    0x0001b9b4   0x0000004c   Code   RO         1224    .text               fz_ps.l(ffixi.o)
    0x0001ba00   0x0000005e   Code   RO         1226    .text               fz_ps.l(fflti.o)
    0x0001ba5e   0x00000002   PAD
    0x0001ba60   0x00000044   Code   RO         1230    .text               fz_ps.l(fscalbn.o)
    0x0001baa4   0x00000002   Code   RO         1244    .text               c_p.l(use_no_semi.o)
    0x0001baa6   0x00000016   Code   RO         1251    .text               c_p.l(_rserrno.o)
    0x0001babc   0x00000414   Code   RO         1255    .text               c_p.l(_printf_fp_dec.o)
    0x0001bed0   0x00000030   Code   RO         1257    .text               c_p.l(_printf_char_common.o)
    0x0001bf00   0x0000000a   Code   RO         1259    .text               c_p.l(_sputc.o)
    0x0001bf0a   0x00000028   Code   RO         1275    .text               c_p.l(rtudiv10.o)
    0x0001bf32   0x00000002   PAD
    0x0001bf34   0x00000358   Code   RO         1277    .text               fz_ps.l(daddsub.o)
    0x0001c28c   0x00000448   Code   RO         1279    .text               fz_ps.l(ddiv.o)
    0x0001c6d4   0x00000060   Code   RO         1284    .text               fz_ps.l(dscalbn.o)
    0x0001c734   0x00000008   Code   RO         1336    .text               c_p.l(rt_locale_intlibspace.o)
    0x0001c73c   0x00000008   Code   RO         1341    .text               c_p.l(rt_errno_addr_intlibspace.o)
    0x0001c744   0x0000007a   Code   RO         1399    .text               c_p.l(lludiv10.o)
    0x0001c7be   0x00000002   PAD
    0x0001c7c0   0x00000088   Code   RO         1401    .text               c_p.l(_printf_fp_infnan.o)
    0x0001c848   0x000000c8   Code   RO         1405    .text               c_p.l(bigflt0.o)
    0x0001c910   0x000004a8   Code   RO         1408    .text               c_p.l(btod.o)
    0x0001cdb8   0x00000090   Code   RO         1498    .text               fz_ps.l(dcmpin.o)
    0x0001ce48   0x00000100   Code   RO         1502    .text               fz_ps.l(dsqrt.o)
    0x0001cf48   0x00000008   Code   RO         1506    .text               c_p.l(libspace.o)
    0x0001cf50   0x0000003e   Code   RO         1509    .text               c_p.l(sys_stackheap_outer.o)
    0x0001cf8e   0x00000010   Code   RO         1541    .text               c_p.l(exit.o)
    0x0001cf9e   0x0000002e   Code   RO         1559    .text               fz_ps.l(cmpret.o)
    0x0001cfcc   0x00000014   Code   RO         1561    .text               fz_ps.l(dnan2.o)
    0x0001cfe0   0x0000005e   Code   RO         1597    .text               fz_ps.l(retnan.o)
    0x0001d03e   0x00000002   PAD
    0x0001d040   0x00000090   Code   RO          906    i.SEGGER_RTT_Write  segger_rtt.o
    0x0001d0d0   0x00000018   Code   RO          979    i.SEGGER_RTT_printf  segger_rtt_printf.o
    0x0001d0e8   0x0000018e   Code   RO          980    i.SEGGER_RTT_vprintf  segger_rtt_printf.o
    0x0001d276   0x00000002   PAD
    0x0001d278   0x00000014   Code   RO          375    i.SPI0_TWI0_IRQHandler  nrf_drv_twi.o
    0x0001d28c   0x000000a0   Code   RO         1114    i.SystemInit        system_nrf51.o
    0x0001d32c   0x00000008   Code   RO          520    i.UART0_IRQHandler  nrf_drv_uart.o
    0x0001d334   0x000000c4   Code   RO          981    i._PrintInt         segger_rtt_printf.o
    0x0001d3f8   0x000000e4   Code   RO          982    i._PrintUnsigned    segger_rtt_printf.o
    0x0001d4dc   0x0000003e   Code   RO          983    i._StoreChar        segger_rtt_printf.o
    0x0001d51a   0x00000030   Code   RO         1410    i.__ARM_common_ll_muluu  c_p.l(btod.o)
    0x0001d54a   0x00000002   PAD
    0x0001d54c   0x0000002c   Code   RO         1301    i.__ARM_fpclassify  m_ps.l(fpclassify.o)
    0x0001d578   0x000000ac   Code   RO         1303    i.__kernel_poly     m_ps.l(poly.o)
    0x0001d624   0x00000014   Code   RO         1287    i.__mathlib_dbl_divzero  m_ps.l(dunder.o)
    0x0001d638   0x00000008   Code   RO         1289    i.__mathlib_dbl_infnan2  m_ps.l(dunder.o)
    0x0001d640   0x00000010   Code   RO         1290    i.__mathlib_dbl_invalid  m_ps.l(dunder.o)
    0x0001d650   0x00000014   Code   RO         1291    i.__mathlib_dbl_overflow  m_ps.l(dunder.o)
    0x0001d664   0x00000014   Code   RO         1293    i.__mathlib_dbl_underflow  m_ps.l(dunder.o)
    0x0001d678   0x0000000e   Code   RO         1178    i._is_digit         c_p.l(__printf_wp.o)
    0x0001d686   0x00000002   Code   RO         1019    i._sys_exit         rtt_syscalls_keil.o
    0x0001d688   0x0000001c   Code   RO          721    i.app_error_fault_handler  app_error_weak.o
    0x0001d6a4   0x00000018   Code   RO          686    i.app_error_handler_bare  app_error.o
    0x0001d6bc   0x000000e8   Code   RO            5    i.get_QUAT          main.o
    0x0001d7a4   0x00000078   Code   RO            6    i.initializeIMU     main.o
    0x0001d81c   0x000000ac   Code   RO          376    i.irq_handler_twi   nrf_drv_twi.o
    0x0001d8c8   0x00000048   Code   RO         1115    i.is_manual_peripheral_setup_needed  system_nrf51.o
    0x0001d910   0x000000d8   Code   RO            8    i.main              main.o
    0x0001d9e8   0x0000001c   Code   RO          314    i.nrf_delay_ms      nrf_delay.o
    0x0001da04   0x00000060   Code   RO          341    i.nrf_drv_common_irq_enable  nrf_drv_common.o
    0x0001da64   0x00000020   Code   RO          379    i.nrf_drv_twi_enable  nrf_drv_twi.o
    0x0001da84   0x00000090   Code   RO          380    i.nrf_drv_twi_init  nrf_drv_twi.o
    0x0001db14   0x00000024   Code   RO          381    i.nrf_drv_twi_rx    nrf_drv_twi.o
    0x0001db38   0x00000024   Code   RO          384    i.nrf_drv_twi_tx    nrf_drv_twi.o
    0x0001db5c   0x00000028   Code   RO          386    i.nrf_drv_twi_xfer  nrf_drv_twi.o
    0x0001db84   0x00000010   Code   RO          387    i.nrf_gpio_pin_set  nrf_drv_twi.o
    0x0001db94   0x0000000a   Code   RO          388    i.nrf_twi_event_check  nrf_drv_twi.o
    0x0001db9e   0x0000000a   Code   RO          537    i.nrf_uart_event_check  nrf_drv_uart.o
    0x0001dba8   0x00000010   Code   RO          538    i.nrf_uart_int_enable_check  nrf_drv_uart.o
    0x0001dbb8   0x000009fc   Code   RO         1235    i.pow               m_ps.l(pow.o)
    0x0001e5b4   0x00000036   Code   RO            9    i.qToFloat_         main.o
    0x0001e5ea   0x00000002   PAD
    0x0001e5ec   0x00000038   Code   RO          539    i.rx_byte           nrf_drv_uart.o
    0x0001e624   0x0000001c   Code   RO          540    i.rx_done_event     nrf_drv_uart.o
    0x0001e640   0x00000044   Code   RO           13    i.sendDataPacket    main.o
    0x0001e684   0x0000004c   Code   RO           15    i.setFeature        main.o
    0x0001e6d0   0x00000048   Code   RO         1307    i.sqrt              m_ps.l(sqrt.o)
    0x0001e718   0x00000098   Code   RO          389    i.twi_clear_bus     nrf_drv_twi.o
    0x0001e7b0   0x00000048   Code   RO           16    i.twi_handler       main.o
    0x0001e7f8   0x00000034   Code   RO           17    i.twi_init          main.o
    0x0001e82c   0x0000008c   Code   RO          390    i.twi_rx_start_transfer  nrf_drv_twi.o
    0x0001e8b8   0x0000002e   Code   RO          391    i.twi_send_byte     nrf_drv_twi.o
    0x0001e8e6   0x00000106   Code   RO          392    i.twi_transfer      nrf_drv_twi.o
    0x0001e9ec   0x0000008c   Code   RO          393    i.twi_tx_start_transfer  nrf_drv_twi.o
    0x0001ea78   0x0000008c   Code   RO          394    i.twi_xfer          nrf_drv_twi.o
    0x0001eb04   0x0000002c   Code   RO          542    i.tx_byte           nrf_drv_uart.o
    0x0001eb30   0x00000020   Code   RO          543    i.tx_done_event     nrf_drv_uart.o
    0x0001eb50   0x00000128   Code   RO          544    i.uart_irq_handler  nrf_drv_uart.o
    0x0001ec78   0x0000002c   Code   RO         1429    locale$$code        c_p.l(lc_numeric_c.o)
    0x0001eca4   0x00000068   Code   RO         1282    x$fpl$drleqf        fz_ps.l(drlef.o)
    0x0001ed0c   0x000000b0   Code   RO         1228    x$fpl$fmul          fz_ps.l(fmul.o)
    0x0001edbc   0x00000010   Code   RO         1232    x$fpl$printf1       fz_ps.l(printf1.o)
    0x0001edcc   0x00000000   Code   RO         1286    x$fpl$usenofp       fz_ps.l(usenofp.o)
    0x0001edcc   0x00000018   Data   RO           26    .constdata          main.o
    0x0001ede4   0x0000001c   Data   RO          396    .constdata          nrf_drv_twi.o
    0x0001ee00   0x00000010   Data   RO          984    .constdata          segger_rtt_printf.o
    0x0001ee10   0x00000088   Data   RO         1236    .constdata          m_ps.l(pow.o)
    0x0001ee98   0x00000080   Data   RO         1280    .constdata          fz_ps.l(ddiv.o)
    0x0001ef18   0x00000008   Data   RO         1305    .constdata          m_ps.l(qnan.o)
    0x0001ef20   0x00000094   Data   RO         1406    .constdata          c_p.l(bigflt0.o)
    0x0001efb4   0x00000009   Data   RO          910    .conststring        segger_rtt.o
    0x0001efbd   0x00000003   PAD
    0x0001efc0   0x00000020   Data   RO         1633    Region$$Table       anon$$obj.o
    0x0001efe0   0x0000001c   Data   RO         1428    locale$$data        c_p.l(lc_numeric_c.o)


    Execution Region RW_IRAM1 (Base: 0x20001870, Size: 0x00001648, Max: 0x00002790, ABSOLUTE)

    Base Addr    Size         Type   Attr      Idx    E Section Name        Object

    0x20001870   0x00000028   Data   RW           31    .data               main.o
    0x20001898   0x0000007c   Data   RW          911    .data               segger_rtt.o
    0x20001914   0x00000004   Data   RW         1116    .data               system_nrf51.o
    0x20001918   0x000000e7   Zero   RW           18    .bss                main.o
    0x200019ff   0x00000001   PAD
    0x20001a00   0x00000028   Zero   RW          395    .bss                nrf_drv_twi.o
    0x20001a28   0x0000001c   Zero   RW          545    .bss                nrf_drv_uart.o
    0x20001a44   0x00000400   Zero   RW          908    .bss                segger_rtt.o
    0x20001e44   0x00000010   Zero   RW          909    .bss                segger_rtt.o
    0x20001e54   0x00000060   Zero   RW         1507    .bss                c_p.l(libspace.o)
    0x20001eb4   0x00000004   PAD
    0x20001eb8   0x00000800   Zero   RW         1105    HEAP                arm_startup_nrf51.o
    0x200026b8   0x00000800   Zero   RW         1104    STACK               arm_startup_nrf51.o


==============================================================================

Image component sizes


      Code (inc. data)   RO Data    RW Data    ZI Data      Debug   Object Name

        24          4          0          0          0       2133   app_error.o
        28         10          0          0          0       7050   app_error_weak.o
        84         36        192          0       4096        740   arm_startup_nrf51.o
       890        196         24         40        231      38725   main.o
        58          4          0          0          0       1639   nrf_delay.o
        96         18          0          0          0       7268   nrf_drv_common.o
      1416         70         28          0         40      27576   nrf_drv_twi.o
       490         58          0          0         28      13649   nrf_drv_uart.o
         2          0          0          0          0        456   rtt_syscalls_keil.o
       144          4          9        124       1040       2294   segger_rtt.o
       908          4         16          0          0       6585   segger_rtt_printf.o
       232         36          0          4          0       2199   system_nrf51.o

    ----------------------------------------------------------------------
      4380        440        304        168       5436     110314   Object Totals
         0          0         32          0          0          0   (incl. Generated)
         8          0          3          0          1          0   (incl. Padding)

    ----------------------------------------------------------------------

      Code (inc. data)   RO Data    RW Data    ZI Data      Debug   Library Member Name

         8          0          0          0          0         68   __main.o
       284          0          0          0          0        136   __printf_wp.o
         0          0          0          0          0          0   __rtentry.o
        12          0          0          0          0          0   __rtentry2.o
         6          0          0          0          0          0   __rtentry4.o
        60          8          0          0          0          0   __scatter.o
        26          0          0          0          0          0   __scatter_copy.o
        28          0          0          0          0          0   __scatter_zi.o
        48          6          0          0          0         88   _printf_char_common.o
        10          0          0          0          0          0   _printf_f.o
      1044         14          0          0          0        176   _printf_fp_dec.o
       136         16          0          0          0         76   _printf_fp_infnan.o
        78          0          0          0          0        100   _printf_pad.o
         2          0          0          0          0          0   _printf_percent.o
         4          0          0          0          0          0   _printf_percent_end.o
        22          0          0          0          0         92   _rserrno.o
        10          0          0          0          0         60   _sputc.o
       346          0          0          0          0         92   aeabi_sdiv.o
       200          4        148          0          0         80   bigflt0.o
      1240         12          0          0          0        316   btod.o
        16          0          0          0          0         68   exit.o
         6          0          0          0          0        136   heapauxi.o
        44         10         28          0          0         76   lc_numeric_c.o
         2          0          0          0          0          0   libinit.o
        18          0          0          0          0          0   libinit2.o
         2          0          0          0          0          0   libshutdown.o
         2          0          0          0          0          0   libshutdown2.o
         8          4          0          0         96         68   libspace.o
       122          0          0          0          0         72   lludiv10.o
        40          4          0          0          0         84   noretval__2sprintf.o
         8          4          0          0          0         68   rt_errno_addr_intlibspace.o
         8          4          0          0          0         68   rt_locale_intlibspace.o
       186          0          0          0          0        144   rt_memcpy.o
         2          0          0          0          0          0   rtexit.o
        10          0          0          0          0          0   rtexit2.o
        40          0          0          0          0         60   rtudiv10.o
       136          4          0          0          0         72   strcmp.o
        62          0          0          0          0         80   sys_stackheap_outer.o
         2          0          0          0          0         68   use_no_semi.o
         2          0          0          0          0         68   use_no_semi_2.o
        46          0          0          0          0         60   cmpret.o
       124          4          0          0          0         72   d2f.o
       856         20          0          0          0        208   daddsub.o
       144          4          0          0          0         76   dcmpin.o
      1096         26        128          0          0        112   ddiv.o
        88          0          0          0          0         92   dflti.o
       584         26          0          0          0         84   dmul.o
        20          6          0          0          0         68   dnan2.o
       104          4          0          0          0        104   drlef.o
        96         12          0          0          0         72   dscalbn.o
       256          8          0          0          0         76   dsqrt.o
        84          4          0          0          0         60   f2d.o
        76          0          0          0          0         68   ffixi.o
        94          0          0          0          0         92   fflti.o
       176          4          0          0          0         80   fmul.o
        68          4          0          0          0         68   fscalbn.o
        16          4          0          0          0         76   printf1.o
        94          0          0          0          0         68   retnan.o
         0          0          0          0          0          0   usenofp.o
        84         14          0          0          0        340   dunder.o
        44          4          0          0          0         60   fpclassify.o
       172          0          0          0          0         76   poly.o
      2556        196        136          0          0        240   pow.o
         0          0          8          0          0          0   qnan.o
        72          6          0          0          0         76   sqrt.o

    ----------------------------------------------------------------------
     11248        436        448          0        100       4744   Library Totals
        18          0          0          0          4          0   (incl. Padding)

    ----------------------------------------------------------------------

      Code (inc. data)   RO Data    RW Data    ZI Data      Debug   Library Name

      4280         90        176          0         96       2416   c_p.l
      4022        126        128          0          0       1536   fz_ps.l
      2928        220        144          0          0        792   m_ps.l

    ----------------------------------------------------------------------
     11248        436        448          0        100       4744   Library Totals

    ----------------------------------------------------------------------

==============================================================================


      Code (inc. data)   RO Data    RW Data    ZI Data      Debug   

     15628        876        752        168       5536     110786   Grand Totals
     15628        876        752        168       5536     110786   ELF Image Totals
     15628        876        752        168          0          0   ROM Totals

==============================================================================

    Total RO  Size (Code + RO Data)                16380 (  16.00kB)
    Total RW  Size (RW Data + ZI Data)              5704 (   5.57kB)
    Total ROM Size (Code + RO Data + RW Data)      16548 (  16.16kB)

==============================================================================

