Component: ARM Compiler 5.06 update 3 (build 300) Tool: armlink [4d35c9]

==============================================================================

Section Cross References

    main.o(i.MMA7660_set_mode) refers to nrf_drv_twi.o(i.nrf_drv_twi_tx) for nrf_drv_twi_tx
    main.o(i.MMA7660_set_mode) refers to app_error.o(i.app_error_handler_bare) for app_error_handler_bare
    main.o(i.MMA7660_set_mode) refers to main.o(.constdata) for .constdata
    main.o(i.MMA7660_set_mode) refers to main.o(.data) for .data
    main.o(i.initializeIMU) refers to nrf_drv_twi.o(i.nrf_drv_twi_tx) for nrf_drv_twi_tx
    main.o(i.initializeIMU) refers to app_error.o(i.app_error_handler_bare) for app_error_handler_bare
    main.o(i.initializeIMU) refers to nrf_delay.o(i.nrf_delay_ms) for nrf_delay_ms
    main.o(i.initializeIMU) refers to segger_rtt_printf.o(i.SEGGER_RTT_printf) for SEGGER_RTT_printf
    main.o(i.initializeIMU) refers to main.o(i.resetIMU) for resetIMU
    main.o(i.initializeIMU) refers to main.o(i.requestProductID) for requestProductID
    main.o(i.initializeIMU) refers to main.o(.constdata) for .constdata
    main.o(i.initializeIMU) refers to main.o(.data) for .data
    main.o(i.main) refers to segger_rtt_printf.o(i.SEGGER_RTT_printf) for SEGGER_RTT_printf
    main.o(i.main) refers to main.o(i.twi_init) for twi_init
    main.o(i.main) refers to main.o(i.initializeIMU) for initializeIMU
    main.o(i.qToFloat_) refers to fflti.o(.text) for __aeabi_i2f
    main.o(i.qToFloat_) refers to dflti.o(.text) for __aeabi_i2d
    main.o(i.qToFloat_) refers to pow.o(i.pow) for pow
    main.o(i.qToFloat_) refers to f2d.o(.text) for __aeabi_f2d
    main.o(i.qToFloat_) refers to dmul.o(.text) for __aeabi_dmul
    main.o(i.qToFloat_) refers to d2f.o(.text) for __aeabi_d2f
    main.o(i.read_data) refers to _printf_pad.o(.text) for _printf_pre_padding
    main.o(i.read_data) refers to _printf_percent.o(.ARM.Collect$$_printf_percent$$00000000) for _printf_percent
    main.o(i.read_data) refers to _printf_d.o(.ARM.Collect$$_printf_percent$$00000009) for _printf_d
    main.o(i.read_data) refers to _printf_s.o(.ARM.Collect$$_printf_percent$$00000014) for _printf_s
    main.o(i.read_data) refers to _printf_dec.o(.text) for _printf_int_dec
    main.o(i.read_data) refers to _printf_str.o(.text) for _printf_str
    main.o(i.read_data) refers to main.o(i.int_to_uint) for int_to_uint
    main.o(i.read_data) refers to aeabi_sdiv.o(.text) for __aeabi_idivmod
    main.o(i.read_data) refers to noretval__2printf.o(.text) for __2printf
    main.o(i.read_data) refers to main.o(.data) for .data
    main.o(i.read_data) refers to main.o(.bss) for .bss
    main.o(i.requestProductID) refers to segger_rtt_printf.o(i.SEGGER_RTT_printf) for SEGGER_RTT_printf
    main.o(i.requestProductID) refers to main.o(i.sendPacket_IMU) for sendPacket_IMU
    main.o(i.requestProductID) refers to main.o(.data) for .data
    main.o(i.requestProductID) refers to main.o(.bss) for .bss
    main.o(i.resetIMU) refers to segger_rtt_printf.o(i.SEGGER_RTT_printf) for SEGGER_RTT_printf
    main.o(i.resetIMU) refers to main.o(i.sendPacket_IMU) for sendPacket_IMU
    main.o(i.resetIMU) refers to main.o(.data) for .data
    main.o(i.resetIMU) refers to main.o(.bss) for .bss
    main.o(i.sendPacket_IMU) refers to nrf_drv_twi.o(i.nrf_drv_twi_tx) for nrf_drv_twi_tx
    main.o(i.sendPacket_IMU) refers to app_error.o(i.app_error_handler_bare) for app_error_handler_bare
    main.o(i.sendPacket_IMU) refers to main.o(.bss) for .bss
    main.o(i.sendPacket_IMU) refers to main.o(.data) for .data
    main.o(i.sendPacket_IMU) refers to main.o(.constdata) for .constdata
    main.o(i.twi_handler) refers to segger_rtt_printf.o(i.SEGGER_RTT_printf) for SEGGER_RTT_printf
    main.o(i.twi_handler) refers to nrf_drv_twi.o(i.nrf_drv_twi_rx) for nrf_drv_twi_rx
    main.o(i.twi_handler) refers to main.o(.data) for .data
    main.o(i.twi_handler) refers to main.o(.bss) for .bss
    main.o(i.twi_handler) refers to main.o(.constdata) for .constdata
    main.o(i.twi_init) refers to nrf_drv_twi.o(i.nrf_drv_twi_init) for nrf_drv_twi_init
    main.o(i.twi_init) refers to app_error.o(i.app_error_handler_bare) for app_error_handler_bare
    main.o(i.twi_init) refers to nrf_drv_twi.o(i.nrf_drv_twi_enable) for nrf_drv_twi_enable
    main.o(i.twi_init) refers to main.o(.constdata) for .constdata
    main.o(i.twi_init) refers to main.o(i.twi_handler) for twi_handler
    app_uart_fifo.o(i.app_uart_close) refers to nrf_drv_uart.o(i.nrf_drv_uart_uninit) for nrf_drv_uart_uninit
    app_uart_fifo.o(i.app_uart_flush) refers to app_fifo.o(i.app_fifo_flush) for app_fifo_flush
    app_uart_fifo.o(i.app_uart_flush) refers to app_uart_fifo.o(.bss) for .bss
    app_uart_fifo.o(i.app_uart_get) refers to nrf_drv_uart.o(i.nrf_drv_uart_rx) for nrf_drv_uart_rx
    app_uart_fifo.o(i.app_uart_get) refers to app_fifo.o(i.app_fifo_get) for app_fifo_get
    app_uart_fifo.o(i.app_uart_get) refers to app_uart_fifo.o(.bss) for .bss
[...]
    heap2.o(i._realloc$realtime) refers to rt_heap_descriptor_intlibspace.o(.text) for __rt_heap_descriptor
    heap2.o(i._realloc$realtime) refers to h1_free.o(.text) for free
    heap2.o(i._realloc$realtime) refers to h1_alloc.o(.text) for malloc
    heap2.o(i._realloc$realtime) refers to fdtree.o(i._FDTree_Delete) for _FDTree_Delete
    heap2.o(i._realloc$realtime) refers to fdtree.o(i._FDTree_Insert) for _FDTree_Insert
    heap2.o(i._realloc$realtime) refers to rt_memcpy.o(.emb_text) for __aeabi_memcpy4
    heap2mt.o(i._FDIterate) refers to heap2mt.o(.conststring) for .conststring
    heap2mt.o(i.___Heap_ProvideMemory$realtime$concurrent) refers to fdtree.o(i._FDTree_Delete) for _FDTree_Delete
    heap2mt.o(i.___Heap_ProvideMemory$realtime$concurrent) refers to fdtree.o(i._FDTree_Insert) for _FDTree_Insert
    heap2mt.o(i.___Heap_Stats$realtime$concurrent) refers to heap2mt.o(i._Heap2_StatsIterate) for _Heap2_StatsIterate
    heap2mt.o(i.___Heap_Stats$realtime$concurrent) refers to aeabi_sdiv.o(.text) for __aeabi_uidivmod
    heap2mt.o(i.___Heap_Valid$realtime$concurrent) refers to heap2mt.o(i._FDIterate) for _FDIterate
    heap2mt.o(i.___Heap_Valid$realtime$concurrent) refers to heap2mt.o(.conststring) for .conststring
    heap2mt.o(i._free$realtime$concurrent) refers to rt_heap_descriptor_intlibspace.o(.text) for __rt_heap_descriptor
    heap2mt.o(i._free$realtime$concurrent) refers to fdtree.o(i._FDTree_Delete) for _FDTree_Delete
    heap2mt.o(i._free$realtime$concurrent) refers to fdtree.o(i._FDTree_Insert) for _FDTree_Insert
    heap2mt.o(i._malloc$realtime$concurrent) refers to rt_heap_descriptor_intlibspace.o(.text) for __rt_heap_descriptor
    heap2mt.o(i._malloc$realtime$concurrent) refers to fdtree.o(i._FDTree_FindFirst) for _FDTree_FindFirst
    heap2mt.o(i._malloc$realtime$concurrent) refers to init_alloc.o(.text) for __Heap_Full
    heap2mt.o(i._malloc$realtime$concurrent) refers to fdtree.o(i._FDTree_RemoveNode) for _FDTree_RemoveNode
    heap2mt.o(i._malloc$realtime$concurrent) refers to fdtree.o(i._FDTree_Insert) for _FDTree_Insert
    heap2mt.o(i._posix_memalign$realtime$concurrent) refers to rt_heap_descriptor_intlibspace.o(.text) for __rt_heap_descriptor
    heap2mt.o(i._posix_memalign$realtime$concurrent) refers to fdtree.o(i._FDTree_FindFirst) for _FDTree_FindFirst
    heap2mt.o(i._posix_memalign$realtime$concurrent) refers to init_alloc.o(.text) for __Heap_Full
    heap2mt.o(i._posix_memalign$realtime$concurrent) refers to fdtree.o(i._FDTree_RemoveNode) for _FDTree_RemoveNode
    heap2mt.o(i._posix_memalign$realtime$concurrent) refers to fdtree.o(i._FDTree_Insert) for _FDTree_Insert
    heap2mt.o(i._realloc$realtime$concurrent) refers to rt_heap_descriptor_intlibspace.o(.text) for __rt_heap_descriptor
    heap2mt.o(i._realloc$realtime$concurrent) refers to h1_free.o(.text) for free
    heap2mt.o(i._realloc$realtime$concurrent) refers to h1_alloc.o(.text) for malloc
    heap2mt.o(i._realloc$realtime$concurrent) refers to fdtree.o(i._FDTree_Delete) for _FDTree_Delete
    heap2mt.o(i._realloc$realtime$concurrent) refers to fdtree.o(i._FDTree_Insert) for _FDTree_Insert
    heap2mt.o(i._realloc$realtime$concurrent) refers to rt_memcpy.o(.emb_text) for __aeabi_memcpy4
    _printf_char_common.o(.text) refers to __printf_wp.o(.text) for __printf
    ftell.o(.text) refers to rt_errno_addr_intlibspace.o(.text) for __aeabi_errno_addr
    fopen.o(.text) refers to fclose.o(.text) for _fclose_internal
    fopen.o(.text) refers to rtt_syscalls_keil.o(i._sys_open) for _sys_open
    fopen.o(.text) refers to fseek.o(.text) for _fseek
    fopen.o(.text) refers to h1_alloc.o(.text) for malloc
    fopen.o(.text) refers to rt_memclr.o(.text) for __aeabi_memclr4
    fopen.o(.text) refers to stdio_streams.o(.bss) for __stdin
    fclose.o(.text) refers to stdio.o(.text) for _fflush
    fclose.o(.text) refers to rtt_syscalls_keil.o(i._sys_close) for _sys_close
    fclose.o(.text) refers to h1_free.o(.text) for free
    fclose.o(.text) refers to rt_memclr.o(.text) for __aeabi_memclr4
    fopen_locked.o(.text) refers to fclose.o(.text) for _fclose_internal
    fopen_locked.o(.text) refers to rtt_syscalls_keil.o(i._sys_open) for _sys_open
    fopen_locked.o(.text) refers to fseek.o(.text) for _fseek
    fopen_locked.o(.text) refers to h1_alloc.o(.text) for malloc
    fopen_locked.o(.text) refers to rt_memclr.o(.text) for __aeabi_memclr4
    fopen_locked.o(.text) refers to streamlock.o(.data) for _stream_list_lock
    fopen_locked.o(.text) refers to stdio_streams.o(.bss) for __stdin
    defsig_rtred_outer.o(.text) refers to defsig_rtred_inner.o(.text) for __rt_SIGRTRED_inner
    defsig_rtred_outer.o(.text) refers to defsig_exit.o(.text) for __sig_exit
    defsig_rtred_formal.o(.text) refers to rt_raise.o(.text) for __rt_raise
    libinit2.o(.ARM.Collect$$libinit$$00000005) refers (Weak) to init_alloc.o(.text) for _init_alloc
    libinit2.o(.ARM.Collect$$libinit$$00000010) refers to libinit2.o(.ARM.Collect$$libinit$$0000000F) for .ARM.Collect$$libinit$$0000000F
    libinit2.o(.ARM.Collect$$libinit$$00000012) refers to libinit2.o(.ARM.Collect$$libinit$$0000000F) for .ARM.Collect$$libinit$$0000000F
    libinit2.o(.ARM.Collect$$libinit$$00000014) refers to libinit2.o(.ARM.Collect$$libinit$$0000000F) for .ARM.Collect$$libinit$$0000000F
    libinit2.o(.ARM.Collect$$libinit$$00000016) refers to libinit2.o(.ARM.Collect$$libinit$$0000000F) for .ARM.Collect$$libinit$$0000000F
    libinit2.o(.ARM.Collect$$libinit$$00000018) refers to libinit2.o(.ARM.Collect$$libinit$$0000000F) for .ARM.Collect$$libinit$$0000000F
    libinit2.o(.ARM.Collect$$libinit$$00000024) refers (Weak) to initio.o(.text) for _initio
    libinit2.o(.ARM.Collect$$libinit$$00000026) refers to argv_veneer.o(.text) for __ARM_argv_veneer
    libinit2.o(.ARM.Collect$$libinit$$00000027) refers to argv_veneer.o(.text) for __ARM_argv_veneer
    libshutdown2.o(.ARM.Collect$$libshutdown$$00000003) refers (Weak) to initio.o(.text) for _terminateio
    libshutdown2.o(.ARM.Collect$$libshutdown$$0000000D) refers (Weak) to term_alloc.o(.text) for _terminate_alloc
    dcmpin.o(.text) refers (Special) to usenofp.o(x$fpl$usenofp) for __I$use$fp
    dcmpin.o(.text) refers to cmpret.o(.text) for __fpl_cmpreturn
    dcmpin.o(.text) refers to dnan2.o(.text) for __fpl_dcheck_NaN2
    dlef.o(x$fpl$dleqf) refers (Special) to usenofp.o(x$fpl$usenofp) for __I$use$fp
    dlef.o(x$fpl$dleqf) refers to dcmpin.o(.text) for __fpl_dcmp_InfNaN
    dsqrt.o(.text) refers (Special) to usenofp.o(x$fpl$usenofp) for __I$use$fp
    libspace.o(.text) refers to libspace.o(.bss) for __libspace_start
    sys_stackheap_outer.o(.text) refers to libspace.o(.text) for __user_perproc_libspace
    sys_stackheap_outer.o(.text) refers to arm_startup_nrf51.o(.text) for __user_initial_stackheap
    sys_stackheap_outer.o(__vectab_stack_and_reset_area) refers to tempstk.o(.text) for __temporary_stack_top
    sys_stackheap_outer.o(__vectab_stack_and_reset_area) refers to __main.o(!!!main) for __main
    rt_raise.o(.text) refers to __raise.o(.text) for __raise
    rt_raise.o(.text) refers to rtt_syscalls_keil.o(i._sys_exit) for _sys_exit
    rt_heap_descriptor.o(.text) refers to rt_heap_descriptor.o(.bss) for __rt_heap_descriptor_data
    rt_heap_descriptor_intlibspace.o(.text) refers to libspace.o(.bss) for __libspace_start
    init_alloc.o(.text) refers (Special) to hguard.o(.text) for __heap$guard
    init_alloc.o(.text) refers (Special) to libinit2.o(.ARM.Collect$$libinit$$00000005) for __rt_lib_init_heap_2
    init_alloc.o(.text) refers (Special) to maybetermalloc1.o(.emb_text) for _maybe_terminate_alloc
    init_alloc.o(.text) refers to h1_extend.o(.text) for __Heap_ProvideMemory
    init_alloc.o(.text) refers to defsig_rtmem_outer.o(.text) for __rt_SIGRTMEM
    init_alloc.o(.text) refers to rt_heap_descriptor_intlibspace.o(.text) for __rt_heap_descriptor
    init_alloc.o(.text) refers to h1_init.o(.text) for __Heap_Initialize
    malloc.o(.text) refers (Special) to hguard.o(.text) for __heap$guard
    malloc.o(.text) refers (Special) to init_alloc.o(.text) for _init_alloc
    malloc.o(.text) refers to rt_heap_descriptor_intlibspace.o(.text) for __rt_heap_descriptor
    h1_alloc.o(.text) refers (Special) to h1_init.o(.text) for __Heap_Initialize
    h1_alloc.o(.text) refers to rt_heap_descriptor_intlibspace.o(.text) for __rt_heap_descriptor
    h1_alloc.o(.text) refers to init_alloc.o(.text) for __Heap_Full
    h1_alloc_mt.o(.text) refers (Special) to h1_init.o(.text) for __Heap_Initialize
    h1_alloc_mt.o(.text) refers to init_alloc.o(.text) for __Heap_Full
    h1_alloc_mt.o(.text) refers to rt_heap_descriptor_intlibspace.o(.text) for __rt_heap_descriptor
    exit.o(.text) refers to rtexit.o(.ARM.Collect$$rtexit$$00000000) for __rt_exit
    defsig_exit.o(.text) refers to rtt_syscalls_keil.o(i._sys_exit) for _sys_exit
    defsig_fpe_outer.o(.text) refers to defsig_fpe_inner.o(.text) for __rt_SIGFPE_inner
    defsig_fpe_outer.o(.text) refers to defsig_exit.o(.text) for __sig_exit
    defsig_fpe_formal.o(.text) refers to rt_raise.o(.text) for __rt_raise
    defsig_rtred_inner.o(.text) refers to defsig_general.o(.text) for __default_signal_display
    libinit.o(.ARM.Collect$$libinit$$00000000) refers (Special) to libinit2.o(.ARM.Collect$$libinit$$0000002E) for __rt_lib_init_alloca_1
    libinit.o(.ARM.Collect$$libinit$$00000000) refers (Special) to libinit2.o(.ARM.Collect$$libinit$$0000002C) for __rt_lib_init_argv_1
    libinit.o(.ARM.Collect$$libinit$$00000000) refers (Special) to libinit2.o(.ARM.Collect$$libinit$$0000001B) for __rt_lib_init_atexit_1
    libinit.o(.ARM.Collect$$libinit$$00000000) refers (Special) to libinit2.o(.ARM.Collect$$libinit$$00000021) for __rt_lib_init_clock_1
    libinit.o(.ARM.Collect$$libinit$$00000000) refers (Special) to libinit2.o(.ARM.Collect$$libinit$$00000032) for __rt_lib_init_cpp_1
    libinit.o(.ARM.Collect$$libinit$$00000000) refers (Special) to libinit2.o(.ARM.Collect$$libinit$$00000030) for __rt_lib_init_exceptions_1
    libinit.o(.ARM.Collect$$libinit$$00000000) refers (Special) to libinit2.o(.ARM.Collect$$libinit$$00000002) for __rt_lib_init_fp_1
    libinit.o(.ARM.Collect$$libinit$$00000000) refers (Special) to libinit2.o(.ARM.Collect$$libinit$$0000001F) for __rt_lib_init_fp_trap_1
    libinit.o(.ARM.Collect$$libinit$$00000000) refers (Special) to libinit2.o(.ARM.Collect$$libinit$$00000023) for __rt_lib_init_getenv_1
    libinit.o(.ARM.Collect$$libinit$$00000000) refers (Special) to libinit2.o(.ARM.Collect$$libinit$$0000000A) for __rt_lib_init_heap_1
    libinit.o(.ARM.Collect$$libinit$$00000000) refers (Special) to libinit2.o(.ARM.Collect$$libinit$$00000011) for __rt_lib_init_lc_collate_1
    libinit.o(.ARM.Collect$$libinit$$00000000) refers (Special) to libinit2.o(.ARM.Collect$$libinit$$00000013) for __rt_lib_init_lc_ctype_1
    libinit.o(.ARM.Collect$$libinit$$00000000) refers (Special) to libinit2.o(.ARM.Collect$$libinit$$00000015) for __rt_lib_init_lc_monetary_1
    libinit.o(.ARM.Collect$$libinit$$00000000) refers (Special) to libinit2.o(.ARM.Collect$$libinit$$00000017) for __rt_lib_init_lc_numeric_1
    libinit.o(.ARM.Collect$$libinit$$00000000) refers (Special) to libinit2.o(.ARM.Collect$$libinit$$00000019) for __rt_lib_init_lc_time_1
    libinit.o(.ARM.Collect$$libinit$$00000000) refers (Special) to libinit2.o(.ARM.Collect$$libinit$$00000004) for __rt_lib_init_preinit_1
    libinit.o(.ARM.Collect$$libinit$$00000000) refers (Special) to libinit2.o(.ARM.Collect$$libinit$$0000000E) for __rt_lib_init_rand_1
    libinit.o(.ARM.Collect$$libinit$$00000000) refers (Special) to libinit2.o(.ARM.Collect$$libinit$$00000033) for __rt_lib_init_return
    libinit.o(.ARM.Collect$$libinit$$00000000) refers (Special) to libinit2.o(.ARM.Collect$$libinit$$0000001D) for __rt_lib_init_signal_1
    libinit.o(.ARM.Collect$$libinit$$00000000) refers (Special) to libinit2.o(.ARM.Collect$$libinit$$00000025) for __rt_lib_init_stdio_1
    libinit.o(.ARM.Collect$$libinit$$00000000) refers (Special) to libinit2.o(.ARM.Collect$$libinit$$0000000C) for __rt_lib_init_user_alloc_1
    cmpret.o(.text) refers (Special) to usenofp.o(x$fpl$usenofp) for __I$use$fp
    dnan2.o(.text) refers (Special) to usenofp.o(x$fpl$usenofp) for __I$use$fp
    dnan2.o(.text) refers to retnan.o(.text) for __fpl_return_NaN
    rtexit.o(.ARM.Collect$$rtexit$$00000000) refers (Special) to rtexit2.o(.ARM.Collect$$rtexit$$00000004) for __rt_exit_exit
    rtexit.o(.ARM.Collect$$rtexit$$00000000) refers (Special) to rtexit2.o(.ARM.Collect$$rtexit$$00000003) for __rt_exit_ls
    rtexit.o(.ARM.Collect$$rtexit$$00000000) refers (Special) to rtexit2.o(.ARM.Collect$$rtexit$$00000002) for __rt_exit_prels_1
    rtexit.o(.ARM.exidx) refers (Special) to rtexit2.o(.ARM.Collect$$rtexit$$00000004) for __rt_exit_exit
    rtexit.o(.ARM.exidx) refers (Special) to rtexit2.o(.ARM.Collect$$rtexit$$00000003) for __rt_exit_ls
    rtexit.o(.ARM.exidx) refers (Special) to rtexit2.o(.ARM.Collect$$rtexit$$00000002) for __rt_exit_prels_1
    rtexit.o(.ARM.exidx) refers to rtexit.o(.ARM.Collect$$rtexit$$00000000) for .ARM.Collect$$rtexit$$00000000
    maybetermalloc2.o(.emb_text) refers (Special) to term_alloc.o(.text) for _terminate_alloc
    h1_extend.o(.text) refers to h1_free.o(.text) for free
    h1_extend_mt.o(.text) refers to h1_free_mt.o(.text) for _free_internal
    __raise.o(.text) refers to defsig.o(CL$$defsig) for __default_signal_handler
    defsig_general.o(.text) refers to rtt_syscalls_keil.o(i._ttywrch) for _ttywrch
    defsig_fpe_inner.o(.text) refers to defsig_general.o(.text) for __default_signal_display
    defsig_rtmem_outer.o(.text) refers to defsig_rtmem_inner.o(.text) for __rt_SIGRTMEM_inner
    defsig_rtmem_outer.o(.text) refers to defsig_exit.o(.text) for __sig_exit
    defsig_rtmem_formal.o(.text) refers to rt_raise.o(.text) for __rt_raise
    heapauxa.o(.text) refers to heapauxa.o(.data) for .data
    _get_argv.o(.text) refers (Special) to hrguard.o(.text) for __heap_region$guard
    _get_argv.o(.text) refers to h1_alloc.o(.text) for malloc
    _get_argv.o(.text) refers to defsig_rtmem_outer.o(.text) for __rt_SIGRTMEM
    _get_argv.o(.text) refers to rtt_syscalls_keil.o(i._sys_command_string) for _sys_command_string
    _get_argv_nomalloc.o(.text) refers (Special) to hrguard.o(.text) for __heap_region$guard
    _get_argv_nomalloc.o(.text) refers to defsig_rtmem_outer.o(.text) for __rt_SIGRTMEM
    _get_argv_nomalloc.o(.text) refers to rtt_syscalls_keil.o(i._sys_command_string) for _sys_command_string
    retnan.o(.text) refers (Special) to usenofp.o(x$fpl$usenofp) for __I$use$fp
    retnan.o(.text) refers to cmpret.o(.text) for __fpl_cmpreturn
    rtexit2.o(.ARM.Collect$$rtexit$$00000003) refers to libshutdown.o(.ARM.Collect$$libshutdown$$00000000) for __rt_lib_shutdown
    rtexit2.o(.ARM.Collect$$rtexit$$00000004) refers to rtt_syscalls_keil.o(i._sys_exit) for _sys_exit
    rtexit2.o(.ARM.exidx) refers to rtexit2.o(.ARM.Collect$$rtexit$$00000001) for .ARM.Collect$$rtexit$$00000001
    rtexit2.o(.ARM.exidx) refers to rtexit2.o(.ARM.Collect$$rtexit$$00000003) for .ARM.Collect$$rtexit$$00000003
    rtexit2.o(.ARM.exidx) refers to rtexit2.o(.ARM.Collect$$rtexit$$00000004) for .ARM.Collect$$rtexit$$00000004
    term_alloc.o(.text) refers (Special) to libshutdown2.o(.ARM.Collect$$libshutdown$$0000000E) for __rt_lib_shutdown_heap_2
    term_alloc.o(.text) refers to rt_heap_descriptor_intlibspace.o(.text) for __rt_heap_descriptor
    defsig_rtmem_inner.o(.text) refers to defsig_general.o(.text) for __default_signal_display
    defsig.o(CL$$defsig) refers to defsig_fpe_inner.o(.text) for __rt_SIGFPE_inner
    defsig.o(CL$$defsig) refers to defsig_rtred_inner.o(.text) for __rt_SIGRTRED_inner
    defsig.o(CL$$defsig) refers to defsig_rtmem_inner.o(.text) for __rt_SIGRTMEM_inner
    defsig_abrt_inner.o(.text) refers to defsig_general.o(.text) for __default_signal_display
    defsig_stak_inner.o(.text) refers to defsig_general.o(.text) for __default_signal_display
    defsig_pvfn_inner.o(.text) refers to defsig_general.o(.text) for __default_signal_display
    defsig_cppl_inner.o(.text) refers to defsig_general.o(.text) for __default_signal_display
    defsig_segv_inner.o(.text) refers to defsig_general.o(.text) for __default_signal_display
    defsig_other.o(.text) refers to defsig_general.o(.text) for __default_signal_display
    libshutdown.o(.ARM.Collect$$libshutdown$$00000000) refers (Special) to libshutdown2.o(.ARM.Collect$$libshutdown$$00000002) for __rt_lib_shutdown_cpp_1
    libshutdown.o(.ARM.Collect$$libshutdown$$00000000) refers (Special) to libshutdown2.o(.ARM.Collect$$libshutdown$$00000007) for __rt_lib_shutdown_fp_trap_1
    libshutdown.o(.ARM.Collect$$libshutdown$$00000000) refers (Special) to libshutdown2.o(.ARM.Collect$$libshutdown$$0000000F) for __rt_lib_shutdown_heap_1
    libshutdown.o(.ARM.Collect$$libshutdown$$00000000) refers (Special) to libshutdown2.o(.ARM.Collect$$libshutdown$$00000010) for __rt_lib_shutdown_return
    libshutdown.o(.ARM.Collect$$libshutdown$$00000000) refers (Special) to libshutdown2.o(.ARM.Collect$$libshutdown$$0000000A) for __rt_lib_shutdown_signal_1
    libshutdown.o(.ARM.Collect$$libshutdown$$00000000) refers (Special) to libshutdown2.o(.ARM.Collect$$libshutdown$$00000004) for __rt_lib_shutdown_stdio_1
    libshutdown.o(.ARM.Collect$$libshutdown$$00000000) refers (Special) to libshutdown2.o(.ARM.Collect$$libshutdown$$0000000C) for __rt_lib_shutdown_user_alloc_1


==============================================================================

Removing Unused input sections from the image.

    Removing main.o(.rev16_text), (4 bytes).
    Removing main.o(.revsh_text), (4 bytes).
    Removing main.o(.emb_text), (30 bytes).
    Removing main.o(i.MMA7660_set_mode), (56 bytes).
    Removing main.o(i.int_to_uint), (20 bytes).
    Removing main.o(i.qToFloat_), (54 bytes).
    Removing main.o(i.read_data), (356 bytes).
    Removing main.o(.bss), (36 bytes).
    Removing main.o(.constdata), (1 bytes).
    Removing main.o(.constdata), (1 bytes).
    Removing main.o(.constdata), (1 bytes).
    Removing main.o(.constdata), (1 bytes).
    Removing main.o(.constdata), (1 bytes).
    Removing main.o(.constdata), (1 bytes).
    Removing main.o(.constdata), (1 bytes).
    Removing main.o(.constdata), (4 bytes).
    Removing main.o(.constdata), (1 bytes).
    Removing main.o(.constdata), (1 bytes).
    Removing main.o(.data), (4 bytes).
    Removing main.o(.data), (1 bytes).
    Removing app_uart_fifo.o(.rev16_text), (4 bytes).
    Removing app_uart_fifo.o(.revsh_text), (4 bytes).
    Removing app_uart_fifo.o(i.app_uart_close), (10 bytes).
    Removing app_uart_fifo.o(i.app_uart_flush), (28 bytes).
    Removing app_uart_fifo.o(i.app_uart_get), (52 bytes).
    Removing app_uart_fifo.o(i.app_uart_init), (160 bytes).
    Removing app_uart_fifo.o(i.app_uart_put), (56 bytes).
    Removing app_uart_fifo.o(i.uart_event_handler), (176 bytes).
    Removing app_uart_fifo.o(.bss), (32 bytes).
    Removing app_uart_fifo.o(.constdata), (32 bytes).
    Removing app_uart_fifo.o(.data), (8 bytes).
    Removing nrf_delay.o(.rev16_text), (4 bytes).
    Removing nrf_delay.o(.revsh_text), (4 bytes).
    Removing nrf_drv_common.o(.rev16_text), (4 bytes).
    Removing nrf_drv_common.o(.revsh_text), (4 bytes).
    Removing nrf_drv_twi.o(.rev16_text), (4 bytes).
    Removing nrf_drv_twi.o(.revsh_text), (4 bytes).
    Removing nrf_drv_twi.o(i.nrf_drv_twi_data_count_get), (20 bytes).
    Removing nrf_drv_twi.o(i.nrf_drv_twi_disable), (56 bytes).
    Removing nrf_drv_twi.o(i.nrf_drv_twi_start_task_get), (16 bytes).
    Removing nrf_drv_twi.o(i.nrf_drv_twi_stopped_event_get), (8 bytes).
    Removing nrf_drv_twi.o(i.nrf_drv_twi_uninit), (52 bytes).
    Removing nrf_drv_uart.o(.rev16_text), (4 bytes).
    Removing nrf_drv_uart.o(.revsh_text), (4 bytes).
    Removing nrf_drv_uart.o(i.nrf_drv_uart_errorsrc_get), (28 bytes).
    Removing nrf_drv_uart.o(i.nrf_drv_uart_init), (200 bytes).
    Removing nrf_drv_uart.o(i.nrf_drv_uart_rx), (76 bytes).
    Removing nrf_drv_uart.o(i.nrf_drv_uart_rx_abort), (24 bytes).
    Removing nrf_drv_uart.o(i.nrf_drv_uart_rx_disable), (24 bytes).
    Removing nrf_drv_uart.o(i.nrf_drv_uart_rx_enable), (24 bytes).
    Removing nrf_drv_uart.o(i.nrf_drv_uart_rx_for_uart), (156 bytes).
    Removing nrf_drv_uart.o(i.nrf_drv_uart_tx), (36 bytes).
    Removing nrf_drv_uart.o(i.nrf_drv_uart_tx_abort), (44 bytes).
    Removing nrf_drv_uart.o(i.nrf_drv_uart_tx_for_uart), (116 bytes).
    Removing nrf_drv_uart.o(i.nrf_drv_uart_tx_in_progress), (16 bytes).
    Removing nrf_drv_uart.o(i.nrf_drv_uart_uninit), (108 bytes).
    Removing nrf_drv_uart.o(i.nrf_gpio_cfg), (36 bytes).
    Removing nrf_drv_uart.o(i.nrf_gpio_cfg_default), (18 bytes).
    Removing nrf_drv_uart.o(i.nrf_gpio_cfg_input), (18 bytes).
    Removing nrf_drv_uart.o(i.nrf_gpio_cfg_output), (20 bytes).
    Removing nrf_drv_uart.o(i.rx_enable), (28 bytes).
    Removing nrf_drv_uart.o(.constdata), (32 bytes).
    Removing app_error.o(.rev16_text), (4 bytes).
    Removing app_error.o(.revsh_text), (4 bytes).
    Removing app_error.o(i.app_error_handler), (28 bytes).
    Removing app_error.o(i.app_error_save_and_stop), (100 bytes).
    Removing app_error.o(.bss), (32 bytes).
    Removing app_error_weak.o(.rev16_text), (4 bytes).
    Removing app_error_weak.o(.revsh_text), (4 bytes).
    Removing app_fifo.o(.rev16_text), (4 bytes).
    Removing app_fifo.o(.revsh_text), (4 bytes).
    Removing app_fifo.o(i.app_fifo_flush), (8 bytes).
    Removing app_fifo.o(i.app_fifo_get), (22 bytes).
    Removing app_fifo.o(i.app_fifo_init), (36 bytes).
    Removing app_fifo.o(i.app_fifo_peek), (34 bytes).
    Removing app_fifo.o(i.app_fifo_put), (26 bytes).
    Removing app_fifo.o(i.app_fifo_read), (72 bytes).
    Removing app_fifo.o(i.app_fifo_write), (78 bytes).
    Removing app_fifo.o(i.fifo_get), (20 bytes).
    Removing app_fifo.o(i.fifo_put), (18 bytes).
    Removing app_util_platform.o(.rev16_text), (4 bytes).
    Removing app_util_platform.o(.revsh_text), (4 bytes).
    Removing app_util_platform.o(i.app_util_critical_region_enter), (8 bytes).
    Removing app_util_platform.o(i.app_util_critical_region_exit), (8 bytes).
    Removing app_util_platform.o(i.app_util_disable_irq), (16 bytes).
    Removing app_util_platform.o(i.app_util_enable_irq), (20 bytes).
    Removing app_util_platform.o(.data), (4 bytes).
    Removing nrf_assert.o(.rev16_text), (4 bytes).
    Removing nrf_assert.o(.revsh_text), (4 bytes).
    Removing retarget.o(.rev16_text), (4 bytes).
    Removing retarget.o(.revsh_text), (4 bytes).
    Removing retarget.o(i.fgetc), (18 bytes).
    Removing retarget.o(i.fputc), (14 bytes).
    Removing segger_rtt.o(i.SEGGER_RTT_ConfigDownBuffer), (52 bytes).
    Removing segger_rtt.o(i.SEGGER_RTT_ConfigUpBuffer), (52 bytes).
    Removing segger_rtt.o(i.SEGGER_RTT_GetKey), (28 bytes).
    Removing segger_rtt.o(i.SEGGER_RTT_HasKey), (24 bytes).
    Removing segger_rtt.o(i.SEGGER_RTT_Init), (2 bytes).
    Removing segger_rtt.o(i.SEGGER_RTT_Read), (112 bytes).
    Removing segger_rtt.o(i.SEGGER_RTT_SetTerminal), (48 bytes).
    Removing segger_rtt.o(i.SEGGER_RTT_TerminalOut), (100 bytes).
    Removing segger_rtt.o(i.SEGGER_RTT_WaitKey), (12 bytes).
    Removing segger_rtt.o(i.SEGGER_RTT_WriteString), (30 bytes).
    Removing rtt_syscalls_keil.o(i._sys_close), (4 bytes).
    Removing rtt_syscalls_keil.o(i._sys_command_string), (2 bytes).
    Removing rtt_syscalls_keil.o(i._sys_ensure), (6 bytes).
    Removing rtt_syscalls_keil.o(i._sys_flen), (4 bytes).
    Removing rtt_syscalls_keil.o(i._sys_istty), (16 bytes).
    Removing rtt_syscalls_keil.o(i._sys_open), (52 bytes).
    Removing rtt_syscalls_keil.o(i._sys_read), (4 bytes).
    Removing rtt_syscalls_keil.o(i._sys_seek), (4 bytes).
    Removing rtt_syscalls_keil.o(i._sys_tmpnam), (4 bytes).
    Removing rtt_syscalls_keil.o(i._sys_write), (28 bytes).
    Removing rtt_syscalls_keil.o(i._ttywrch), (20 bytes).
    Removing rtt_syscalls_keil.o(.constdata), (6 bytes).
    Removing rtt_syscalls_keil.o(.constdata), (14 bytes).
    Removing system_nrf51.o(.rev16_text), (4 bytes).
    Removing system_nrf51.o(.revsh_text), (4 bytes).
    Removing system_nrf51.o(i.SystemCoreClockUpdate), (16 bytes).

119 unused section(s) (total 3586 bytes) removed from the image.

==============================================================================

Image Symbol Table

    Local Symbols

    Symbol Name                              Value     Ov Type        Size  Object(Section)

    ../clib/angel/boardlib.s                 0x00000000   Number         0  boardshut.o ABSOLUTE
    ../clib/angel/boardlib.s                 0x00000000   Number         0  boardinit1.o ABSOLUTE
    ../clib/angel/boardlib.s                 0x00000000   Number         0  boardinit2.o ABSOLUTE
    ../clib/angel/boardlib.s                 0x00000000   Number         0  boardinit3.o ABSOLUTE
    ../clib/angel/handlers.s                 0x00000000   Number         0  __scatter_copy.o ABSOLUTE
    ../clib/angel/handlers.s                 0x00000000   Number         0  __scatter_zi.o ABSOLUTE
    ../clib/angel/kernel.s                   0x00000000   Number         0  rtexit2.o ABSOLUTE
    ../clib/angel/kernel.s                   0x00000000   Number         0  __rtentry.o ABSOLUTE
    ../clib/angel/kernel.s                   0x00000000   Number         0  __rtentry2.o ABSOLUTE
    ../clib/angel/kernel.s                   0x00000000   Number         0  rtexit.o ABSOLUTE
    ../clib/angel/kernel.s                   0x00000000   Number         0  __rtentry4.o ABSOLUTE
    ../clib/angel/rt.s                       0x00000000   Number         0  rt_errno_addr.o ABSOLUTE
    ../clib/angel/rt.s                       0x00000000   Number         0  aeabi_idiv0.o ABSOLUTE
    ../clib/angel/rt.s                       0x00000000   Number         0  aeabi_idiv0_sigfpe.o ABSOLUTE
    ../clib/angel/rt.s                       0x00000000   Number         0  rt_div0.o ABSOLUTE
    ../clib/angel/rt.s                       0x00000000   Number         0  rt_raise.o ABSOLUTE
    ../clib/angel/rt.s                       0x00000000   Number         0  rt_heap_descriptor.o ABSOLUTE
    ../clib/angel/rt.s                       0x00000000   Number         0  rt_heap_descriptor_intlibspace.o ABSOLUTE
    ../clib/angel/rt.s                       0x00000000   Number         0  rt_errno_addr_intlibspace.o ABSOLUTE
    ../clib/angel/scatterp.s                 0x00000000   Number         0  __scatter.o ABSOLUTE
    ../clib/angel/startup.s                  0x00000000   Number         0  __main.o ABSOLUTE
    ../clib/angel/sys.s                      0x00000000   Number         0  use_no_semi.o ABSOLUTE
    ../clib/angel/sys.s                      0x00000000   Number         0  use_no_semi_2.o ABSOLUTE
    ../clib/angel/sys.s                      0x00000000   Number         0  tempstk.o ABSOLUTE
    ../clib/angel/sys.s                      0x00000000   Number         0  libspace.o ABSOLUTE
    ../clib/angel/sys.s                      0x00000000   Number         0  sys_stackheap_outer.o ABSOLUTE
    ../clib/angel/sys.s                      0x00000000   Number         0  mutex_dummy.o ABSOLUTE
    ../clib/armsys.c                         0x00000000   Number         0  _get_argv.o ABSOLUTE
    ../clib/armsys.c                         0x00000000   Number         0  argv_veneer.o ABSOLUTE
    ../clib/armsys.c                         0x00000000   Number         0  no_argv.o ABSOLUTE
    ../clib/armsys.c                         0x00000000   Number         0  _get_argv_nomalloc.o ABSOLUTE
    ../clib/division.c                       0x00000000   Number         0  rtudiv10.o ABSOLUTE
    ../clib/division.s                       0x00000000   Number         0  aeabi_sdiv.o ABSOLUTE
    ../clib/division.s                       0x00000000   Number         0  aeabi_sdiv_div0.o ABSOLUTE
    ../clib/fenv.c                           0x00000000   Number         0  _rserrno.o ABSOLUTE
    ../clib/heap1.c                          0x00000000   Number         0  h1_alloc.o ABSOLUTE
    ../clib/heap1.c                          0x00000000   Number         0  h1_alloc_mt.o ABSOLUTE
    ../clib/heap1.c                          0x00000000   Number         0  h1_free_mt.o ABSOLUTE
    ../clib/heap1.c                          0x00000000   Number         0  h1_extend_mt.o ABSOLUTE
    ../clib/heap1.c                          0x00000000   Number         0  h1_free.o ABSOLUTE
    ../clib/heap1.c                          0x00000000   Number         0  h1_final_mt.o ABSOLUTE
    ../clib/heap1.c                          0x00000000   Number         0  h1_final.o ABSOLUTE
    ../clib/heap1.c                          0x00000000   Number         0  h1_extend.o ABSOLUTE
    ../clib/heap1.c                          0x00000000   Number         0  h1_init.o ABSOLUTE
    ../clib/heap1.c                          0x00000000   Number         0  h1_init_mt.o ABSOLUTE
    ../clib/heap2.c                          0x00000000   Number         0  fdtree.o ABSOLUTE
    ../clib/heap2.c                          0x00000000   Number         0  heap2.o ABSOLUTE
    ../clib/heap2.c                          0x00000000   Number         0  heap2mt.o ABSOLUTE
    ../clib/heapalloc.c                      0x00000000   Number         0  free.o ABSOLUTE
    ../clib/heapalloc.c                      0x00000000   Number         0  maybetermalloc2.o ABSOLUTE
    ../clib/heapalloc.c                      0x00000000   Number         0  heapstubs.o ABSOLUTE
    ../clib/heapalloc.c                      0x00000000   Number         0  malloc.o ABSOLUTE
    ../clib/heapalloc.c                      0x00000000   Number         0  maybetermalloc2.o ABSOLUTE
    ../clib/heapalloc.c                      0x00000000   Number         0  hguard.o ABSOLUTE
    ../clib/heapalloc.c                      0x00000000   Number         0  maybetermalloc1.o ABSOLUTE
    ../clib/heapalloc.c                      0x00000000   Number         0  term_alloc.o ABSOLUTE
    ../clib/heapalloc.c                      0x00000000   Number         0  hrguard.o ABSOLUTE
    ../clib/heapalloc.c                      0x00000000   Number         0  maybetermalloc1.o ABSOLUTE
    ../clib/heapalloc.c                      0x00000000   Number         0  init_alloc.o ABSOLUTE
    ../clib/heapaux.c                        0x00000000   Number         0  heapauxi.o ABSOLUTE
    ../clib/heapaux.c                        0x00000000   Number         0  heapauxa.o ABSOLUTE
    ../clib/libinit.s                        0x00000000   Number         0  libinit.o ABSOLUTE
    ../clib/libinit.s                        0x00000000   Number         0  libshutdown.o ABSOLUTE
    ../clib/libinit.s                        0x00000000   Number         0  libshutdown2.o ABSOLUTE
    ../clib/libinit.s                        0x00000000   Number         0  libinit2.o ABSOLUTE
    ../clib/memcpset.c                       0x00000000   Number         0  rt_memcpy.o ABSOLUTE
    ../clib/memcpset.c                       0x00000000   Number         0  rt_memcpy.o ABSOLUTE
    ../clib/memcpset.c                       0x00000000   Number         0  rt_memclr.o ABSOLUTE
    ../clib/misc.s                           0x00000000   Number         0  printf_stubs.o ABSOLUTE
    ../clib/printf.c                         0x00000000   Number         0  _printf_char.o ABSOLUTE
    ../clib/printf.c                         0x00000000   Number         0  _printf_intcommon.o ABSOLUTE
    ../clib/printf.c                         0x00000000   Number         0  __2printf.o ABSOLUTE
    ../clib/printf.c                         0x00000000   Number         0  noretval__2printf.o ABSOLUTE
    ../clib/printf.c                         0x00000000   Number         0  __printf.o ABSOLUTE
    ../clib/printf.c                         0x00000000   Number         0  _printf_pad.o ABSOLUTE
    ../clib/printf.c                         0x00000000   Number         0  _printf_dec.o ABSOLUTE
    ../clib/printf.c                         0x00000000   Number         0  __printf_flags.o ABSOLUTE
    ../clib/printf.c                         0x00000000   Number         0  __printf_ss.o ABSOLUTE
    ../clib/printf.c                         0x00000000   Number         0  __printf_flags_ss.o ABSOLUTE
    ../clib/printf.c                         0x00000000   Number         0  __printf_wp.o ABSOLUTE
    ../clib/printf.c                         0x00000000   Number         0  __printf_flags_wp.o ABSOLUTE
    ../clib/printf.c                         0x00000000   Number         0  __printf_ss_wp.o ABSOLUTE
    ../clib/printf.c                         0x00000000   Number         0  __printf_flags_ss_wp.o ABSOLUTE
    ../clib/printf.c                         0x00000000   Number         0  _printf_str.o ABSOLUTE
    ../clib/printf.c                         0x00000000   Number         0  _printf_char_common.o ABSOLUTE
    ../clib/printf.c                         0x00000000   Number         0  __printf_nopercent.o ABSOLUTE
    ../clib/printf.c                         0x00000000   Number         0  _printf_char_file.o ABSOLUTE
    ../clib/printf_percent.s                 0x00000000   Number         0  _printf_percent.o ABSOLUTE
    ../clib/printf_percent.s                 0x00000000   Number         0  _printf_s.o ABSOLUTE
    ../clib/printf_percent.s                 0x00000000   Number         0  _printf_d.o ABSOLUTE
    ../clib/printf_percent.s                 0x00000000   Number         0  _printf_percent_end.o ABSOLUTE
    ../clib/signal.c                         0x00000000   Number         0  defsig_general.o ABSOLUTE
    ../clib/signal.c                         0x00000000   Number         0  defsig_pvfn_inner.o ABSOLUTE
    ../clib/signal.c                         0x00000000   Number         0  defsig_rtmem_formal.o ABSOLUTE
    ../clib/signal.c                         0x00000000   Number         0  defsig_rtmem_outer.o ABSOLUTE
    ../clib/signal.c                         0x00000000   Number         0  defsig_fpe_inner.o ABSOLUTE
    ../clib/signal.c                         0x00000000   Number         0  defsig_cppl_inner.o ABSOLUTE
    ../clib/signal.c                         0x00000000   Number         0  __raise.o ABSOLUTE
    ../clib/signal.c                         0x00000000   Number         0  defsig_stak_inner.o ABSOLUTE
    ../clib/signal.c                         0x00000000   Number         0  defsig_rtred_formal.o ABSOLUTE
    ../clib/signal.c                         0x00000000   Number         0  defsig_fpe_outer.o ABSOLUTE
    ../clib/signal.c                         0x00000000   Number         0  defsig_rtmem_inner.o ABSOLUTE
    ../clib/signal.c                         0x00000000   Number         0  defsig_exit.o ABSOLUTE
    ../clib/signal.c                         0x00000000   Number         0  defsig_abrt_inner.o ABSOLUTE
    ../clib/signal.c                         0x00000000   Number         0  defsig_rtred_outer.o ABSOLUTE
    ../clib/signal.c                         0x00000000   Number         0  defsig_segv_inner.o ABSOLUTE
    ../clib/signal.c                         0x00000000   Number         0  defsig_other.o ABSOLUTE
    ../clib/signal.c                         0x00000000   Number         0  defsig_fpe_formal.o ABSOLUTE
    ../clib/signal.c                         0x00000000   Number         0  defsig_rtred_inner.o ABSOLUTE
    ../clib/signal.s                         0x00000000   Number         0  defsig.o ABSOLUTE
    ../clib/stdio.c                          0x00000000   Number         0  initio_locked.o ABSOLUTE
    ../clib/stdio.c                          0x00000000   Number         0  fseek.o ABSOLUTE
    ../clib/stdio.c                          0x00000000   Number         0  fflush_locked.o ABSOLUTE
    ../clib/stdio.c                          0x00000000   Number         0  stdio_streams.o ABSOLUTE
    ../clib/stdio.c                          0x00000000   Number         0  setvbuf.o ABSOLUTE
    ../clib/stdio.c                          0x00000000   Number         0  fopen.o ABSOLUTE
    ../clib/stdio.c                          0x00000000   Number         0  ferror_locked.o ABSOLUTE
    ../clib/stdio.c                          0x00000000   Number         0  setvbuf_locked.o ABSOLUTE
    ../clib/stdio.c                          0x00000000   Number         0  fopen_locked.o ABSOLUTE
    ../clib/stdio.c                          0x00000000   Number         0  ferror.o ABSOLUTE
    ../clib/stdio.c                          0x00000000   Number         0  ftell.o ABSOLUTE
    ../clib/stdio.c                          0x00000000   Number         0  fflush.o ABSOLUTE
    ../clib/stdio.c                          0x00000000   Number         0  fclose.o ABSOLUTE
    ../clib/stdio.c                          0x00000000   Number         0  stdio.o ABSOLUTE
    ../clib/stdio.c                          0x00000000   Number         0  initio.o ABSOLUTE
    ../clib/stdio.c                          0x00000000   Number         0  streamlock.o ABSOLUTE
    ../clib/stdlib.c                         0x00000000   Number         0  exit.o ABSOLUTE
    ../clib/string.c                         0x00000000   Number         0  strcmp.o ABSOLUTE
    ../fplib/cfplib/cmpret.c                 0x00000000   Number         0  cmpret.o ABSOLUTE
    ../fplib/cfplib/d2f.c                    0x00000000   Number         0  d2f.o ABSOLUTE
    ../fplib/cfplib/daddsub.c                0x00000000   Number         0  daddsub.o ABSOLUTE
    ../fplib/cfplib/dcmpin.c                 0x00000000   Number         0  dcmpin.o ABSOLUTE
    ../fplib/cfplib/ddiv.c                   0x00000000   Number         0  ddiv.o ABSOLUTE
    ../fplib/cfplib/dmul.c                   0x00000000   Number         0  dmul.o ABSOLUTE
    ../fplib/cfplib/dsqrt.c                  0x00000000   Number         0  dsqrt.o ABSOLUTE
    ../fplib/cfplib/f2d.c                    0x00000000   Number         0  f2d.o ABSOLUTE
    ../fplib/cfplib/fflt.c                   0x00000000   Number         0  fflti.o ABSOLUTE
    ../fplib/cfplib/fflt.c                   0x00000000   Number         0  dflti.o ABSOLUTE
    ../fplib/cfplib/fpinit.c                 0x00000000   Number         0  fpinit.o ABSOLUTE
    ../fplib/cfplib/nan2.c                   0x00000000   Number         0  dnan2.o ABSOLUTE
    ../fplib/cfplib/retnan.c                 0x00000000   Number         0  retnan.o ABSOLUTE
    ../fplib/cfplib/scalbn.c                 0x00000000   Number         0  dscalbn.o ABSOLUTE
    ../fplib/dleqf6m.s                       0x00000000   Number         0  dlef.o ABSOLUTE
    ../fplib/drleqf6m.s                      0x00000000   Number         0  drlef.o ABSOLUTE
    ../fplib/usenofp.s                       0x00000000   Number         0  usenofp.o ABSOLUTE
    ../mathlib/dunder.c                      0x00000000   Number         0  dunder.o ABSOLUTE
    ../mathlib/fpclassify.c                  0x00000000   Number         0  fpclassify.o ABSOLUTE
    ../mathlib/poly.c                        0x00000000   Number         0  poly.o ABSOLUTE
    ../mathlib/pow.c                         0x00000000   Number         0  pow.o ABSOLUTE
    ../mathlib/pow.c                         0x00000000   Number         0  pow_x.o ABSOLUTE
    ../mathlib/qnan.c                        0x00000000   Number         0  qnan.o ABSOLUTE
    ../mathlib/sqrt.c                        0x00000000   Number         0  sqrt_x.o ABSOLUTE
    ../mathlib/sqrt.c                        0x00000000   Number         0  sqrt.o ABSOLUTE
    ..\..\..\..\..\components\drivers_nrf\common\nrf_drv_common.c 0x00000000   Number         0  nrf_drv_common.o ABSOLUTE
    ..\..\..\..\..\components\drivers_nrf\delay\nrf_delay.c 0x00000000   Number         0  nrf_delay.o ABSOLUTE
    ..\..\..\..\..\components\drivers_nrf\twi_master\nrf_drv_twi.c 0x00000000   Number         0  nrf_drv_twi.o ABSOLUTE
    ..\..\..\..\..\components\drivers_nrf\uart\nrf_drv_uart.c 0x00000000   Number         0  nrf_drv_uart.o ABSOLUTE
    ..\..\..\..\..\components\libraries\fifo\app_fifo.c 0x00000000   Number         0  app_fifo.o ABSOLUTE
    ..\..\..\..\..\components\libraries\uart\app_uart_fifo.c 0x00000000   Number         0  app_uart_fifo.o ABSOLUTE
    ..\..\..\..\..\components\libraries\uart\retarget.c 0x00000000   Number         0  retarget.o ABSOLUTE
    ..\..\..\..\..\components\libraries\util\app_error.c 0x00000000   Number         0  app_error.o ABSOLUTE
    ..\..\..\..\..\components\libraries\util\app_error_weak.c 0x00000000   Number         0  app_error_weak.o ABSOLUTE
    ..\..\..\..\..\components\libraries\util\app_util_platform.c 0x00000000   Number         0  app_util_platform.o ABSOLUTE
    ..\..\..\..\..\components\libraries\util\nrf_assert.c 0x00000000   Number         0  nrf_assert.o ABSOLUTE
    ..\..\main.c                             0x00000000   Number         0  main.o ABSOLUTE
    ..\\..\\..\\..\\..\\components\\drivers_nrf\\common\\nrf_drv_common.c 0x00000000   Number         0  nrf_drv_common.o ABSOLUTE
    ..\\..\\..\\..\\..\\components\\drivers_nrf\\delay\\nrf_delay.c 0x00000000   Number         0  nrf_delay.o ABSOLUTE
    ..\\..\\..\\..\\..\\components\\drivers_nrf\\twi_master\\nrf_drv_twi.c 0x00000000   Number         0  nrf_drv_twi.o ABSOLUTE
    ..\\..\\..\\..\\..\\components\\drivers_nrf\\uart\\nrf_drv_uart.c 0x00000000   Number         0  nrf_drv_uart.o ABSOLUTE
    ..\\..\\..\\..\\..\\components\\libraries\\fifo\\app_fifo.c 0x00000000   Number         0  app_fifo.o ABSOLUTE
    ..\\..\\..\\..\\..\\components\\libraries\\uart\\app_uart_fifo.c 0x00000000   Number         0  app_uart_fifo.o ABSOLUTE
    ..\\..\\..\\..\\..\\components\\libraries\\uart\\retarget.c 0x00000000   Number         0  retarget.o ABSOLUTE
    ..\\..\\..\\..\\..\\components\\libraries\\util\\app_error.c 0x00000000   Number         0  app_error.o ABSOLUTE
    ..\\..\\..\\..\\..\\components\\libraries\\util\\app_error_weak.c 0x00000000   Number         0  app_error_weak.o ABSOLUTE
    ..\\..\\..\\..\\..\\components\\libraries\\util\\app_util_platform.c 0x00000000   Number         0  app_util_platform.o ABSOLUTE
    ..\\..\\..\\..\\..\\components\\libraries\\util\\nrf_assert.c 0x00000000   Number         0  nrf_assert.o ABSOLUTE
    ..\\..\\main.c                           0x00000000   Number         0  main.o ABSOLUTE
    C:\Keil_v5\ARM\PACK\NordicSemiconductor\RTT\SEGGER_RTT.c 0x00000000   Number         0  segger_rtt.o ABSOLUTE
    C:\Keil_v5\ARM\PACK\NordicSemiconductor\RTT\SEGGER_RTT_printf.c 0x00000000   Number         0  segger_rtt_printf.o ABSOLUTE
    C:\Keil_v5\ARM\PACK\NordicSemiconductor\Syscalls\RTT_Syscalls_KEIL.c 0x00000000   Number         0  rtt_syscalls_keil.o ABSOLUTE
    RTE\Device\nRF51822_xxAA\arm_startup_nrf51.s 0x00000000   Number         0  arm_startup_nrf51.o ABSOLUTE
    RTE\Device\nRF51822_xxAA\system_nrf51.c  0x00000000   Number         0  system_nrf51.o ABSOLUTE
    RTE\\Device\\nRF51822_xxAA\\system_nrf51.c 0x00000000   Number         0  system_nrf51.o ABSOLUTE
    dc.s                                     0x00000000   Number         0  dc.o ABSOLUTE
    RESET                                    0x0001b000   Section      192  arm_startup_nrf51.o(RESET)
    !!!main                                  0x0001b0c0   Section        8  __main.o(!!!main)
    !!!scatter                               0x0001b0c8   Section       60  __scatter.o(!!!scatter)
    !!handler_copy                           0x0001b104   Section       26  __scatter_copy.o(!!handler_copy)
    !!handler_zi                             0x0001b120   Section       28  __scatter_zi.o(!!handler_zi)
    .ARM.Collect$$libinit$$00000000          0x0001b13c   Section        2  libinit.o(.ARM.Collect$$libinit$$00000000)
    .ARM.Collect$$libinit$$00000002          0x0001b13e   Section        0  libinit2.o(.ARM.Collect$$libinit$$00000002)
    .ARM.Collect$$libinit$$00000004          0x0001b13e   Section        0  libinit2.o(.ARM.Collect$$libinit$$00000004)
    .ARM.Collect$$libinit$$0000000A          0x0001b13e   Section        0  libinit2.o(.ARM.Collect$$libinit$$0000000A)
    .ARM.Collect$$libinit$$0000000C          0x0001b13e   Section        0  libinit2.o(.ARM.Collect$$libinit$$0000000C)
    .ARM.Collect$$libinit$$0000000E          0x0001b13e   Section        0  libinit2.o(.ARM.Collect$$libinit$$0000000E)
    .ARM.Collect$$libinit$$00000011          0x0001b13e   Section        0  libinit2.o(.ARM.Collect$$libinit$$00000011)
    .ARM.Collect$$libinit$$00000013          0x0001b13e   Section        0  libinit2.o(.ARM.Collect$$libinit$$00000013)
    .ARM.Collect$$libinit$$00000015          0x0001b13e   Section        0  libinit2.o(.ARM.Collect$$libinit$$00000015)
    .ARM.Collect$$libinit$$00000017          0x0001b13e   Section        0  libinit2.o(.ARM.Collect$$libinit$$00000017)
    .ARM.Collect$$libinit$$00000019          0x0001b13e   Section        0  libinit2.o(.ARM.Collect$$libinit$$00000019)
    .ARM.Collect$$libinit$$0000001B          0x0001b13e   Section        0  libinit2.o(.ARM.Collect$$libinit$$0000001B)
    .ARM.Collect$$libinit$$0000001D          0x0001b13e   Section        0  libinit2.o(.ARM.Collect$$libinit$$0000001D)
    .ARM.Collect$$libinit$$0000001F          0x0001b13e   Section        0  libinit2.o(.ARM.Collect$$libinit$$0000001F)
    .ARM.Collect$$libinit$$00000021          0x0001b13e   Section        0  libinit2.o(.ARM.Collect$$libinit$$00000021)
    .ARM.Collect$$libinit$$00000023          0x0001b13e   Section        0  libinit2.o(.ARM.Collect$$libinit$$00000023)
    .ARM.Collect$$libinit$$00000025          0x0001b13e   Section        0  libinit2.o(.ARM.Collect$$libinit$$00000025)
    .ARM.Collect$$libinit$$0000002C          0x0001b13e   Section        0  libinit2.o(.ARM.Collect$$libinit$$0000002C)
    .ARM.Collect$$libinit$$0000002E          0x0001b13e   Section        0  libinit2.o(.ARM.Collect$$libinit$$0000002E)
    .ARM.Collect$$libinit$$00000030          0x0001b13e   Section        0  libinit2.o(.ARM.Collect$$libinit$$00000030)
    .ARM.Collect$$libinit$$00000032          0x0001b13e   Section        0  libinit2.o(.ARM.Collect$$libinit$$00000032)
    .ARM.Collect$$libinit$$00000033          0x0001b13e   Section        2  libinit2.o(.ARM.Collect$$libinit$$00000033)
    .ARM.Collect$$libshutdown$$00000000      0x0001b140   Section        2  libshutdown.o(.ARM.Collect$$libshutdown$$00000000)
    .ARM.Collect$$libshutdown$$00000002      0x0001b142   Section        0  libshutdown2.o(.ARM.Collect$$libshutdown$$00000002)
    .ARM.Collect$$libshutdown$$00000004      0x0001b142   Section        0  libshutdown2.o(.ARM.Collect$$libshutdown$$00000004)
    .ARM.Collect$$libshutdown$$00000007      0x0001b142   Section        0  libshutdown2.o(.ARM.Collect$$libshutdown$$00000007)
    .ARM.Collect$$libshutdown$$0000000A      0x0001b142   Section        0  libshutdown2.o(.ARM.Collect$$libshutdown$$0000000A)
    .ARM.Collect$$libshutdown$$0000000C      0x0001b142   Section        0  libshutdown2.o(.ARM.Collect$$libshutdown$$0000000C)
    .ARM.Collect$$libshutdown$$0000000F      0x0001b142   Section        0  libshutdown2.o(.ARM.Collect$$libshutdown$$0000000F)
    .ARM.Collect$$libshutdown$$00000010      0x0001b142   Section        2  libshutdown2.o(.ARM.Collect$$libshutdown$$00000010)
    .ARM.Collect$$rtentry$$00000000          0x0001b144   Section        0  __rtentry.o(.ARM.Collect$$rtentry$$00000000)
    .ARM.Collect$$rtentry$$00000002          0x0001b144   Section        0  __rtentry2.o(.ARM.Collect$$rtentry$$00000002)
    .ARM.Collect$$rtentry$$00000004          0x0001b144   Section        6  __rtentry4.o(.ARM.Collect$$rtentry$$00000004)
    .ARM.Collect$$rtentry$$00000009          0x0001b14a   Section        0  __rtentry2.o(.ARM.Collect$$rtentry$$00000009)
    .ARM.Collect$$rtentry$$0000000A          0x0001b14a   Section        4  __rtentry2.o(.ARM.Collect$$rtentry$$0000000A)
    .ARM.Collect$$rtentry$$0000000C          0x0001b14e   Section        0  __rtentry2.o(.ARM.Collect$$rtentry$$0000000C)
    .ARM.Collect$$rtentry$$0000000D          0x0001b14e   Section        8  __rtentry2.o(.ARM.Collect$$rtentry$$0000000D)
    .ARM.Collect$$rtexit$$00000000           0x0001b156   Section        2  rtexit.o(.ARM.Collect$$rtexit$$00000000)
    .ARM.Collect$$rtexit$$00000002           0x0001b158   Section        0  rtexit2.o(.ARM.Collect$$rtexit$$00000002)
    .ARM.Collect$$rtexit$$00000003           0x0001b158   Section        4  rtexit2.o(.ARM.Collect$$rtexit$$00000003)
    .ARM.Collect$$rtexit$$00000004           0x0001b15c   Section        6  rtexit2.o(.ARM.Collect$$rtexit$$00000004)
    .emb_text                                0x0001b164   Section       30  nrf_delay.o(.emb_text)
    .emb_text                                0x0001b184   Section       30  nrf_drv_twi.o(.emb_text)
    .emb_text                                0x0001b1a4   Section       56  rt_memcpy.o(.emb_text)
    .text                                    0x0001b1dc   Section       84  arm_startup_nrf51.o(.text)
    .text                                    0x0001b230   Section        2  use_no_semi_2.o(.text)
    .text                                    0x0001b232   Section        0  rt_memcpy.o(.text)
    .text                                    0x0001b2b4   Section      346  aeabi_sdiv.o(.text)
    .text                                    0x0001b40e   Section        0  heapauxi.o(.text)
    .text                                    0x0001b414   Section        2  use_no_semi.o(.text)
    .text                                    0x0001b418   Section        8  libspace.o(.text)
    .text                                    0x0001b420   Section       62  sys_stackheap_outer.o(.text)
    .text                                    0x0001b45e   Section        0  exit.o(.text)
    i.SEGGER_RTT_Write                       0x0001b470   Section        0  segger_rtt.o(i.SEGGER_RTT_Write)
    i.SEGGER_RTT_printf                      0x0001b500   Section        0  segger_rtt_printf.o(i.SEGGER_RTT_printf)
    i.SEGGER_RTT_vprintf                     0x0001b518   Section        0  segger_rtt_printf.o(i.SEGGER_RTT_vprintf)
    i.SPI0_TWI0_IRQHandler                   0x0001b6a8   Section        0  nrf_drv_twi.o(i.SPI0_TWI0_IRQHandler)
    i.SystemInit                             0x0001b6bc   Section        0  system_nrf51.o(i.SystemInit)
    i.UART0_IRQHandler                       0x0001b75c   Section        0  nrf_drv_uart.o(i.UART0_IRQHandler)
    i._PrintInt                              0x0001b764   Section        0  segger_rtt_printf.o(i._PrintInt)
    _PrintInt                                0x0001b765   Thumb Code   196  segger_rtt_printf.o(i._PrintInt)
    i._PrintUnsigned                         0x0001b828   Section        0  segger_rtt_printf.o(i._PrintUnsigned)
    _PrintUnsigned                           0x0001b829   Thumb Code   224  segger_rtt_printf.o(i._PrintUnsigned)
    i._StoreChar                             0x0001b90c   Section        0  segger_rtt_printf.o(i._StoreChar)
    _StoreChar                               0x0001b90d   Thumb Code    62  segger_rtt_printf.o(i._StoreChar)
    i._sys_exit                              0x0001b94a   Section        0  rtt_syscalls_keil.o(i._sys_exit)
    i.app_error_fault_handler                0x0001b94c   Section        0  app_error_weak.o(i.app_error_fault_handler)
    i.app_error_handler_bare                 0x0001b968   Section        0  app_error.o(i.app_error_handler_bare)
    i.initializeIMU                          0x0001b980   Section        0  main.o(i.initializeIMU)
    i.irq_handler_twi                        0x0001b9f4   Section        0  nrf_drv_twi.o(i.irq_handler_twi)
    irq_handler_twi                          0x0001b9f5   Thumb Code   172  nrf_drv_twi.o(i.irq_handler_twi)
    i.is_manual_peripheral_setup_needed      0x0001baa0   Section        0  system_nrf51.o(i.is_manual_peripheral_setup_needed)
    is_manual_peripheral_setup_needed        0x0001baa1   Thumb Code    66  system_nrf51.o(i.is_manual_peripheral_setup_needed)
    i.main                                   0x0001bae8   Section        0  main.o(i.main)
    i.nrf_delay_ms                           0x0001bb44   Section        0  nrf_delay.o(i.nrf_delay_ms)
    i.nrf_drv_common_irq_enable              0x0001bb60   Section        0  nrf_drv_common.o(i.nrf_drv_common_irq_enable)
    i.nrf_drv_twi_enable                     0x0001bbc0   Section        0  nrf_drv_twi.o(i.nrf_drv_twi_enable)
    i.nrf_drv_twi_init                       0x0001bbe0   Section        0  nrf_drv_twi.o(i.nrf_drv_twi_init)
    i.nrf_drv_twi_rx                         0x0001bc70   Section        0  nrf_drv_twi.o(i.nrf_drv_twi_rx)
    i.nrf_drv_twi_tx                         0x0001bc94   Section        0  nrf_drv_twi.o(i.nrf_drv_twi_tx)
    i.nrf_drv_twi_xfer                       0x0001bcb8   Section        0  nrf_drv_twi.o(i.nrf_drv_twi_xfer)
    i.nrf_gpio_pin_set                       0x0001bce0   Section        0  nrf_drv_twi.o(i.nrf_gpio_pin_set)
    nrf_gpio_pin_set                         0x0001bce1   Thumb Code    10  nrf_drv_twi.o(i.nrf_gpio_pin_set)
    i.nrf_twi_event_check                    0x0001bcf0   Section        0  nrf_drv_twi.o(i.nrf_twi_event_check)
    nrf_twi_event_check                      0x0001bcf1   Thumb Code    10  nrf_drv_twi.o(i.nrf_twi_event_check)
    i.nrf_uart_event_check                   0x0001bcfa   Section        0  nrf_drv_uart.o(i.nrf_uart_event_check)
    nrf_uart_event_check                     0x0001bcfb   Thumb Code    10  nrf_drv_uart.o(i.nrf_uart_event_check)
    i.nrf_uart_int_enable_check              0x0001bd04   Section        0  nrf_drv_uart.o(i.nrf_uart_int_enable_check)
    nrf_uart_int_enable_check                0x0001bd05   Thumb Code    16  nrf_drv_uart.o(i.nrf_uart_int_enable_check)
    i.requestProductID                       0x0001bd14   Section        0  main.o(i.requestProductID)
    i.resetIMU                               0x0001bd58   Section        0  main.o(i.resetIMU)
    i.rx_byte                                0x0001bd90   Section        0  nrf_drv_uart.o(i.rx_byte)
    rx_byte                                  0x0001bd91   Thumb Code    42  nrf_drv_uart.o(i.rx_byte)
    i.rx_done_event                          0x0001bdc8   Section        0  nrf_drv_uart.o(i.rx_done_event)
    rx_done_event                            0x0001bdc9   Thumb Code    22  nrf_drv_uart.o(i.rx_done_event)
    i.sendPacket_IMU                         0x0001bde4   Section        0  main.o(i.sendPacket_IMU)
    sendPacket_IMU                           0x0001bde5   Thumb Code    44  main.o(i.sendPacket_IMU)
    i.twi_clear_bus                          0x0001be1c   Section        0  nrf_drv_twi.o(i.twi_clear_bus)
    twi_clear_bus                            0x0001be1d   Thumb Code   138  nrf_drv_twi.o(i.twi_clear_bus)
    i.twi_handler                            0x0001beb4   Section        0  main.o(i.twi_handler)
    i.twi_init                               0x0001bfe8   Section        0  main.o(i.twi_init)
    i.twi_rx_start_transfer                  0x0001c01c   Section        0  nrf_drv_twi.o(i.twi_rx_start_transfer)
    twi_rx_start_transfer                    0x0001c01d   Thumb Code   134  nrf_drv_twi.o(i.twi_rx_start_transfer)
    i.twi_send_byte                          0x0001c0a8   Section        0  nrf_drv_twi.o(i.twi_send_byte)
    twi_send_byte                            0x0001c0a9   Thumb Code    46  nrf_drv_twi.o(i.twi_send_byte)
    i.twi_transfer                           0x0001c0d6   Section        0  nrf_drv_twi.o(i.twi_transfer)
    twi_transfer                             0x0001c0d7   Thumb Code   262  nrf_drv_twi.o(i.twi_transfer)
    i.twi_tx_start_transfer                  0x0001c1dc   Section        0  nrf_drv_twi.o(i.twi_tx_start_transfer)
    twi_tx_start_transfer                    0x0001c1dd   Thumb Code   136  nrf_drv_twi.o(i.twi_tx_start_transfer)
    i.twi_xfer                               0x0001c268   Section        0  nrf_drv_twi.o(i.twi_xfer)
    twi_xfer                                 0x0001c269   Thumb Code   140  nrf_drv_twi.o(i.twi_xfer)
    i.tx_byte                                0x0001c2f4   Section        0  nrf_drv_uart.o(i.tx_byte)
    tx_byte                                  0x0001c2f5   Thumb Code    30  nrf_drv_uart.o(i.tx_byte)
    i.tx_done_event                          0x0001c320   Section        0  nrf_drv_uart.o(i.tx_done_event)
    tx_done_event                            0x0001c321   Thumb Code    26  nrf_drv_uart.o(i.tx_done_event)
    i.uart_irq_handler                       0x0001c340   Section        0  nrf_drv_uart.o(i.uart_irq_handler)
    uart_irq_handler                         0x0001c341   Thumb Code   278  nrf_drv_uart.o(i.uart_irq_handler)
    .constdata                               0x0001c468   Section       24  main.o(.constdata)
    m_twi_bno                                0x0001c468   Data           8  main.o(.constdata)
    .constdata                               0x0001c480   Section       28  nrf_drv_twi.o(.constdata)
    m_default_config                         0x0001c480   Data          16  nrf_drv_twi.o(.constdata)
    .constdata                               0x0001c49c   Section       16  segger_rtt_printf.o(.constdata)
    _aV2C                                    0x0001c49c   Data          16  segger_rtt_printf.o(.constdata)
    .conststring                             0x0001c4ac   Section        9  segger_rtt.o(.conststring)
    .data                                    0x20001870   Section       20  main.o(.data)
    m_set_mode_done                          0x20001870   Data           1  main.o(.data)
    initialized                              0x20001871   Data           1  main.o(.data)
    readSuccess                              0x20001872   Data           1  main.o(.data)
    reset                                    0x20001873   Data           1  main.o(.data)
    requestID                                0x20001874   Data           1  main.o(.data)
    sample_idx                               0x20001876   Data           1  main.o(.data)
    prev_tilt                                0x20001877   Data           1  main.o(.data)
    m_sum                                    0x20001878   Data           6  main.o(.data)
    .data                                    0x20001884   Section      124  segger_rtt.o(.data)
    _ActiveTerminal                          0x20001884   Data           1  segger_rtt.o(.data)
    _SEGGER_RTT                              0x20001888   Data         120  segger_rtt.o(.data)
    .data                                    0x20001900   Section        4  system_nrf51.o(.data)
    __tagsym$$used                           0x20001900   Number         0  system_nrf51.o(.data)
    .bss                                     0x20001904   Section      150  main.o(.bss)
    m_sample_buffer                          0x20001904   Data          80  main.o(.bss)
    .bss                                     0x2000199c   Section       40  nrf_drv_twi.o(.bss)
    m_cb                                     0x2000199c   Data          40  nrf_drv_twi.o(.bss)
    .bss                                     0x200019c4   Section       28  nrf_drv_uart.o(.bss)
    m_cb                                     0x200019c4   Data          28  nrf_drv_uart.o(.bss)
    .bss                                     0x200019e0   Section     1024  segger_rtt.o(.bss)
    _acUpBuffer                              0x200019e0   Data        1024  segger_rtt.o(.bss)
    .bss                                     0x20001de0   Section       16  segger_rtt.o(.bss)
    _acDownBuffer                            0x20001de0   Data          16  segger_rtt.o(.bss)
    .bss                                     0x20001df0   Section       96  libspace.o(.bss)
    HEAP                                     0x20001e50   Section     2048  arm_startup_nrf51.o(HEAP)
    Heap_Mem                                 0x20001e50   Data        2048  arm_startup_nrf51.o(HEAP)
    STACK                                    0x20002650   Section     2048  arm_startup_nrf51.o(STACK)
    Stack_Mem                                0x20002650   Data        2048  arm_startup_nrf51.o(STACK)
    __initial_sp                             0x20002e50   Data           0  arm_startup_nrf51.o(STACK)

    Global Symbols

    Symbol Name                              Value     Ov Type        Size  Object(Section)

    BuildAttributes$$THM_ISAv3M$S$PE$A:L22$X:L11$S22$IEEE1$IW$USESV6$~STKCKD$USESV7$~SHL$OTIME$ROPI$IEEEX$EBA8$UX$STANDARDLIB$REQ8$PRES8$EABIv2 0x00000000   Number         0  anon$$obj.o ABSOLUTE
    __ARM_use_no_argv                        0x00000000   Number         0  main.o ABSOLUTE
    _printf_flags                            0x00000000   Number         0  printf_stubs.o ABSOLUTE
    _printf_return_value                     0x00000000   Number         0  printf_stubs.o ABSOLUTE
    _printf_sizespec                         0x00000000   Number         0  printf_stubs.o ABSOLUTE
    _printf_widthprec                        0x00000000   Number         0  printf_stubs.o ABSOLUTE
    __ARM_exceptions_init                     - Undefined Weak Reference
    __alloca_initialize                       - Undefined Weak Reference
    __arm_preinit_                            - Undefined Weak Reference
    __cpp_initialize__aeabi_                  - Undefined Weak Reference
    __cxa_finalize                            - Undefined Weak Reference
    __rt_locale                               - Undefined Weak Reference
    __sigvec_lookup                           - Undefined Weak Reference
    __user_heap_extent                        - Undefined Weak Reference
    _atexit_init                              - Undefined Weak Reference
    _call_atexit_fns                          - Undefined Weak Reference
    _clock_init                               - Undefined Weak Reference
    _fp_trap_init                             - Undefined Weak Reference
    _fp_trap_shutdown                         - Undefined Weak Reference
    _get_lc_collate                           - Undefined Weak Reference
    _get_lc_ctype                             - Undefined Weak Reference
    _get_lc_monetary                          - Undefined Weak Reference
    _get_lc_numeric                           - Undefined Weak Reference
    _get_lc_time                              - Undefined Weak Reference
    _getenv_init                              - Undefined Weak Reference
    _handle_redirection                       - Undefined Weak Reference
    _mutex_acquire                            - Undefined Weak Reference
    _mutex_free                               - Undefined Weak Reference
    _mutex_release                            - Undefined Weak Reference
    _printf_mbtowc                            - Undefined Weak Reference
    _printf_truncate_signed                   - Undefined Weak Reference
    _printf_truncate_unsigned                 - Undefined Weak Reference
    _rand_init                                - Undefined Weak Reference
    _signal_finish                            - Undefined Weak Reference
    _signal_init                              - Undefined Weak Reference
    __Vectors_Size                           0x000000c0   Number         0  arm_startup_nrf51.o ABSOLUTE
    __Vectors                                0x0001b000   Data           4  arm_startup_nrf51.o(RESET)
    __Vectors_End                            0x0001b0c0   Data           0  arm_startup_nrf51.o(RESET)
    __main                                   0x0001b0c1   Thumb Code     8  __main.o(!!!main)
    __scatterload                            0x0001b0c9   Thumb Code     0  __scatter.o(!!!scatter)
    __scatterload_rt2                        0x0001b0c9   Thumb Code    52  __scatter.o(!!!scatter)
    __scatterload_rt2_thumb_only             0x0001b0c9   Thumb Code     0  __scatter.o(!!!scatter)
    __scatterload_null                       0x0001b0d9   Thumb Code     0  __scatter.o(!!!scatter)
    __scatterload_copy                       0x0001b105   Thumb Code    26  __scatter_copy.o(!!handler_copy)
    __scatterload_zeroinit                   0x0001b121   Thumb Code    28  __scatter_zi.o(!!handler_zi)
    __rt_lib_init                            0x0001b13d   Thumb Code     0  libinit.o(.ARM.Collect$$libinit$$00000000)
    __rt_lib_init_alloca_1                   0x0001b13f   Thumb Code     0  libinit2.o(.ARM.Collect$$libinit$$0000002E)
    __rt_lib_init_argv_1                     0x0001b13f   Thumb Code     0  libinit2.o(.ARM.Collect$$libinit$$0000002C)
    __rt_lib_init_atexit_1                   0x0001b13f   Thumb Code     0  libinit2.o(.ARM.Collect$$libinit$$0000001B)
    __rt_lib_init_clock_1                    0x0001b13f   Thumb Code     0  libinit2.o(.ARM.Collect$$libinit$$00000021)
    __rt_lib_init_cpp_1                      0x0001b13f   Thumb Code     0  libinit2.o(.ARM.Collect$$libinit$$00000032)
    __rt_lib_init_exceptions_1               0x0001b13f   Thumb Code     0  libinit2.o(.ARM.Collect$$libinit$$00000030)
    __rt_lib_init_fp_1                       0x0001b13f   Thumb Code     0  libinit2.o(.ARM.Collect$$libinit$$00000002)
    __rt_lib_init_fp_trap_1                  0x0001b13f   Thumb Code     0  libinit2.o(.ARM.Collect$$libinit$$0000001F)
    __rt_lib_init_getenv_1                   0x0001b13f   Thumb Code     0  libinit2.o(.ARM.Collect$$libinit$$00000023)
    __rt_lib_init_heap_1                     0x0001b13f   Thumb Code     0  libinit2.o(.ARM.Collect$$libinit$$0000000A)
    __rt_lib_init_lc_collate_1               0x0001b13f   Thumb Code     0  libinit2.o(.ARM.Collect$$libinit$$00000011)
    __rt_lib_init_lc_ctype_1                 0x0001b13f   Thumb Code     0  libinit2.o(.ARM.Collect$$libinit$$00000013)
    __rt_lib_init_lc_monetary_1              0x0001b13f   Thumb Code     0  libinit2.o(.ARM.Collect$$libinit$$00000015)
    __rt_lib_init_lc_numeric_1               0x0001b13f   Thumb Code     0  libinit2.o(.ARM.Collect$$libinit$$00000017)
    __rt_lib_init_lc_time_1                  0x0001b13f   Thumb Code     0  libinit2.o(.ARM.Collect$$libinit$$00000019)
    __rt_lib_init_preinit_1                  0x0001b13f   Thumb Code     0  libinit2.o(.ARM.Collect$$libinit$$00000004)
    __rt_lib_init_rand_1                     0x0001b13f   Thumb Code     0  libinit2.o(.ARM.Collect$$libinit$$0000000E)
    __rt_lib_init_return                     0x0001b13f   Thumb Code     0  libinit2.o(.ARM.Collect$$libinit$$00000033)
    __rt_lib_init_signal_1                   0x0001b13f   Thumb Code     0  libinit2.o(.ARM.Collect$$libinit$$0000001D)
    __rt_lib_init_stdio_1                    0x0001b13f   Thumb Code     0  libinit2.o(.ARM.Collect$$libinit$$00000025)
    __rt_lib_init_user_alloc_1               0x0001b13f   Thumb Code     0  libinit2.o(.ARM.Collect$$libinit$$0000000C)
    __rt_lib_shutdown                        0x0001b141   Thumb Code     0  libshutdown.o(.ARM.Collect$$libshutdown$$00000000)
    __rt_lib_shutdown_cpp_1                  0x0001b143   Thumb Code     0  libshutdown2.o(.ARM.Collect$$libshutdown$$00000002)
    __rt_lib_shutdown_fp_trap_1              0x0001b143   Thumb Code     0  libshutdown2.o(.ARM.Collect$$libshutdown$$00000007)
    __rt_lib_shutdown_heap_1                 0x0001b143   Thumb Code     0  libshutdown2.o(.ARM.Collect$$libshutdown$$0000000F)
    __rt_lib_shutdown_return                 0x0001b143   Thumb Code     0  libshutdown2.o(.ARM.Collect$$libshutdown$$00000010)
    __rt_lib_shutdown_signal_1               0x0001b143   Thumb Code     0  libshutdown2.o(.ARM.Collect$$libshutdown$$0000000A)
    __rt_lib_shutdown_stdio_1                0x0001b143   Thumb Code     0  libshutdown2.o(.ARM.Collect$$libshutdown$$00000004)
    __rt_lib_shutdown_user_alloc_1           0x0001b143   Thumb Code     0  libshutdown2.o(.ARM.Collect$$libshutdown$$0000000C)
    __rt_entry                               0x0001b145   Thumb Code     0  __rtentry.o(.ARM.Collect$$rtentry$$00000000)
    __rt_entry_presh_1                       0x0001b145   Thumb Code     0  __rtentry2.o(.ARM.Collect$$rtentry$$00000002)
    __rt_entry_sh                            0x0001b145   Thumb Code     0  __rtentry4.o(.ARM.Collect$$rtentry$$00000004)
    __rt_entry_li                            0x0001b14b   Thumb Code     0  __rtentry2.o(.ARM.Collect$$rtentry$$0000000A)
    __rt_entry_postsh_1                      0x0001b14b   Thumb Code     0  __rtentry2.o(.ARM.Collect$$rtentry$$00000009)
    __rt_entry_main                          0x0001b14f   Thumb Code     0  __rtentry2.o(.ARM.Collect$$rtentry$$0000000D)
    __rt_entry_postli_1                      0x0001b14f   Thumb Code     0  __rtentry2.o(.ARM.Collect$$rtentry$$0000000C)
    __rt_exit                                0x0001b157   Thumb Code     0  rtexit.o(.ARM.Collect$$rtexit$$00000000)
    __rt_exit_ls                             0x0001b159   Thumb Code     0  rtexit2.o(.ARM.Collect$$rtexit$$00000003)
    __rt_exit_prels_1                        0x0001b159   Thumb Code     0  rtexit2.o(.ARM.Collect$$rtexit$$00000002)
    __rt_exit_exit                           0x0001b15d   Thumb Code     0  rtexit2.o(.ARM.Collect$$rtexit$$00000004)
    __asm___11_nrf_delay_c_532987f3__nrf_delay_us 0x0001b165   Thumb Code    30  nrf_delay.o(.emb_text)
    __asm___13_nrf_drv_twi_c_a9bcf68d__nrf_delay_us 0x0001b185   Thumb Code    30  nrf_drv_twi.o(.emb_text)
    __aeabi_memcpy4                          0x0001b1a5   Thumb Code    56  rt_memcpy.o(.emb_text)
    __aeabi_memcpy8                          0x0001b1a5   Thumb Code     0  rt_memcpy.o(.emb_text)
    Reset_Handler                            0x0001b1dd   Thumb Code    26  arm_startup_nrf51.o(.text)
    NMI_Handler                              0x0001b1f7   Thumb Code     2  arm_startup_nrf51.o(.text)
    HardFault_Handler                        0x0001b1f9   Thumb Code     2  arm_startup_nrf51.o(.text)
    SVC_Handler                              0x0001b1fb   Thumb Code     2  arm_startup_nrf51.o(.text)
    PendSV_Handler                           0x0001b1fd   Thumb Code     2  arm_startup_nrf51.o(.text)
    SysTick_Handler                          0x0001b1ff   Thumb Code     2  arm_startup_nrf51.o(.text)
    ADC_IRQHandler                           0x0001b201   Thumb Code     0  arm_startup_nrf51.o(.text)
    CCM_AAR_IRQHandler                       0x0001b201   Thumb Code     0  arm_startup_nrf51.o(.text)
    ECB_IRQHandler                           0x0001b201   Thumb Code     0  arm_startup_nrf51.o(.text)
    GPIOTE_IRQHandler                        0x0001b201   Thumb Code     0  arm_startup_nrf51.o(.text)
    LPCOMP_IRQHandler                        0x0001b201   Thumb Code     0  arm_startup_nrf51.o(.text)
    POWER_CLOCK_IRQHandler                   0x0001b201   Thumb Code     0  arm_startup_nrf51.o(.text)
    QDEC_IRQHandler                          0x0001b201   Thumb Code     0  arm_startup_nrf51.o(.text)
    RADIO_IRQHandler                         0x0001b201   Thumb Code     0  arm_startup_nrf51.o(.text)
    RNG_IRQHandler                           0x0001b201   Thumb Code     0  arm_startup_nrf51.o(.text)
    RTC0_IRQHandler                          0x0001b201   Thumb Code     0  arm_startup_nrf51.o(.text)
    RTC1_IRQHandler                          0x0001b201   Thumb Code     0  arm_startup_nrf51.o(.text)
    SPI1_TWI1_IRQHandler                     0x0001b201   Thumb Code     0  arm_startup_nrf51.o(.text)
    SWI0_IRQHandler                          0x0001b201   Thumb Code     0  arm_startup_nrf51.o(.text)
    SWI1_IRQHandler                          0x0001b201   Thumb Code     0  arm_startup_nrf51.o(.text)
    SWI2_IRQHandler                          0x0001b201   Thumb Code     0  arm_startup_nrf51.o(.text)
    SWI3_IRQHandler                          0x0001b201   Thumb Code     0  arm_startup_nrf51.o(.text)
    SWI4_IRQHandler                          0x0001b201   Thumb Code     0  arm_startup_nrf51.o(.text)
    SWI5_IRQHandler                          0x0001b201   Thumb Code     0  arm_startup_nrf51.o(.text)
    TEMP_IRQHandler                          0x0001b201   Thumb Code     0  arm_startup_nrf51.o(.text)
    TIMER0_IRQHandler                        0x0001b201   Thumb Code     0  arm_startup_nrf51.o(.text)
    TIMER1_IRQHandler                        0x0001b201   Thumb Code     0  arm_startup_nrf51.o(.text)
    TIMER2_IRQHandler                        0x0001b201   Thumb Code     0  arm_startup_nrf51.o(.text)
    WDT_IRQHandler                           0x0001b201   Thumb Code     0  arm_startup_nrf51.o(.text)
    __user_initial_stackheap                 0x0001b205   Thumb Code    10  arm_startup_nrf51.o(.text)
    __use_no_semihosting                     0x0001b231   Thumb Code     2  use_no_semi_2.o(.text)
    __aeabi_memcpy                           0x0001b233   Thumb Code   130  rt_memcpy.o(.text)
    __rt_memcpy                              0x0001b233   Thumb Code     0  rt_memcpy.o(.text)
    __aeabi_uidiv                            0x0001b2b5   Thumb Code     0  aeabi_sdiv.o(.text)
    __aeabi_uidivmod                         0x0001b2b5   Thumb Code    20  aeabi_sdiv.o(.text)
    __aeabi_idiv                             0x0001b2c9   Thumb Code     0  aeabi_sdiv.o(.text)
    __aeabi_idivmod                          0x0001b2c9   Thumb Code   326  aeabi_sdiv.o(.text)
    __use_two_region_memory                  0x0001b40f   Thumb Code     2  heapauxi.o(.text)
    __rt_heap_escrow                         0x0001b411   Thumb Code     2  heapauxi.o(.text)
    __rt_heap_expand                         0x0001b413   Thumb Code     2  heapauxi.o(.text)
    __semihosting$guard                      0x0001b415   Thumb Code     0  use_no_semi.o(.text)
    __use_no_semihosting_swi                 0x0001b415   Thumb Code     2  use_no_semi.o(.text)
    __user_libspace                          0x0001b419   Thumb Code     8  libspace.o(.text)
    __user_perproc_libspace                  0x0001b419   Thumb Code     0  libspace.o(.text)
    __user_perthread_libspace                0x0001b419   Thumb Code     0  libspace.o(.text)
    __user_setup_stackheap                   0x0001b421   Thumb Code    62  sys_stackheap_outer.o(.text)
    exit                                     0x0001b45f   Thumb Code    16  exit.o(.text)
    SEGGER_RTT_Write                         0x0001b471   Thumb Code   140  segger_rtt.o(i.SEGGER_RTT_Write)
    SEGGER_RTT_printf                        0x0001b501   Thumb Code    24  segger_rtt_printf.o(i.SEGGER_RTT_printf)
    SEGGER_RTT_vprintf                       0x0001b519   Thumb Code   398  segger_rtt_printf.o(i.SEGGER_RTT_vprintf)
    SPI0_TWI0_IRQHandler                     0x0001b6a9   Thumb Code    12  nrf_drv_twi.o(i.SPI0_TWI0_IRQHandler)
    SystemInit                               0x0001b6bd   Thumb Code   130  system_nrf51.o(i.SystemInit)
    UART0_IRQHandler                         0x0001b75d   Thumb Code     8  nrf_drv_uart.o(i.UART0_IRQHandler)
    _sys_exit                                0x0001b94b   Thumb Code     2  rtt_syscalls_keil.o(i._sys_exit)
    app_error_fault_handler                  0x0001b94d   Thumb Code    18  app_error_weak.o(i.app_error_fault_handler)
    app_error_handler_bare                   0x0001b969   Thumb Code    20  app_error.o(i.app_error_handler_bare)
    initializeIMU                            0x0001b981   Thumb Code    88  main.o(i.initializeIMU)
    main                                     0x0001bae9   Thumb Code    34  main.o(i.main)
    nrf_delay_ms                             0x0001bb45   Thumb Code    24  nrf_delay.o(i.nrf_delay_ms)
    nrf_drv_common_irq_enable                0x0001bb61   Thumb Code    78  nrf_drv_common.o(i.nrf_drv_common_irq_enable)
    nrf_drv_twi_enable                       0x0001bbc1   Thumb Code    28  nrf_drv_twi.o(i.nrf_drv_twi_enable)
    nrf_drv_twi_init                         0x0001bbe1   Thumb Code   126  nrf_drv_twi.o(i.nrf_drv_twi_init)
    nrf_drv_twi_rx                           0x0001bc71   Thumb Code    30  nrf_drv_twi.o(i.nrf_drv_twi_rx)
    nrf_drv_twi_tx                           0x0001bc95   Thumb Code    36  nrf_drv_twi.o(i.nrf_drv_twi_tx)
    nrf_drv_twi_xfer                         0x0001bcb9   Thumb Code    36  nrf_drv_twi.o(i.nrf_drv_twi_xfer)
    requestProductID                         0x0001bd15   Thumb Code    36  main.o(i.requestProductID)
    resetIMU                                 0x0001bd59   Thumb Code    30  main.o(i.resetIMU)
    twi_handler                              0x0001beb5   Thumb Code   222  main.o(i.twi_handler)
    twi_init                                 0x0001bfe9   Thumb Code    42  main.o(i.twi_init)
    Region$$Table$$Base                      0x0001c4b8   Number         0  anon$$obj.o(Region$$Table)
    Region$$Table$$Limit                     0x0001c4d8   Number         0  anon$$obj.o(Region$$Table)
    i2C_event                                0x20001875   Data           1  main.o(.data)
    sequenceNumber                           0x2000187e   Data           6  main.o(.data)
    SystemCoreClock                          0x20001900   Data           4  system_nrf51.o(.data)
    cargo                                    0x20001954   Data          50  main.o(.bss)
    shtpData                                 0x20001986   Data          20  main.o(.bss)
    __libspace_start                         0x20001df0   Data          96  libspace.o(.bss)
    __temporary_stack_top$libspace           0x20001e50   Data           0  libspace.o(.bss)



==============================================================================

Memory Map of the image

  Image Entry point : 0x0001b0c1

  Load Region LR_IROM1 (Base: 0x0001b000, Size: 0x0000156c, Max: 0x00025000, ABSOLUTE)

    Execution Region ER_IROM1 (Base: 0x0001b000, Size: 0x000014d8, Max: 0x00025000, ABSOLUTE)

    Base Addr    Size         Type   Attr      Idx    E Section Name        Object

    0x0001b000   0x000000c0   Data   RO         1088    RESET               arm_startup_nrf51.o
    0x0001b0c0   0x00000008   Code   RO         1191  * !!!main             c_p.l(__main.o)
    0x0001b0c8   0x0000003c   Code   RO         1579    !!!scatter          c_p.l(__scatter.o)
    0x0001b104   0x0000001a   Code   RO         1581    !!handler_copy      c_p.l(__scatter_copy.o)
    0x0001b11e   0x00000002   PAD
    0x0001b120   0x0000001c   Code   RO         1583    !!handler_zi        c_p.l(__scatter_zi.o)
    0x0001b13c   0x00000002   Code   RO         1502    .ARM.Collect$$libinit$$00000000  c_p.l(libinit.o)
    0x0001b13e   0x00000000   Code   RO         1382    .ARM.Collect$$libinit$$00000002  c_p.l(libinit2.o)
    0x0001b13e   0x00000000   Code   RO         1384    .ARM.Collect$$libinit$$00000004  c_p.l(libinit2.o)
    0x0001b13e   0x00000000   Code   RO         1387    .ARM.Collect$$libinit$$0000000A  c_p.l(libinit2.o)
    0x0001b13e   0x00000000   Code   RO         1389    .ARM.Collect$$libinit$$0000000C  c_p.l(libinit2.o)
    0x0001b13e   0x00000000   Code   RO         1391    .ARM.Collect$$libinit$$0000000E  c_p.l(libinit2.o)
    0x0001b13e   0x00000000   Code   RO         1394    .ARM.Collect$$libinit$$00000011  c_p.l(libinit2.o)
    0x0001b13e   0x00000000   Code   RO         1396    .ARM.Collect$$libinit$$00000013  c_p.l(libinit2.o)
    0x0001b13e   0x00000000   Code   RO         1398    .ARM.Collect$$libinit$$00000015  c_p.l(libinit2.o)
    0x0001b13e   0x00000000   Code   RO         1400    .ARM.Collect$$libinit$$00000017  c_p.l(libinit2.o)
    0x0001b13e   0x00000000   Code   RO         1402    .ARM.Collect$$libinit$$00000019  c_p.l(libinit2.o)
    0x0001b13e   0x00000000   Code   RO         1404    .ARM.Collect$$libinit$$0000001B  c_p.l(libinit2.o)
    0x0001b13e   0x00000000   Code   RO         1406    .ARM.Collect$$libinit$$0000001D  c_p.l(libinit2.o)
    0x0001b13e   0x00000000   Code   RO         1408    .ARM.Collect$$libinit$$0000001F  c_p.l(libinit2.o)
    0x0001b13e   0x00000000   Code   RO         1410    .ARM.Collect$$libinit$$00000021  c_p.l(libinit2.o)
    0x0001b13e   0x00000000   Code   RO         1412    .ARM.Collect$$libinit$$00000023  c_p.l(libinit2.o)
    0x0001b13e   0x00000000   Code   RO         1414    .ARM.Collect$$libinit$$00000025  c_p.l(libinit2.o)
    0x0001b13e   0x00000000   Code   RO         1418    .ARM.Collect$$libinit$$0000002C  c_p.l(libinit2.o)
    0x0001b13e   0x00000000   Code   RO         1420    .ARM.Collect$$libinit$$0000002E  c_p.l(libinit2.o)
    0x0001b13e   0x00000000   Code   RO         1422    .ARM.Collect$$libinit$$00000030  c_p.l(libinit2.o)
    0x0001b13e   0x00000000   Code   RO         1424    .ARM.Collect$$libinit$$00000032  c_p.l(libinit2.o)
    0x0001b13e   0x00000002   Code   RO         1425    .ARM.Collect$$libinit$$00000033  c_p.l(libinit2.o)
    0x0001b140   0x00000002   Code   RO         1576    .ARM.Collect$$libshutdown$$00000000  c_p.l(libshutdown.o)
    0x0001b142   0x00000000   Code   RO         1427    .ARM.Collect$$libshutdown$$00000002  c_p.l(libshutdown2.o)
    0x0001b142   0x00000000   Code   RO         1429    .ARM.Collect$$libshutdown$$00000004  c_p.l(libshutdown2.o)
    0x0001b142   0x00000000   Code   RO         1432    .ARM.Collect$$libshutdown$$00000007  c_p.l(libshutdown2.o)
    0x0001b142   0x00000000   Code   RO         1435    .ARM.Collect$$libshutdown$$0000000A  c_p.l(libshutdown2.o)
    0x0001b142   0x00000000   Code   RO         1437    .ARM.Collect$$libshutdown$$0000000C  c_p.l(libshutdown2.o)
    0x0001b142   0x00000000   Code   RO         1440    .ARM.Collect$$libshutdown$$0000000F  c_p.l(libshutdown2.o)
    0x0001b142   0x00000002   Code   RO         1441    .ARM.Collect$$libshutdown$$00000010  c_p.l(libshutdown2.o)
    0x0001b144   0x00000000   Code   RO         1215    .ARM.Collect$$rtentry$$00000000  c_p.l(__rtentry.o)
    0x0001b144   0x00000000   Code   RO         1280    .ARM.Collect$$rtentry$$00000002  c_p.l(__rtentry2.o)
    0x0001b144   0x00000006   Code   RO         1292    .ARM.Collect$$rtentry$$00000004  c_p.l(__rtentry4.o)
    0x0001b14a   0x00000000   Code   RO         1282    .ARM.Collect$$rtentry$$00000009  c_p.l(__rtentry2.o)
    0x0001b14a   0x00000004   Code   RO         1283    .ARM.Collect$$rtentry$$0000000A  c_p.l(__rtentry2.o)
    0x0001b14e   0x00000000   Code   RO         1285    .ARM.Collect$$rtentry$$0000000C  c_p.l(__rtentry2.o)
    0x0001b14e   0x00000008   Code   RO         1286    .ARM.Collect$$rtentry$$0000000D  c_p.l(__rtentry2.o)
    0x0001b156   0x00000002   Code   RO         1510    .ARM.Collect$$rtexit$$00000000  c_p.l(rtexit.o)
    0x0001b158   0x00000000   Code   RO         1544    .ARM.Collect$$rtexit$$00000002  c_p.l(rtexit2.o)
    0x0001b158   0x00000004   Code   RO         1545    .ARM.Collect$$rtexit$$00000003  c_p.l(rtexit2.o)
    0x0001b15c   0x00000006   Code   RO         1546    .ARM.Collect$$rtexit$$00000004  c_p.l(rtexit2.o)
    0x0001b162   0x00000002   PAD
    0x0001b164   0x0000001e   Code   RO          295    .emb_text           nrf_delay.o
    0x0001b182   0x00000002   PAD
    0x0001b184   0x0000001e   Code   RO          356    .emb_text           nrf_drv_twi.o
    0x0001b1a2   0x00000002   PAD
    0x0001b1a4   0x00000038   Code   RO         1179    .emb_text           c_p.l(rt_memcpy.o)
    0x0001b1dc   0x00000054   Code   RO         1089    .text               arm_startup_nrf51.o
    0x0001b230   0x00000002   Code   RO         1132    .text               c_p.l(use_no_semi_2.o)
    0x0001b232   0x00000082   Code   RO         1180    .text               c_p.l(rt_memcpy.o)
    0x0001b2b4   0x0000015a   Code   RO         1185    .text               c_p.l(aeabi_sdiv.o)
    0x0001b40e   0x00000006   Code   RO         1189    .text               c_p.l(heapauxi.o)
    0x0001b414   0x00000002   Code   RO         1213    .text               c_p.l(use_no_semi.o)
    0x0001b416   0x00000002   PAD
    0x0001b418   0x00000008   Code   RO         1448    .text               c_p.l(libspace.o)
    0x0001b420   0x0000003e   Code   RO         1451    .text               c_p.l(sys_stackheap_outer.o)
    0x0001b45e   0x00000010   Code   RO         1485    .text               c_p.l(exit.o)
    0x0001b46e   0x00000002   PAD
    0x0001b470   0x00000090   Code   RO          888    i.SEGGER_RTT_Write  segger_rtt.o
    0x0001b500   0x00000018   Code   RO          961    i.SEGGER_RTT_printf  segger_rtt_printf.o
    0x0001b518   0x0000018e   Code   RO          962    i.SEGGER_RTT_vprintf  segger_rtt_printf.o
    0x0001b6a6   0x00000002   PAD
    0x0001b6a8   0x00000014   Code   RO          357    i.SPI0_TWI0_IRQHandler  nrf_drv_twi.o
    0x0001b6bc   0x000000a0   Code   RO         1096    i.SystemInit        system_nrf51.o
    0x0001b75c   0x00000008   Code   RO          502    i.UART0_IRQHandler  nrf_drv_uart.o
    0x0001b764   0x000000c4   Code   RO          963    i._PrintInt         segger_rtt_printf.o
    0x0001b828   0x000000e4   Code   RO          964    i._PrintUnsigned    segger_rtt_printf.o
    0x0001b90c   0x0000003e   Code   RO          965    i._StoreChar        segger_rtt_printf.o
    0x0001b94a   0x00000002   Code   RO         1001    i._sys_exit         rtt_syscalls_keil.o
    0x0001b94c   0x0000001c   Code   RO          703    i.app_error_fault_handler  app_error_weak.o
    0x0001b968   0x00000018   Code   RO          668    i.app_error_handler_bare  app_error.o
    0x0001b980   0x00000074   Code   RO            5    i.initializeIMU     main.o
    0x0001b9f4   0x000000ac   Code   RO          358    i.irq_handler_twi   nrf_drv_twi.o
    0x0001baa0   0x00000048   Code   RO         1097    i.is_manual_peripheral_setup_needed  system_nrf51.o
    0x0001bae8   0x0000005c   Code   RO            7    i.main              main.o
    0x0001bb44   0x0000001c   Code   RO          296    i.nrf_delay_ms      nrf_delay.o
    0x0001bb60   0x00000060   Code   RO          323    i.nrf_drv_common_irq_enable  nrf_drv_common.o
    0x0001bbc0   0x00000020   Code   RO          361    i.nrf_drv_twi_enable  nrf_drv_twi.o
    0x0001bbe0   0x00000090   Code   RO          362    i.nrf_drv_twi_init  nrf_drv_twi.o
    0x0001bc70   0x00000024   Code   RO          363    i.nrf_drv_twi_rx    nrf_drv_twi.o
    0x0001bc94   0x00000024   Code   RO          366    i.nrf_drv_twi_tx    nrf_drv_twi.o
    0x0001bcb8   0x00000028   Code   RO          368    i.nrf_drv_twi_xfer  nrf_drv_twi.o
    0x0001bce0   0x00000010   Code   RO          369    i.nrf_gpio_pin_set  nrf_drv_twi.o
    0x0001bcf0   0x0000000a   Code   RO          370    i.nrf_twi_event_check  nrf_drv_twi.o
    0x0001bcfa   0x0000000a   Code   RO          519    i.nrf_uart_event_check  nrf_drv_uart.o
    0x0001bd04   0x00000010   Code   RO          520    i.nrf_uart_int_enable_check  nrf_drv_uart.o
    0x0001bd14   0x00000044   Code   RO           10    i.requestProductID  main.o
    0x0001bd58   0x00000038   Code   RO           11    i.resetIMU          main.o
    0x0001bd90   0x00000038   Code   RO          521    i.rx_byte           nrf_drv_uart.o
    0x0001bdc8   0x0000001c   Code   RO          522    i.rx_done_event     nrf_drv_uart.o
    0x0001bde4   0x00000038   Code   RO           12    i.sendPacket_IMU    main.o
    0x0001be1c   0x00000098   Code   RO          371    i.twi_clear_bus     nrf_drv_twi.o
    0x0001beb4   0x00000134   Code   RO           13    i.twi_handler       main.o
    0x0001bfe8   0x00000034   Code   RO           14    i.twi_init          main.o
    0x0001c01c   0x0000008c   Code   RO          372    i.twi_rx_start_transfer  nrf_drv_twi.o
    0x0001c0a8   0x0000002e   Code   RO          373    i.twi_send_byte     nrf_drv_twi.o
    0x0001c0d6   0x00000106   Code   RO          374    i.twi_transfer      nrf_drv_twi.o
    0x0001c1dc   0x0000008c   Code   RO          375    i.twi_tx_start_transfer  nrf_drv_twi.o
    0x0001c268   0x0000008c   Code   RO          376    i.twi_xfer          nrf_drv_twi.o
    0x0001c2f4   0x0000002c   Code   RO          524    i.tx_byte           nrf_drv_uart.o
    0x0001c320   0x00000020   Code   RO          525    i.tx_done_event     nrf_drv_uart.o
    0x0001c340   0x00000128   Code   RO          526    i.uart_irq_handler  nrf_drv_uart.o
    0x0001c468   0x00000018   Data   RO           23    .constdata          main.o
    0x0001c480   0x0000001c   Data   RO          378    .constdata          nrf_drv_twi.o
    0x0001c49c   0x00000010   Data   RO          966    .constdata          segger_rtt_printf.o
    0x0001c4ac   0x00000009   Data   RO          892    .conststring        segger_rtt.o
    0x0001c4b5   0x00000003   PAD
    0x0001c4b8   0x00000020   Data   RO         1577    Region$$Table       anon$$obj.o


    Execution Region RW_IRAM1 (Base: 0x20001870, Size: 0x000015e0, Max: 0x00002790, ABSOLUTE)

    Base Addr    Size         Type   Attr      Idx    E Section Name        Object

    0x20001870   0x00000014   Data   RW           28    .data               main.o
    0x20001884   0x0000007c   Data   RW          893    .data               segger_rtt.o
    0x20001900   0x00000004   Data   RW         1098    .data               system_nrf51.o
    0x20001904   0x00000096   Zero   RW           15    .bss                main.o
    0x2000199a   0x00000002   PAD
    0x2000199c   0x00000028   Zero   RW          377    .bss                nrf_drv_twi.o
    0x200019c4   0x0000001c   Zero   RW          527    .bss                nrf_drv_uart.o
    0x200019e0   0x00000400   Zero   RW          890    .bss                segger_rtt.o
    0x20001de0   0x00000010   Zero   RW          891    .bss                segger_rtt.o
    0x20001df0   0x00000060   Zero   RW         1449    .bss                c_p.l(libspace.o)
    0x20001e50   0x00000800   Zero   RW         1087    HEAP                arm_startup_nrf51.o
    0x20002650   0x00000800   Zero   RW         1086    STACK               arm_startup_nrf51.o


==============================================================================

Image component sizes


      Code (inc. data)   RO Data    RW Data    ZI Data      Debug   Object Name

        24          4          0          0          0       2133   app_error.o
        28         10          0          0          0       7050   app_error_weak.o
        84         36        192          0       4096        740   arm_startup_nrf51.o
       748        252         24         20        150      36940   main.o
        58          4          0          0          0       1639   nrf_delay.o
        96         18          0          0          0       7268   nrf_drv_common.o
      1416         70         28          0         40      27576   nrf_drv_twi.o
       490         58          0          0         28      13649   nrf_drv_uart.o
         2          0          0          0          0        456   rtt_syscalls_keil.o
       144          4          9        124       1040       2294   segger_rtt.o
       908          4         16          0          0       6585   segger_rtt_printf.o
       232         36          0          4          0       2199   system_nrf51.o

    ----------------------------------------------------------------------
      4236        496        304        148       5356     108529   Object Totals
         0          0         32          0          0          0   (incl. Generated)
         6          0          3          0          2          0   (incl. Padding)

    ----------------------------------------------------------------------

      Code (inc. data)   RO Data    RW Data    ZI Data      Debug   Library Member Name

         8          0          0          0          0         68   __main.o
         0          0          0          0          0          0   __rtentry.o
        12          0          0          0          0          0   __rtentry2.o
         6          0          0          0          0          0   __rtentry4.o
        60          8          0          0          0          0   __scatter.o
        26          0          0          0          0          0   __scatter_copy.o
        28          0          0          0          0          0   __scatter_zi.o
       346          0          0          0          0         92   aeabi_sdiv.o
        16          0          0          0          0         68   exit.o
         6          0          0          0          0        136   heapauxi.o
         2          0          0          0          0          0   libinit.o
         2          0          0          0          0          0   libinit2.o
         2          0          0          0          0          0   libshutdown.o
         2          0          0          0          0          0   libshutdown2.o
         8          4          0          0         96         68   libspace.o
       186          0          0          0          0        144   rt_memcpy.o
         2          0          0          0          0          0   rtexit.o
        10          0          0          0          0          0   rtexit2.o
        62          0          0          0          0         80   sys_stackheap_outer.o
         2          0          0          0          0         68   use_no_semi.o
         2          0          0          0          0         68   use_no_semi_2.o

    ----------------------------------------------------------------------
       796         12          0          0         96        792   Library Totals
         8          0          0          0          0          0   (incl. Padding)

    ----------------------------------------------------------------------

      Code (inc. data)   RO Data    RW Data    ZI Data      Debug   Library Name

       788         12          0          0         96        792   c_p.l

    ----------------------------------------------------------------------
       796         12          0          0         96        792   Library Totals

    ----------------------------------------------------------------------

==============================================================================


      Code (inc. data)   RO Data    RW Data    ZI Data      Debug   

      5032        508        304        148       5452     107165   Grand Totals
      5032        508        304        148       5452     107165   ELF Image Totals
      5032        508        304        148          0          0   ROM Totals

==============================================================================

    Total RO  Size (Code + RO Data)                 5336 (   5.21kB)
    Total RW  Size (RW Data + ZI Data)              5600 (   5.47kB)
    Total ROM Size (Code + RO Data + RW Data)       5484 (   5.36kB)

==============================================================================

