<html>
<body>
<pre>
<h1>µVision Build Log</h1>
<h2>Tool Versions:</h2>
IDE-Version: µVision V5.21.1.0
Copyright (C) 2016 ARM Ltd and ARM Germany GmbH. All rights reserved.
License Information: Timothy Ndungu, yhtosoft, LIC=----
 
Tool Versions:
Toolchain:       MDK-Lite  Version: 5.21a
Toolchain Path:  C:\Keil_v5\ARM\ARMCC\Bin
C Compiler:      Armcc.exe V5.06 update 3 (build 300)
Assembler:       Armasm.exe V5.06 update 3 (build 300)
Linker/Locator:  ArmLink.exe V5.06 update 3 (build 300)
Library Manager: ArmAr.exe V5.06 update 3 (build 300)
Hex Converter:   FromElf.exe V5.06 update 3 (build 300)
CPU DLL:         SARMCM3.DLL V5.21a
Dialog DLL:      DARMCM1.DLL V1.14.0.0
Target DLL:      Segger\JL2CM3.dll V2.99.23.0
Dialog DLL:      TARMCM1.DLL V1.10.0.0
 
<h2>Project:</h2>
D:\nRF5_SDK_11.0.0_89a8197\examples\peripheral\twi_sensor\pca10028\arm5_no_packs\twi_sensor_pca10028.uvprojx
Project File Date:  03/10/2016

<h2>Output:</h2>
*** Using Compiler 'V5.06 update 3 (build 300)', folder: 'C:\Keil_v5\ARM\ARMCC\Bin'
Build target 'nrf51822_xxaa'
compiling main.c...
..\..\main.c(166): warning:  #69-D: integer conversion resulted in truncation
  const uint8_t B0_rate = 1000000 / reporting_frequency;      // calculate LSB (byte 0)
..\..\main.c(193): warning:  #1295-D: Deprecated declaration set_feature_cmd_QUAT - give arg types
  static void set_feature_cmd_QUAT(); 												// configure quaternion output
..\..\main.c(196): warning:  #1295-D: Deprecated declaration resetIMU - give arg types
  void resetIMU();                                            // reset the IMU
..\..\main.c(197): warning:  #1295-D: Deprecated declaration requestProductID - give arg types
  void requestProductID();                                    // request the product ID
..\..\main.c(360): warning:  #9-D: nested comment is not allowed
                  /* Read 4 bytes from the specified address. 
..\..\main.c(346): warning:  #177-D: variable "m_sample" was declared but never referenced
      static sample_t m_sample;
..\..\main.c(666): warning:  #9-D: nested comment is not allowed
          /* Start transaction with a slave with the specified address. */
..\..\main.c(169): warning:  #177-D: variable "q0" was declared but never referenced
  static float q0,q1,q2,q3;                                		// quaternions q0 = qw 1 = i; 2 = j; 3 = k;
..\..\main.c(169): warning:  #177-D: variable "q1" was declared but never referenced
  static float q0,q1,q2,q3;                                		// quaternions q0 = qw 1 = i; 2 = j; 3 = k;
..\..\main.c(169): warning:  #177-D: variable "q2" was declared but never referenced
  static float q0,q1,q2,q3;                                		// quaternions q0 = qw 1 = i; 2 = j; 3 = k;
..\..\main.c(169): warning:  #177-D: variable "q3" was declared but never referenced
  static float q0,q1,q2,q3;                                		// quaternions q0 = qw 1 = i; 2 = j; 3 = k;
..\..\main.c(171): warning:  #550-D: variable "stat_" was set but never used
  static uint8_t stat_;                                    		// Status (0-3)
..\..\main.c(173): warning:  #550-D: variable "quatI" was set but never used
  static float quatI = 0;
..\..\main.c(174): warning:  #550-D: variable "quatJ" was set but never used
  static float quatJ = 0;
..\..\main.c(175): warning:  #550-D: variable "quatK" was set but never used
  static float quatK = 0;
..\..\main.c(176): warning:  #550-D: variable "quatReal" was set but never used
  static float quatReal = 0;
..\..\main.c(514): warning:  #177-D: function "set_feature_cmd_QUAT" was declared but never referenced
  static void set_feature_cmd_QUAT()// quat_report determines the kind of quaternions (see data sheets)
..\..\main.c(235): warning:  #177-D: function "uart_config" was declared but never referenced
  static void uart_config(void)
..\..\main.c(527): warning:  #177-D: function "get_QUAT" was declared but never referenced
  static void get_QUAT()
..\..\main.c: 19 warnings, 0 errors
linking...
Program Size: Code=4792 RO-data=304 RW-data=148 ZI-data=5428  
FromELF: creating hex file...
".\_build\nrf51422_xxac.axf" - 0 Error(s), 19 Warning(s).

<h2>Software Packages used:</h2>

Package Vendor: ARM
                http://www.keil.com/pack/ARM.CMSIS.4.5.0.pack
                ARM::CMSIS:CORE:4.3.0
                CMSIS (Cortex Microcontroller Software Interface Standard)
   * Component: CORE Version: 4.3.0

Package Vendor: NordicSemiconductor
                http://developer.nordicsemi.com/nRF5_SDK/pieces/nRF_DeviceFamilyPack/NordicSemiconductor.nRF_DeviceFamilyPack.8.5.0.pack
                NordicSemiconductor::Device:Startup:8.5.0
                Nordic Semiconductor nRF ARM devices Device Family Pack.
   * Component: Startup Version: 8.5.0

<h2>Collection of Component include folders:</h2>
  D:\nRF5_SDK_11.0.0_89a8197\examples\peripheral\twi_sensor\pca10028\arm5_no_packs\RTE
  C:\Keil_v5\ARM\PACK\ARM\CMSIS\4.5.0\CMSIS\Include
  C:\Keil_v5\ARM\PACK\NordicSemiconductor\nRF_DeviceFamilyPack\8.17.0\Device\Include
  C:\Keil_v5\ARM\PACK\NordicSemiconductor\nRF_DeviceFamilyPack\8.5.0\Device\Include

<h2>Collection of Component Files used:</h2>

   * Component: ARM::CMSIS:CORE:4.3.0

   * Component: NordicSemiconductor::Device:Startup:8.5.0
      Source file:   Device\Source\arm\arm_startup_nrf51.s
      Source file:   Device\Source\system_nrf51.c
      Include file:  Device\Include\system_nrf51.h
Build Time Elapsed:  00:00:00
</pre>
</body>
</html>
